******************************************************************************
                  TI ARM Linker PC v18.12.1                    
******************************************************************************
>> Linked Fri Jun 12 18:30:19 2020

OUTPUT FILE NAME:   <BlinkTest.out>
ENTRY POINT SYMBOL: "_c_int00_noargs"  address: 00001a69


MEMORY CONFIGURATION

         name            origin    length      used     unused   attr    fill
----------------------  --------  ---------  --------  --------  ----  --------
  FLASH                 00000000   00040000  00001daa  0003e256  R  X
  SRAM                  20000000   00008000  00000870  00007790  RW X


SEGMENT ALLOCATION MAP

run origin  load origin   length   init length attrs members
----------  ----------- ---------- ----------- ----- -------
00000000    00000000    00001db0   00001db0    r-x
  00000000    00000000    0000026c   0000026c    r-- .intvecs
  0000026c    0000026c    00001980   00001980    r-x .text
  00001bec    00001bec    0000017e   0000017e    r-- .const
  00001d70    00001d70    00000040   00000040    r-- .cinit
20000000    20000000    00000870   00000000    rw-
  20000000    20000000    0000026c   00000000    rw- .vtable
  2000026c    2000026c    00000400   00000000    rw- .bss
  2000066c    2000066c    00000004   00000000    rw- .data
  20000670    20000670    00000200   00000000    rw- .stack


SECTION ALLOCATION MAP

 output                                  attributes/
section   page    origin      length       input sections
--------  ----  ----------  ----------   ----------------
.intvecs   0    00000000    0000026c     
                  00000000    0000026c     tm4c1232h6pm_startup_ccs.obj (.intvecs)

.text      0    0000026c    00001980     
                  0000026c    00000e38     Can.obj (.text)
                  000010a4    00000136     driverlib.lib : can.obj (.text:CANMessageSet)
                  000011da    00000132                   : gpio.obj (.text:GPIOPadConfigSet)
                  0000130c    00000110                   : sysctl.obj (.text:SysCtlClockGet)
                  0000141c    0000010e                   : can.obj (.text:CANMessageGet)
                  0000152a    00000002     --HOLE-- [fill = 0]
                  0000152c    000000c8     main.obj (.text)
                  000015f4    0000009c     rtsv7M4_T_le_v4SPD16_eabi.lib : memcpy_t2.asm.obj (.text)
                  00001690    0000007a                                   : memset_t2.asm.obj (.text)
                  0000170a    00000002     --HOLE-- [fill = 0]
                  0000170c    00000068     driverlib.lib : interrupt.obj (.text:IntDisable)
                  00001774    00000068                   : interrupt.obj (.text:IntEnable)
                  000017dc    00000068     rtsv7M4_T_le_v4SPD16_eabi.lib : copy_decompress_lzss.c.obj (.text:decompress:lzss:__TI_decompress_lzss)
                  00001844    0000005c     driverlib.lib : can.obj (.text:_CANIntNumberGet)
                  000018a0    00000058                   : can.obj (.text:CANBitTimingSet)
                  000018f8    00000048                   : gpio.obj (.text:GPIOPinConfigure)
                  00001940    00000044     rtsv7M4_T_le_v4SPD16_eabi.lib : autoinit.c.obj (.text:__TI_auto_init_nobinit_nopinit:__TI_auto_init_nobinit_nopinit)
                  00001984    00000040     driverlib.lib : can.obj (.text:CANStatusGet)
                  000019c4    0000003a                   : can.obj (.text:CANInit)
                  000019fe    00000002     --HOLE-- [fill = 0]
                  00001a00    00000034                   : interrupt.obj (.text:IntRegister)
                  00001a34    00000034                   : sysctl.obj (.text:SysCtlPeripheralEnable)
                  00001a68    00000034     rtsv7M4_T_le_v4SPD16_eabi.lib : boot_cortex_m.c.obj (.text:_c_int00_noargs:_c_int00_noargs)
                  00001a9c    0000002a     driverlib.lib : gpio.obj (.text:GPIODirModeSet)
                  00001ac6    0000002a                   : can.obj (.text:_CANDataRegRead)
                  00001af0    00000024                   : can.obj (.text:_CANDataRegWrite)
                  00001b14    00000020                   : can.obj (.text:CANIntStatus)
                  00001b34    00000018                   : can.obj (.text:CANIntRegister)
                  00001b4c    00000014     Can_interrupt.obj (.text)
                  00001b60    00000012     driverlib.lib : gpio.obj (.text:GPIOPinTypeCAN)
                  00001b72    00000012                   : gpio.obj (.text:GPIOPinTypeUART)
                  00001b84    0000000e     rtsv7M4_T_le_v4SPD16_eabi.lib : copy_decompress_none.c.obj (.text:decompress:none:__TI_decompress_none)
                  00001b92    0000000c                                   : copy_zero_init.c.obj (.text:decompress:ZI:__TI_zero_init)
                  00001b9e    0000000c     tm4c1232h6pm_startup_ccs.obj (.text)
                  00001baa    0000000a     driverlib.lib : can.obj (.text:CANDisable)
                  00001bb4    0000000a                   : can.obj (.text:CANEnable)
                  00001bbe    0000000a                   : can.obj (.text:CANIntDisable)
                  00001bc8    00000008                   : can.obj (.text:CANIntEnable)
                  00001bd0    00000008     MCU.obj (.text)
                  00001bd8    00000006     driverlib.lib : sysctl.obj (.text:SysCtlDelay)
                  00001bde    00000006                   : uart.obj (.text:UARTClockSourceSet)
                  00001be4    00000004     rtsv7M4_T_le_v4SPD16_eabi.lib : pre_init.c.obj (.text:_system_pre_init)
                  00001be8    00000004                                   : exit.c.obj (.text:abort:abort)

.const     0    00001bec    0000017e     
                  00001bec    00000090     driverlib.lib : gpio.obj (.const:g_pui32GPIOBaseAddrs)
                  00001c7c    00000070                   : interrupt.obj (.const)
                  00001cec    0000006c                   : sysctl.obj (.const:g_pui32Xtals)
                  00001d58    00000010     main.obj (.const:$P$T1$2)
                  00001d68    00000002     main.obj (.const:.string:$P$T0$1)

.cinit     0    00001d70    00000040     
                  00001d70    0000000c     (__TI_handler_table)
                  00001d7c    00000004     --HOLE-- [fill = 0]
                  00001d80    00000008     (.cinit..bss.load) [load image, compression = zero_init]
                  00001d88    00000008     (.cinit..data.load) [load image, compression = lzss]
                  00001d90    00000008     (.cinit..vtable.load) [load image, compression = zero_init]
                  00001d98    00000018     (__TI_cinit_table)

.init_array 
*          0    00000000    00000000     UNINITIALIZED

.vtable    0    20000000    0000026c     UNINITIALIZED
                  20000000    0000026c     driverlib.lib : interrupt.obj (.vtable)

.bss       0    2000026c    00000400     UNINITIALIZED
                  2000026c    000002d0     (.common:CanHardwareObject)
                  2000053c    000000c0     (.common:Can_MailBoxLookUpTables)
                  200005fc    00000048     (.common:CanControllerBaudrateConfig)
                  20000644    00000020     (.common:CanController)
                  20000664    00000004     Can.obj (.bss:Can_ControllerMode)
                  20000668    00000004     Can.obj (.bss:IntDisableCount)

.data      0    2000066c    00000004     UNINITIALIZED
                  2000066c    00000002     Can.obj (.data)
                  2000066e    00000002     Can.obj (.data:state_transition_flag)

.stack     0    20000670    00000200     UNINITIALIZED
                  20000670    00000004     rtsv7M4_T_le_v4SPD16_eabi.lib : boot_cortex_m.c.obj (.stack)
                  20000674    000001fc     --HOLE--

MODULE SUMMARY

       Module                         code   ro data   rw data
       ------                         ----   -------   -------
    .\
       Can.obj                        3640   0         1028   
       tm4c1232h6pm_startup_ccs.obj   12     620       0      
       main.obj                       200    18        0      
       Can_interrupt.obj              20     0         0      
       MCU.obj                        8      0         0      
    +--+------------------------------+------+---------+---------+
       Total:                         3880   638       1028   
                                                              
    C:\ti\ccs901\ccs\tools\compiler\ti-cgt-arm_18.12.1.LTS\lib\rtsv7M4_T_le_v4SPD16_eabi.lib
       memcpy_t2.asm.obj              156    0         0      
       memset_t2.asm.obj              122    0         0      
       copy_decompress_lzss.c.obj     104    0         0      
       autoinit.c.obj                 68     0         0      
       boot_cortex_m.c.obj            52     0         0      
       copy_decompress_none.c.obj     14     0         0      
       copy_zero_init.c.obj           12     0         0      
       exit.c.obj                     4      0         0      
       pre_init.c.obj                 4      0         0      
    +--+------------------------------+------+---------+---------+
       Total:                         536    0         0      
                                                              
    D:/ITI/AUTO SAR/Code Composer/TivaWare_C_Series-2.1.4.178/driverlib/ccs/Debug/driverlib.lib
       can.obj                        1054   0         0      
       interrupt.obj                  260    112       620    
       gpio.obj                       456    144       0      
       sysctl.obj                     330    108       0      
       uart.obj                       6      0         0      
    +--+------------------------------+------+---------+---------+
       Total:                         2106   364       620    
                                                              
       Stack:                         0      0         512    
       Linker Generated:              0      60        0      
    +--+------------------------------+------+---------+---------+
       Grand Total:                   6522   1062      2160   


LINKER GENERATED COPY TABLES

__TI_cinit_table @ 00001d98 records: 3, size/record: 8, table size: 24
	.bss: load addr=00001d80, load size=00000008 bytes, run addr=2000026c, run size=00000400 bytes, compression=zero_init
	.data: load addr=00001d88, load size=00000008 bytes, run addr=2000066c, run size=00000004 bytes, compression=lzss
	.vtable: load addr=00001d90, load size=00000008 bytes, run addr=20000000, run size=0000026c bytes, compression=zero_init


LINKER GENERATED HANDLER TABLE

__TI_handler_table @ 00001d70 records: 3, size/record: 4, table size: 12
	index: 0, handler: __TI_zero_init
	index: 1, handler: __TI_decompress_lzss
	index: 2, handler: __TI_decompress_none


GLOBAL SYMBOLS: SORTED ALPHABETICALLY BY Name 

address   name                           
-------   ----                           
00001be9  C$$EXIT                        
000018a1  CANBitTimingSet                
00001bab  CANDisable                     
00001bb5  CANEnable                      
000019c5  CANInit                        
00001bbf  CANIntDisable                  
00001bc9  CANIntEnable                   
00001b35  CANIntRegister                 
00001b15  CANIntStatus                   
0000141d  CANMessageGet                  
000010a5  CANMessageSet                  
00001985  CANStatusGet                   
00000803  CAN_IRQHandler                 
00001b4d  Can0_InterruptHandler          
00001b57  Can1_InterruptHandler          
20000644  CanController                  
200005fc  CanControllerBaudrateConfig    
2000026c  CanHardwareObject              
00000b39  Can_DeInit                     
00000729  Can_DisableControllerInterrupts
00000783  Can_EnableControllerInterrupts 
00001577  Can_GPIO_Init                  
00000fe5  Can_GetControllerErrorState    
0000052f  Can_GetControllerMode          
00000a01  Can_Init                       
2000053c  Can_MailBoxLookUpTables        
00000685  Can_MainFunction_Mode          
000005a9  Can_MainFunction_Read          
00000e91  Can_Main_Function_Write        
00001567  Can_Mcu_Init                   
00000d7d  Can_SetBaudrate                
0000026d  Can_SetControllerMode          
00000bc1  Can_Write                      
00001a9d  GPIODirModeSet                 
000011db  GPIOPadConfigSet               
000018f9  GPIOPinConfigure               
00001b61  GPIOPinTypeCAN                 
00001b73  GPIOPinTypeUART                
0000158f  InitConsole                    
0000170d  IntDisable                     
00001775  IntEnable                      
00001a01  IntRegister                    
00001bd1  Mcu_GetSysCloock               
00001b9f  ResetISR                       
000015bf  SimpleDelay                    
0000130d  SysCtlClockGet                 
00001bd9  SysCtlDelay                    
00001a35  SysCtlPeripheralEnable         
00001bdf  UARTClockSourceSet             
20000870  __STACK_END                    
00000200  __STACK_SIZE                   
20000870  __STACK_TOP                    
00001d98  __TI_CINIT_Base                
00001db0  __TI_CINIT_Limit               
00001d70  __TI_Handler_Table_Base        
00001d7c  __TI_Handler_Table_Limit       
00001941  __TI_auto_init_nobinit_nopinit 
000017dd  __TI_decompress_lzss           
00001b85  __TI_decompress_none           
ffffffff  __TI_pprof_out_hndl            
ffffffff  __TI_prof_data_size            
ffffffff  __TI_prof_data_start           
00000000  __TI_static_base__             
00001b93  __TI_zero_init                 
00001691  __aeabi_memclr                 
00001691  __aeabi_memclr4                
00001691  __aeabi_memclr8                
000015f5  __aeabi_memcpy                 
000015f5  __aeabi_memcpy4                
000015f5  __aeabi_memcpy8                
00001693  __aeabi_memset                 
00001693  __aeabi_memset4                
00001693  __aeabi_memset8                
ffffffff  __binit__                      
ffffffff  __c_args__                     
UNDEFED   __mpu_init                     
20000670  __stack                        
00001a69  _c_int00_noargs                
UNDEFED   _system_post_cinit             
00001be5  _system_pre_init               
00001be9  abort                          
ffffffff  binit                          
20000000  g_pfnRAMVectors                
00000000  g_pfnVectors                   
0000152d  main                           
000015f5  memcpy                         
00001699  memset                         


GLOBAL SYMBOLS: SORTED BY Symbol Address 

address   name                           
-------   ----                           
00000000  __TI_static_base__             
00000000  g_pfnVectors                   
00000200  __STACK_SIZE                   
0000026d  Can_SetControllerMode          
0000052f  Can_GetControllerMode          
000005a9  Can_MainFunction_Read          
00000685  Can_MainFunction_Mode          
00000729  Can_DisableControllerInterrupts
00000783  Can_EnableControllerInterrupts 
00000803  CAN_IRQHandler                 
00000a01  Can_Init                       
00000b39  Can_DeInit                     
00000bc1  Can_Write                      
00000d7d  Can_SetBaudrate                
00000e91  Can_Main_Function_Write        
00000fe5  Can_GetControllerErrorState    
000010a5  CANMessageSet                  
000011db  GPIOPadConfigSet               
0000130d  SysCtlClockGet                 
0000141d  CANMessageGet                  
0000152d  main                           
00001567  Can_Mcu_Init                   
00001577  Can_GPIO_Init                  
0000158f  InitConsole                    
000015bf  SimpleDelay                    
000015f5  __aeabi_memcpy                 
000015f5  __aeabi_memcpy4                
000015f5  __aeabi_memcpy8                
000015f5  memcpy                         
00001691  __aeabi_memclr                 
00001691  __aeabi_memclr4                
00001691  __aeabi_memclr8                
00001693  __aeabi_memset                 
00001693  __aeabi_memset4                
00001693  __aeabi_memset8                
00001699  memset                         
0000170d  IntDisable                     
00001775  IntEnable                      
000017dd  __TI_decompress_lzss           
000018a1  CANBitTimingSet                
000018f9  GPIOPinConfigure               
00001941  __TI_auto_init_nobinit_nopinit 
00001985  CANStatusGet                   
000019c5  CANInit                        
00001a01  IntRegister                    
00001a35  SysCtlPeripheralEnable         
00001a69  _c_int00_noargs                
00001a9d  GPIODirModeSet                 
00001b15  CANIntStatus                   
00001b35  CANIntRegister                 
00001b4d  Can0_InterruptHandler          
00001b57  Can1_InterruptHandler          
00001b61  GPIOPinTypeCAN                 
00001b73  GPIOPinTypeUART                
00001b85  __TI_decompress_none           
00001b93  __TI_zero_init                 
00001b9f  ResetISR                       
00001bab  CANDisable                     
00001bb5  CANEnable                      
00001bbf  CANIntDisable                  
00001bc9  CANIntEnable                   
00001bd1  Mcu_GetSysCloock               
00001bd9  SysCtlDelay                    
00001bdf  UARTClockSourceSet             
00001be5  _system_pre_init               
00001be9  C$$EXIT                        
00001be9  abort                          
00001d70  __TI_Handler_Table_Base        
00001d7c  __TI_Handler_Table_Limit       
00001d98  __TI_CINIT_Base                
00001db0  __TI_CINIT_Limit               
20000000  g_pfnRAMVectors                
2000026c  CanHardwareObject              
2000053c  Can_MailBoxLookUpTables        
200005fc  CanControllerBaudrateConfig    
20000644  CanController                  
20000670  __stack                        
20000870  __STACK_END                    
20000870  __STACK_TOP                    
ffffffff  __TI_pprof_out_hndl            
ffffffff  __TI_prof_data_size            
ffffffff  __TI_prof_data_start           
ffffffff  __binit__                      
ffffffff  __c_args__                     
ffffffff  binit                          
UNDEFED   __mpu_init                     
UNDEFED   _system_post_cinit             

[87 symbols]
