<?xml version="1.0" encoding="ISO-8859-1" ?>
<link_info>
   <banner>TI ARM Linker PC v18.12.1.LTS</banner>
   <copyright>Copyright (c) 1996-2018 Texas Instruments Incorporated</copyright>
   <link_time>0x5ee66b6a</link_time>
   <link_errors>0x0</link_errors>
   <output_file>freertos_demo.out</output_file>
   <entry_point>
      <name>_c_int00_noargs</name>
      <address>0x1d65</address>
   </entry_point>
   <input_file_list>
      <input_file id="fl-2">
         <path>.\</path>
         <kind>object</kind>
         <file>CanAUTO.obj</file>
         <name>CanAUTO.obj</name>
      </input_file>
      <input_file id="fl-3">
         <path>.\</path>
         <kind>object</kind>
         <file>Can_interrupt.obj</file>
         <name>Can_interrupt.obj</name>
      </input_file>
      <input_file id="fl-4">
         <path>.\</path>
         <kind>object</kind>
         <file>Can_lcfg.obj</file>
         <name>Can_lcfg.obj</name>
      </input_file>
      <input_file id="fl-5">
         <path>.\</path>
         <kind>object</kind>
         <file>MCU.obj</file>
         <name>MCU.obj</name>
      </input_file>
      <input_file id="fl-6">
         <path>.\</path>
         <kind>object</kind>
         <file>can.obj</file>
         <name>can.obj</name>
      </input_file>
      <input_file id="fl-7">
         <path>.\</path>
         <kind>object</kind>
         <file>freertos_demo.obj</file>
         <name>freertos_demo.obj</name>
      </input_file>
      <input_file id="fl-8">
         <path>.\</path>
         <kind>object</kind>
         <file>led_task.obj</file>
         <name>led_task.obj</name>
      </input_file>
      <input_file id="fl-9">
         <path>.\</path>
         <kind>object</kind>
         <file>main.obj</file>
         <name>main.obj</name>
      </input_file>
      <input_file id="fl-a">
         <path>.\</path>
         <kind>object</kind>
         <file>startup_ccs.obj</file>
         <name>startup_ccs.obj</name>
      </input_file>
      <input_file id="fl-b">
         <path>.\drivers\</path>
         <kind>object</kind>
         <file>buttons.obj</file>
         <name>buttons.obj</name>
      </input_file>
      <input_file id="fl-c">
         <path>.\drivers\</path>
         <kind>object</kind>
         <file>rgb.obj</file>
         <name>rgb.obj</name>
      </input_file>
      <input_file id="fl-d">
         <path>.\third_party\FreeRTOS\Source\</path>
         <kind>object</kind>
         <file>list.obj</file>
         <name>list.obj</name>
      </input_file>
      <input_file id="fl-e">
         <path>.\third_party\FreeRTOS\Source\</path>
         <kind>object</kind>
         <file>queue.obj</file>
         <name>queue.obj</name>
      </input_file>
      <input_file id="fl-f">
         <path>.\third_party\FreeRTOS\Source\</path>
         <kind>object</kind>
         <file>tasks.obj</file>
         <name>tasks.obj</name>
      </input_file>
      <input_file id="fl-10">
         <path>.\third_party\FreeRTOS\Source\portable\CCS\ARM_CM4F\</path>
         <kind>object</kind>
         <file>port.obj</file>
         <name>port.obj</name>
      </input_file>
      <input_file id="fl-11">
         <path>.\third_party\FreeRTOS\Source\portable\CCS\ARM_CM4F\</path>
         <kind>object</kind>
         <file>portasm.obj</file>
         <name>portasm.obj</name>
      </input_file>
      <input_file id="fl-12">
         <path>.\third_party\FreeRTOS\Source\portable\MemMang\</path>
         <kind>object</kind>
         <file>heap_2.obj</file>
         <name>heap_2.obj</name>
      </input_file>
      <input_file id="fl-13">
         <path>.\utils\</path>
         <kind>object</kind>
         <file>uartstdio.obj</file>
         <name>uartstdio.obj</name>
      </input_file>
      <input_file id="fl-14">
         <path>.\utils\</path>
         <kind>object</kind>
         <file>ustdlib.obj</file>
         <name>ustdlib.obj</name>
      </input_file>
      <input_file id="fl-19">
         <kind>object</kind>
         <file>&lt;internal&gt;</file>
         <name>&lt;internal&gt;</name>
      </input_file>
      <input_file id="fl-cf">
         <path>C:\ti\ccs901\ccs\tools\compiler\ti-cgt-arm_18.12.1.LTS\lib\</path>
         <kind>archive</kind>
         <file>rtsv7M4_T_le_v4SPD16_eabi.lib</file>
         <name>fs_toull_t2.asm.obj</name>
      </input_file>
      <input_file id="fl-d0">
         <path>C:\ti\ccs901\ccs\tools\compiler\ti-cgt-arm_18.12.1.LTS\lib\</path>
         <kind>archive</kind>
         <file>rtsv7M4_T_le_v4SPD16_eabi.lib</file>
         <name>memcpy_t2.asm.obj</name>
      </input_file>
      <input_file id="fl-d1">
         <path>C:\ti\ccs901\ccs\tools\compiler\ti-cgt-arm_18.12.1.LTS\lib\</path>
         <kind>archive</kind>
         <file>rtsv7M4_T_le_v4SPD16_eabi.lib</file>
         <name>u_divt2.asm.obj</name>
      </input_file>
      <input_file id="fl-d2">
         <path>C:\ti\ccs901\ccs\tools\compiler\ti-cgt-arm_18.12.1.LTS\lib\</path>
         <kind>archive</kind>
         <file>rtsv7M4_T_le_v4SPD16_eabi.lib</file>
         <name>memset_t2.asm.obj</name>
      </input_file>
      <input_file id="fl-d3">
         <path>C:\ti\ccs901\ccs\tools\compiler\ti-cgt-arm_18.12.1.LTS\lib\</path>
         <kind>archive</kind>
         <file>rtsv7M4_T_le_v4SPD16_eabi.lib</file>
         <name>copy_zero_init.c.obj</name>
      </input_file>
      <input_file id="fl-d4">
         <path>C:\ti\ccs901\ccs\tools\compiler\ti-cgt-arm_18.12.1.LTS\lib\</path>
         <kind>archive</kind>
         <file>rtsv7M4_T_le_v4SPD16_eabi.lib</file>
         <name>copy_decompress_none.c.obj</name>
      </input_file>
      <input_file id="fl-d5">
         <path>C:\ti\ccs901\ccs\tools\compiler\ti-cgt-arm_18.12.1.LTS\lib\</path>
         <kind>archive</kind>
         <file>rtsv7M4_T_le_v4SPD16_eabi.lib</file>
         <name>copy_decompress_lzss.c.obj</name>
      </input_file>
      <input_file id="fl-d6">
         <path>C:\ti\ccs901\ccs\tools\compiler\ti-cgt-arm_18.12.1.LTS\lib\</path>
         <kind>archive</kind>
         <file>rtsv7M4_T_le_v4SPD16_eabi.lib</file>
         <name>boot_cortex_m.c.obj</name>
      </input_file>
      <input_file id="fl-d7">
         <path>C:\ti\ccs901\ccs\tools\compiler\ti-cgt-arm_18.12.1.LTS\lib\</path>
         <kind>archive</kind>
         <file>rtsv7M4_T_le_v4SPD16_eabi.lib</file>
         <name>div0.asm.obj</name>
      </input_file>
      <input_file id="fl-d8">
         <path>C:\ti\ccs901\ccs\tools\compiler\ti-cgt-arm_18.12.1.LTS\lib\</path>
         <kind>archive</kind>
         <file>rtsv7M4_T_le_v4SPD16_eabi.lib</file>
         <name>autoinit.c.obj</name>
      </input_file>
      <input_file id="fl-d9">
         <path>C:\ti\ccs901\ccs\tools\compiler\ti-cgt-arm_18.12.1.LTS\lib\</path>
         <kind>archive</kind>
         <file>rtsv7M4_T_le_v4SPD16_eabi.lib</file>
         <name>pre_init.c.obj</name>
      </input_file>
      <input_file id="fl-da">
         <path>C:\ti\ccs901\ccs\tools\compiler\ti-cgt-arm_18.12.1.LTS\lib\</path>
         <kind>archive</kind>
         <file>rtsv7M4_T_le_v4SPD16_eabi.lib</file>
         <name>cpy_tbl.c.obj</name>
      </input_file>
      <input_file id="fl-db">
         <path>C:\ti\ccs901\ccs\tools\compiler\ti-cgt-arm_18.12.1.LTS\lib\</path>
         <kind>archive</kind>
         <file>rtsv7M4_T_le_v4SPD16_eabi.lib</file>
         <name>exit.c.obj</name>
      </input_file>
      <input_file id="fl-dc">
         <path>C:\ti\ccs901\ccs\tools\compiler\ti-cgt-arm_18.12.1.LTS\lib\</path>
         <kind>archive</kind>
         <file>rtsv7M4_T_le_v4SPD16_eabi.lib</file>
         <name>_lock.c.obj</name>
      </input_file>
      <input_file id="fl-dd">
         <path>C:\ti\ccs901\ccs\tools\compiler\ti-cgt-arm_18.12.1.LTS\lib\</path>
         <kind>archive</kind>
         <file>rtsv7M4_T_le_v4SPD16_eabi.lib</file>
         <name>args_main.c.obj</name>
      </input_file>
      <input_file id="fl-de">
         <path>D:\ITI\AUTO SAR\Code Composer\TivaWare_C_Series-2.1.4.178\driverlib\ccs\Debug\</path>
         <kind>archive</kind>
         <file>driverlib.lib</file>
         <name>gpio.obj</name>
      </input_file>
      <input_file id="fl-df">
         <path>D:\ITI\AUTO SAR\Code Composer\TivaWare_C_Series-2.1.4.178\driverlib\ccs\Debug\</path>
         <kind>archive</kind>
         <file>driverlib.lib</file>
         <name>interrupt.obj</name>
      </input_file>
      <input_file id="fl-e0">
         <path>D:\ITI\AUTO SAR\Code Composer\TivaWare_C_Series-2.1.4.178\driverlib\ccs\Debug\</path>
         <kind>archive</kind>
         <file>driverlib.lib</file>
         <name>sysctl.obj</name>
      </input_file>
      <input_file id="fl-e1">
         <path>D:\ITI\AUTO SAR\Code Composer\TivaWare_C_Series-2.1.4.178\driverlib\ccs\Debug\</path>
         <kind>archive</kind>
         <file>driverlib.lib</file>
         <name>uart.obj</name>
      </input_file>
      <input_file id="fl-e2">
         <path>D:\ITI\AUTO SAR\Code Composer\TivaWare_C_Series-2.1.4.178\driverlib\ccs\Debug\</path>
         <kind>archive</kind>
         <file>driverlib.lib</file>
         <name>cpu.obj</name>
      </input_file>
   </input_file_list>
   <object_component_list>
      <object_component id="oc-f">
         <name>.intvecs</name>
         <load_address>0x0</load_address>
         <run_address>0x0</run_address>
         <size>0x26c</size>
         <input_file_ref idref="fl-a"/>
      </object_component>
      <object_component id="oc-184">
         <name>.text:Can_SetControllerMode</name>
         <load_address>0x26c</load_address>
         <run_address>0x26c</run_address>
         <size>0x218</size>
         <input_file_ref idref="fl-2"/>
      </object_component>
      <object_component id="oc-280">
         <name>.text:UARTvprintf</name>
         <load_address>0x484</load_address>
         <run_address>0x484</run_address>
         <size>0x1ea</size>
         <input_file_ref idref="fl-13"/>
      </object_component>
      <object_component id="oc-36c">
         <name>.text:GPIOPadConfigSet</name>
         <load_address>0x66e</load_address>
         <run_address>0x66e</run_address>
         <size>0x132</size>
         <input_file_ref idref="fl-de"/>
      </object_component>
      <object_component id="oc-3aa">
         <name>.text:CANMessageSet</name>
         <load_address>0x7a0</load_address>
         <run_address>0x7a0</run_address>
         <size>0x130</size>
         <input_file_ref idref="fl-6"/>
      </object_component>
      <object_component id="oc-12f">
         <name>.text:CANMessageGet</name>
         <load_address>0x8d0</load_address>
         <run_address>0x8d0</run_address>
         <size>0x116</size>
         <input_file_ref idref="fl-6"/>
      </object_component>
      <object_component id="oc-30">
         <name>.text:FaultISR</name>
         <load_address>0x9e6</load_address>
         <run_address>0x9e6</run_address>
         <size>0x2</size>
         <input_file_ref idref="fl-a"/>
      </object_component>
      <object_component id="oc-293">
         <name>.text:SysCtlClockGet</name>
         <load_address>0x9e8</load_address>
         <run_address>0x9e8</run_address>
         <size>0x110</size>
         <input_file_ref idref="fl-e0"/>
      </object_component>
      <object_component id="oc-a4">
         <name>.text:xTaskIncrementTick</name>
         <load_address>0xaf8</load_address>
         <run_address>0xaf8</run_address>
         <size>0x104</size>
         <input_file_ref idref="fl-f"/>
      </object_component>
      <object_component id="oc-18a">
         <name>.text:xTaskGenericCreate</name>
         <load_address>0xbfc</load_address>
         <run_address>0xbfc</run_address>
         <size>0x100</size>
         <input_file_ref idref="fl-f"/>
      </object_component>
      <object_component id="oc-254">
         <name>.text:SysCtlClockSet</name>
         <load_address>0xcfc</load_address>
         <run_address>0xcfc</run_address>
         <size>0xf4</size>
         <input_file_ref idref="fl-e0"/>
      </object_component>
      <object_component id="oc-419">
         <name>.text:xTaskResumeAll</name>
         <load_address>0xdf0</load_address>
         <run_address>0xdf0</run_address>
         <size>0xe4</size>
         <input_file_ref idref="fl-f"/>
      </object_component>
      <object_component id="oc-2ab">
         <name>.text:Can_ConfigureHardwareObject</name>
         <load_address>0xed4</load_address>
         <run_address>0xed4</run_address>
         <size>0xdc</size>
         <input_file_ref idref="fl-2"/>
      </object_component>
      <object_component id="oc-3c">
         <name>.text</name>
         <load_address>0xfb0</load_address>
         <run_address>0xfb0</run_address>
         <size>0xd2</size>
         <input_file_ref idref="fl-11"/>
      </object_component>
      <object_component id="oc-36">
         <name>.text:IntDefaultHandler</name>
         <load_address>0x1082</load_address>
         <run_address>0x1082</run_address>
         <size>0x2</size>
         <input_file_ref idref="fl-a"/>
      </object_component>
      <object_component id="oc-178">
         <name>.text:Can_Init</name>
         <load_address>0x1084</load_address>
         <run_address>0x1084</run_address>
         <size>0xc8</size>
         <input_file_ref idref="fl-2"/>
      </object_component>
      <object_component id="oc-3c8">
         <name>.text:pvPortMalloc</name>
         <load_address>0x114c</load_address>
         <run_address>0x114c</run_address>
         <size>0xac</size>
         <input_file_ref idref="fl-12"/>
      </object_component>
      <object_component id="oc-61">
         <name>.text</name>
         <load_address>0x11f8</load_address>
         <run_address>0x11f8</run_address>
         <size>0x9c</size>
         <input_file_ref idref="fl-d0"/>
      </object_component>
      <object_component id="oc-320">
         <name>.text:Can_MainFunction_Read</name>
         <load_address>0x1294</load_address>
         <run_address>0x1294</run_address>
         <size>0x98</size>
         <input_file_ref idref="fl-2"/>
      </object_component>
      <object_component id="oc-9d">
         <name>.text:vTaskSwitchContext</name>
         <load_address>0x132c</load_address>
         <run_address>0x132c</run_address>
         <size>0x8c</size>
         <input_file_ref idref="fl-f"/>
      </object_component>
      <object_component id="oc-ab">
         <name>.text:CAN_IRQHandler</name>
         <load_address>0x13b8</load_address>
         <run_address>0x13b8</run_address>
         <size>0x80</size>
         <input_file_ref idref="fl-2"/>
      </object_component>
      <object_component id="oc-d4">
         <name>.text</name>
         <load_address>0x1438</load_address>
         <run_address>0x1438</run_address>
         <size>0x7a</size>
         <input_file_ref idref="fl-d2"/>
      </object_component>
      <object_component id="oc-2a">
         <name>.text:NmiSR</name>
         <load_address>0x14b2</load_address>
         <run_address>0x14b2</run_address>
         <size>0x2</size>
         <input_file_ref idref="fl-a"/>
      </object_component>
      <object_component id="oc-e0">
         <name>.text:main</name>
         <load_address>0x14b4</load_address>
         <run_address>0x14b4</run_address>
         <size>0x70</size>
         <input_file_ref idref="fl-7"/>
      </object_component>
      <object_component id="oc-2c4">
         <name>.text:IntDisable</name>
         <load_address>0x1524</load_address>
         <run_address>0x1524</run_address>
         <size>0x68</size>
         <input_file_ref idref="fl-df"/>
      </object_component>
      <object_component id="oc-2d7">
         <name>.text:IntEnable</name>
         <load_address>0x158c</load_address>
         <run_address>0x158c</run_address>
         <size>0x68</size>
         <input_file_ref idref="fl-df"/>
      </object_component>
      <object_component id="oc-12">
         <name>.text:decompress:lzss:__TI_decompress_lzss</name>
         <load_address>0x15f4</load_address>
         <run_address>0x15f4</run_address>
         <size>0x68</size>
         <input_file_ref idref="fl-d5"/>
      </object_component>
      <object_component id="oc-279">
         <name>.text:UARTStdioConfig</name>
         <load_address>0x165c</load_address>
         <run_address>0x165c</run_address>
         <size>0x60</size>
         <input_file_ref idref="fl-13"/>
      </object_component>
      <object_component id="oc-304">
         <name>.text:prvInitialiseTaskLists</name>
         <load_address>0x16bc</load_address>
         <run_address>0x16bc</run_address>
         <size>0x60</size>
         <input_file_ref idref="fl-f"/>
      </object_component>
      <object_component id="oc-190">
         <name>.text:vTaskStartScheduler</name>
         <load_address>0x171c</load_address>
         <run_address>0x171c</run_address>
         <size>0x60</size>
         <input_file_ref idref="fl-f"/>
      </object_component>
      <object_component id="oc-398">
         <name>.text:_CANIntNumberGet</name>
         <load_address>0x177c</load_address>
         <run_address>0x177c</run_address>
         <size>0x5c</size>
         <input_file_ref idref="fl-6"/>
      </object_component>
      <object_component id="oc-326">
         <name>.text:vTaskDelay</name>
         <load_address>0x17d8</load_address>
         <run_address>0x17d8</run_address>
         <size>0x5c</size>
         <input_file_ref idref="fl-f"/>
      </object_component>
      <object_component id="oc-405">
         <name>.text:prvCheckTasksWaitingTermination</name>
         <load_address>0x1834</load_address>
         <run_address>0x1834</run_address>
         <size>0x58</size>
         <input_file_ref idref="fl-f"/>
      </object_component>
      <object_component id="oc-2f2">
         <name>.text:prvInitialiseTCBVariables</name>
         <load_address>0x188c</load_address>
         <run_address>0x188c</run_address>
         <size>0x56</size>
         <input_file_ref idref="fl-f"/>
      </object_component>
      <object_component id="oc-299">
         <name>.text:CANBitTimingSet</name>
         <load_address>0x18e2</load_address>
         <run_address>0x18e2</run_address>
         <size>0x52</size>
         <input_file_ref idref="fl-6"/>
      </object_component>
      <object_component id="oc-166">
         <name>.text:Can_Mcu_Init</name>
         <load_address>0x1934</load_address>
         <run_address>0x1934</run_address>
         <size>0x50</size>
         <input_file_ref idref="fl-9"/>
      </object_component>
      <object_component id="oc-16c">
         <name>.text:InitConsole</name>
         <load_address>0x1984</load_address>
         <run_address>0x1984</run_address>
         <size>0x50</size>
         <input_file_ref idref="fl-9"/>
      </object_component>
      <object_component id="oc-160">
         <name>.text:SysCtlPeripheralReset</name>
         <load_address>0x19d4</load_address>
         <run_address>0x19d4</run_address>
         <size>0x50</size>
         <input_file_ref idref="fl-e0"/>
      </object_component>
      <object_component id="oc-413">
         <name>.text:prvAddCurrentTaskToDelayedList</name>
         <load_address>0x1a24</load_address>
         <run_address>0x1a24</run_address>
         <size>0x4c</size>
         <input_file_ref idref="fl-f"/>
      </object_component>
      <object_component id="oc-17e">
         <name>.text:Can_DisableControllerInterrupts</name>
         <load_address>0x1a70</load_address>
         <run_address>0x1a70</run_address>
         <size>0x48</size>
         <input_file_ref idref="fl-2"/>
      </object_component>
      <object_component id="oc-260">
         <name>.text:GPIOPinConfigure</name>
         <load_address>0x1ab8</load_address>
         <run_address>0x1ab8</run_address>
         <size>0x48</size>
         <input_file_ref idref="fl-de"/>
      </object_component>
      <object_component id="oc-383">
         <name>.text:UARTwrite</name>
         <load_address>0x1b00</load_address>
         <run_address>0x1b00</run_address>
         <size>0x48</size>
         <input_file_ref idref="fl-13"/>
      </object_component>
      <object_component id="oc-1ad">
         <name>.text:__TI_auto_init_nobinit_nopinit:__TI_auto_init_nobinit_nopinit</name>
         <load_address>0x1b48</load_address>
         <run_address>0x1b48</run_address>
         <size>0x44</size>
         <input_file_ref idref="fl-d8"/>
      </object_component>
      <object_component id="oc-3ce">
         <name>.text:vPortFree</name>
         <load_address>0x1b8c</load_address>
         <run_address>0x1b8c</run_address>
         <size>0x44</size>
         <input_file_ref idref="fl-12"/>
      </object_component>
      <object_component id="oc-389">
         <name>.text</name>
         <load_address>0x1bd0</load_address>
         <run_address>0x1bd0</run_address>
         <size>0x40</size>
         <input_file_ref idref="fl-d1"/>
      </object_component>
      <object_component id="oc-311">
         <name>.text:xPortStartScheduler</name>
         <load_address>0x1c10</load_address>
         <run_address>0x1c10</run_address>
         <size>0x40</size>
         <input_file_ref idref="fl-10"/>
      </object_component>
      <object_component id="oc-28d">
         <name>.text:CANInit</name>
         <load_address>0x1c50</load_address>
         <run_address>0x1c50</run_address>
         <size>0x3a</size>
         <input_file_ref idref="fl-6"/>
      </object_component>
      <object_component id="oc-2ec">
         <name>.text:prvAllocateTCBAndStack</name>
         <load_address>0x1c8a</load_address>
         <run_address>0x1c8a</run_address>
         <size>0x3a</size>
         <input_file_ref idref="fl-f"/>
      </object_component>
      <object_component id="oc-494">
         <name>.text:vListInsert</name>
         <load_address>0x1cc4</load_address>
         <run_address>0x1cc4</run_address>
         <size>0x38</size>
         <input_file_ref idref="fl-d"/>
      </object_component>
      <object_component id="oc-39e">
         <name>.text:IntRegister</name>
         <load_address>0x1cfc</load_address>
         <run_address>0x1cfc</run_address>
         <size>0x34</size>
         <input_file_ref idref="fl-df"/>
      </object_component>
      <object_component id="oc-25a">
         <name>.text:SysCtlPeripheralEnable</name>
         <load_address>0x1d30</load_address>
         <run_address>0x1d30</run_address>
         <size>0x34</size>
         <input_file_ref idref="fl-e0"/>
      </object_component>
      <object_component id="oc-7f">
         <name>.text:_c_int00_noargs:_c_int00_noargs</name>
         <load_address>0x1d64</load_address>
         <run_address>0x1d64</run_address>
         <size>0x34</size>
         <input_file_ref idref="fl-d6"/>
      </object_component>
      <object_component id="oc-46a">
         <name>.text:prvHeapInit</name>
         <load_address>0x1d98</load_address>
         <run_address>0x1d98</run_address>
         <size>0x30</size>
         <input_file_ref idref="fl-12"/>
      </object_component>
      <object_component id="oc-129">
         <name>.text:LED_ON</name>
         <load_address>0x1dc8</load_address>
         <run_address>0x1dc8</run_address>
         <size>0x2c</size>
         <input_file_ref idref="fl-9"/>
      </object_component>
      <object_component id="oc-41">
         <name>.text:xPortSysTickHandler</name>
         <load_address>0x1df4</load_address>
         <run_address>0x1df4</run_address>
         <size>0x2c</size>
         <input_file_ref idref="fl-10"/>
      </object_component>
      <object_component id="oc-366">
         <name>.text:GPIODirModeSet</name>
         <load_address>0x1e20</load_address>
         <run_address>0x1e20</run_address>
         <size>0x2a</size>
         <input_file_ref idref="fl-de"/>
      </object_component>
      <object_component id="oc-215">
         <name>.text:_CANDataRegRead</name>
         <load_address>0x1e4a</load_address>
         <run_address>0x1e4a</run_address>
         <size>0x2a</size>
         <input_file_ref idref="fl-6"/>
      </object_component>
      <object_component id="oc-107">
         <name>.text:prvResetNextTaskUnblockTime</name>
         <load_address>0x1e74</load_address>
         <run_address>0x1e74</run_address>
         <size>0x28</size>
         <input_file_ref idref="fl-f"/>
      </object_component>
      <object_component id="oc-2f8">
         <name>.text:pxPortInitialiseStack</name>
         <load_address>0x1e9c</load_address>
         <run_address>0x1e9c</run_address>
         <size>0x28</size>
         <input_file_ref idref="fl-10"/>
      </object_component>
      <object_component id="oc-45f">
         <name>.text:_CANDataRegWrite</name>
         <load_address>0x1ec4</load_address>
         <run_address>0x1ec4</run_address>
         <size>0x24</size>
         <input_file_ref idref="fl-6"/>
      </object_component>
      <object_component id="oc-123">
         <name>.text:CANIntClear</name>
         <load_address>0x1ee8</load_address>
         <run_address>0x1ee8</run_address>
         <size>0x22</size>
         <input_file_ref idref="fl-6"/>
      </object_component>
      <object_component id="oc-11d">
         <name>.text:CANIntStatus</name>
         <load_address>0x1f0a</load_address>
         <run_address>0x1f0a</run_address>
         <size>0x20</size>
         <input_file_ref idref="fl-6"/>
      </object_component>
      <object_component id="oc-10d">
         <name>.text:uxListRemove</name>
         <load_address>0x1f2a</load_address>
         <run_address>0x1f2a</run_address>
         <size>0x20</size>
         <input_file_ref idref="fl-d"/>
      </object_component>
      <object_component id="oc-452">
         <name>.text</name>
         <load_address>0x1f4a</load_address>
         <run_address>0x1f4a</run_address>
         <size>0x2</size>
         <input_file_ref idref="fl-d7"/>
      </object_component>
      <object_component id="oc-2fe">
         <name>.text:vPortEnterCritical</name>
         <load_address>0x1f4c</load_address>
         <run_address>0x1f4c</run_address>
         <size>0x1c</size>
         <input_file_ref idref="fl-10"/>
      </object_component>
      <object_component id="oc-172">
         <name>.text:UARTprintf</name>
         <load_address>0x1f68</load_address>
         <run_address>0x1f68</run_address>
         <size>0x1a</size>
         <input_file_ref idref="fl-13"/>
      </object_component>
      <object_component id="oc-2a5">
         <name>.text:CANIntRegister</name>
         <load_address>0x1f82</load_address>
         <run_address>0x1f82</run_address>
         <size>0x18</size>
         <input_file_ref idref="fl-6"/>
      </object_component>
      <object_component id="oc-113">
         <name>.text:vListInsertEnd</name>
         <load_address>0x1f9a</load_address>
         <run_address>0x1f9a</run_address>
         <size>0x18</size>
         <input_file_ref idref="fl-d"/>
      </object_component>
      <object_component id="oc-fd">
         <name>.text:vApplicationStackOverflowHook</name>
         <load_address>0x1fb2</load_address>
         <run_address>0x1fb2</run_address>
         <size>0x2</size>
         <input_file_ref idref="fl-7"/>
      </object_component>
      <object_component id="oc-30a">
         <name>.text:vPortExitCritical</name>
         <load_address>0x1fb4</load_address>
         <run_address>0x1fb4</run_address>
         <size>0x18</size>
         <input_file_ref idref="fl-10"/>
      </object_component>
      <object_component id="oc-3e7">
         <name>.text:vListInitialise</name>
         <load_address>0x1fcc</load_address>
         <run_address>0x1fcc</run_address>
         <size>0x16</size>
         <input_file_ref idref="fl-d"/>
      </object_component>
      <object_component id="oc-3fe">
         <name>.text:vPortSetupTimerInterrupt</name>
         <load_address>0x1fe4</load_address>
         <run_address>0x1fe4</run_address>
         <size>0x14</size>
         <input_file_ref idref="fl-10"/>
      </object_component>
      <object_component id="oc-266">
         <name>.text:GPIOPinTypeCAN</name>
         <load_address>0x1ff8</load_address>
         <run_address>0x1ff8</run_address>
         <size>0x12</size>
         <input_file_ref idref="fl-de"/>
      </object_component>
      <object_component id="oc-273">
         <name>.text:GPIOPinTypeUART</name>
         <load_address>0x200a</load_address>
         <run_address>0x200a</run_address>
         <size>0x12</size>
         <input_file_ref idref="fl-de"/>
      </object_component>
      <object_component id="oc-48c">
         <name>.text:prvDeleteTCB</name>
         <load_address>0x201c</load_address>
         <run_address>0x201c</run_address>
         <size>0x12</size>
         <input_file_ref idref="fl-f"/>
      </object_component>
      <object_component id="oc-3dc">
         <name>.text:prvTaskExitError</name>
         <load_address>0x202e</load_address>
         <run_address>0x202e</run_address>
         <size>0x10</size>
         <input_file_ref idref="fl-10"/>
      </object_component>
      <object_component id="oc-40d">
         <name>.text:vTaskSuspendAll</name>
         <load_address>0x2040</load_address>
         <run_address>0x2040</run_address>
         <size>0x10</size>
         <input_file_ref idref="fl-f"/>
      </object_component>
      <object_component id="oc-199">
         <name>.text:Read_Task</name>
         <load_address>0x2050</load_address>
         <run_address>0x2050</run_address>
         <size>0xe</size>
         <input_file_ref idref="fl-7"/>
      </object_component>
      <object_component id="oc-18">
         <name>.text:decompress:none:__TI_decompress_none</name>
         <load_address>0x205e</load_address>
         <run_address>0x205e</run_address>
         <size>0xe</size>
         <input_file_ref idref="fl-d4"/>
      </object_component>
      <object_component id="oc-73">
         <name>.text:decompress:ZI:__TI_zero_init</name>
         <load_address>0x206c</load_address>
         <run_address>0x206c</run_address>
         <size>0xc</size>
         <input_file_ref idref="fl-d3"/>
      </object_component>
      <object_component id="oc-29f">
         <name>.text:CANDisable</name>
         <load_address>0x2078</load_address>
         <run_address>0x2078</run_address>
         <size>0xa</size>
         <input_file_ref idref="fl-6"/>
      </object_component>
      <object_component id="oc-2dd">
         <name>.text:CANEnable</name>
         <load_address>0x2082</load_address>
         <run_address>0x2082</run_address>
         <size>0xa</size>
         <input_file_ref idref="fl-6"/>
      </object_component>
      <object_component id="oc-2be">
         <name>.text:CANIntDisable</name>
         <load_address>0x208c</load_address>
         <run_address>0x208c</run_address>
         <size>0xa</size>
         <input_file_ref idref="fl-6"/>
      </object_component>
      <object_component id="oc-2d1">
         <name>.text:CANIntEnable</name>
         <load_address>0x2096</load_address>
         <run_address>0x2096</run_address>
         <size>0x8</size>
         <input_file_ref idref="fl-6"/>
      </object_component>
      <object_component id="oc-317">
         <name>.text:prvIdleTask</name>
         <load_address>0x209e</load_address>
         <run_address>0x209e</run_address>
         <size>0x8</size>
         <input_file_ref idref="fl-f"/>
      </object_component>
      <object_component id="oc-47">
         <name>.text:Can0_InterruptHandler</name>
         <load_address>0x20a6</load_address>
         <run_address>0x20a6</run_address>
         <size>0x6</size>
         <input_file_ref idref="fl-3"/>
      </object_component>
      <object_component id="oc-4d">
         <name>.text:Can1_InterruptHandler</name>
         <load_address>0x20ac</load_address>
         <run_address>0x20ac</run_address>
         <size>0x6</size>
         <input_file_ref idref="fl-3"/>
      </object_component>
      <object_component id="oc-20d">
         <name>.text:GPIOPinWrite</name>
         <load_address>0x20b2</load_address>
         <run_address>0x20b2</run_address>
         <size>0x6</size>
         <input_file_ref idref="fl-de"/>
      </object_component>
      <object_component id="oc-24">
         <name>.text:ResetISR</name>
         <load_address>0x20b8</load_address>
         <run_address>0x20b8</run_address>
         <size>0x6</size>
         <input_file_ref idref="fl-a"/>
      </object_component>
      <object_component id="oc-35f">
         <name>.text:SysCtlDelay</name>
         <load_address>0x20be</load_address>
         <run_address>0x20be</run_address>
         <size>0x6</size>
         <input_file_ref idref="fl-e0"/>
      </object_component>
      <object_component id="oc-26d">
         <name>.text:UARTClockSourceSet</name>
         <load_address>0x20c4</load_address>
         <run_address>0x20c4</run_address>
         <size>0x6</size>
         <input_file_ref idref="fl-e1"/>
      </object_component>
      <object_component id="oc-3d5">
         <name>.text:vListInitialiseItem</name>
         <load_address>0x20ca</load_address>
         <run_address>0x20ca</run_address>
         <size>0x6</size>
         <input_file_ref idref="fl-d"/>
      </object_component>
      <object_component id="oc-da">
         <name>.text:_system_pre_init</name>
         <load_address>0x20d0</load_address>
         <run_address>0x20d0</run_address>
         <size>0x4</size>
         <input_file_ref idref="fl-d9"/>
      </object_component>
      <object_component id="oc-1a1">
         <name>.text:abort:abort</name>
         <load_address>0x20d4</load_address>
         <run_address>0x20d4</run_address>
         <size>0x4</size>
         <input_file_ref idref="fl-db"/>
      </object_component>
      <object_component id="oc-362">
         <name>.const:g_pui32GPIOBaseAddrs</name>
         <load_address>0x20d8</load_address>
         <run_address>0x20d8</run_address>
         <size>0x90</size>
         <input_file_ref idref="fl-de"/>
      </object_component>
      <object_component id="oc-3ba">
         <name>.const</name>
         <load_address>0x2168</load_address>
         <run_address>0x2168</run_address>
         <size>0x70</size>
         <input_file_ref idref="fl-df"/>
      </object_component>
      <object_component id="oc-392">
         <name>.const:g_pui32Xtals</name>
         <load_address>0x21d8</load_address>
         <run_address>0x21d8</run_address>
         <size>0x6c</size>
         <input_file_ref idref="fl-e0"/>
      </object_component>
      <object_component id="oc-2ba">
         <name>.const:CanControllerBaudrateConfig</name>
         <load_address>0x2244</load_address>
         <run_address>0x2244</run_address>
         <size>0x48</size>
         <input_file_ref idref="fl-4"/>
      </object_component>
      <object_component id="oc-379">
         <name>.const:g_ui32UARTBase</name>
         <load_address>0x228c</load_address>
         <run_address>0x228c</run_address>
         <size>0xc</size>
         <input_file_ref idref="fl-13"/>
      </object_component>
      <object_component id="oc-376">
         <name>.const:g_ui32UARTPeriph</name>
         <load_address>0x2298</load_address>
         <run_address>0x2298</run_address>
         <size>0xc</size>
         <input_file_ref idref="fl-13"/>
      </object_component>
      <object_component id="oc-196">
         <name>.const:.string:$P$T0$1</name>
         <load_address>0x22a4</load_address>
         <run_address>0x22a4</run_address>
         <size>0x8</size>
         <input_file_ref idref="fl-7"/>
      </object_component>
      <object_component id="oc-9a">
         <name>.const</name>
         <load_address>0x22ac</load_address>
         <run_address>0x22ac</run_address>
         <size>0x4</size>
         <input_file_ref idref="fl-10"/>
      </object_component>
      <object_component id="oc-4ee">
         <name>.cinit..data.load</name>
         <load_address>0x22b0</load_address>
         <run_address>0x22b0</run_address>
         <size>0x2d</size>
      </object_component>
      <object_component id="oc-4eb">
         <name>__TI_handler_table</name>
         <load_address>0x22e0</load_address>
         <run_address>0x22e0</run_address>
         <size>0xc</size>
      </object_component>
      <object_component id="oc-4ef">
         <name>.cinit..bss.load</name>
         <load_address>0x22f0</load_address>
         <run_address>0x22f0</run_address>
         <size>0x8</size>
      </object_component>
      <object_component id="oc-4ed">
         <name>.cinit..vtable.load</name>
         <load_address>0x22f8</load_address>
         <run_address>0x22f8</run_address>
         <size>0x8</size>
      </object_component>
      <object_component id="oc-4ec">
         <name>__TI_cinit_table</name>
         <load_address>0x2300</load_address>
         <run_address>0x2300</run_address>
         <size>0x18</size>
      </object_component>
      <object_component id="oc-45b">
         <name>.vtable</name>
         <uninitialized>true</uninitialized>
         <run_address>0x20000000</run_address>
         <size>0x26c</size>
         <input_file_ref idref="fl-df"/>
      </object_component>
      <object_component id="oc-2e3">
         <name>.data:state_transition_flag</name>
         <load_address>0x20007c68</load_address>
         <run_address>0x20007c68</run_address>
         <size>0x2</size>
         <input_file_ref idref="fl-2"/>
      </object_component>
      <object_component id="oc-2b1">
         <name>.data</name>
         <load_address>0x20007c61</load_address>
         <run_address>0x20007c61</run_address>
         <size>0x2</size>
         <input_file_ref idref="fl-2"/>
      </object_component>
      <object_component id="oc-13b">
         <name>.data:CanController</name>
         <load_address>0x20007c34</load_address>
         <run_address>0x20007c34</run_address>
         <size>0x20</size>
         <input_file_ref idref="fl-4"/>
      </object_component>
      <object_component id="oc-138">
         <name>.data:CanHardwareObject</name>
         <load_address>0x20007a24</load_address>
         <run_address>0x20007a24</run_address>
         <size>0x1e0</size>
         <input_file_ref idref="fl-4"/>
      </object_component>
      <object_component id="oc-213">
         <name>.data</name>
         <load_address>0x20007c63</load_address>
         <run_address>0x20007c63</run_address>
         <size>0x1</size>
         <input_file_ref idref="fl-9"/>
      </object_component>
      <object_component id="oc-97">
         <name>.data</name>
         <load_address>0x20007c04</load_address>
         <run_address>0x20007c04</run_address>
         <size>0x30</size>
         <input_file_ref idref="fl-f"/>
      </object_component>
      <object_component id="oc-3e3">
         <name>.data</name>
         <load_address>0x20007c64</load_address>
         <run_address>0x20007c64</run_address>
         <size>0x4</size>
         <input_file_ref idref="fl-10"/>
      </object_component>
      <object_component id="oc-470">
         <name>.data</name>
         <load_address>0x20007c54</load_address>
         <run_address>0x20007c54</run_address>
         <size>0x8</size>
         <input_file_ref idref="fl-12"/>
      </object_component>
      <object_component id="oc-37c">
         <name>.data</name>
         <load_address>0x20007c5c</load_address>
         <run_address>0x20007c5c</run_address>
         <size>0x5</size>
         <input_file_ref idref="fl-13"/>
      </object_component>
      <object_component id="oc-135">
         <name>.bss:Can_MailBoxLookUpTables</name>
         <uninitialized>true</uninitialized>
         <run_address>0x200078dc</run_address>
         <size>0xc0</size>
         <input_file_ref idref="fl-2"/>
      </object_component>
      <object_component id="oc-2b7">
         <name>.bss:Can_ControllerMode</name>
         <uninitialized>true</uninitialized>
         <run_address>0x20007a18</run_address>
         <size>0x4</size>
         <input_file_ref idref="fl-2"/>
      </object_component>
      <object_component id="oc-2cd">
         <name>.bss:InterruptStatus</name>
         <uninitialized>true</uninitialized>
         <run_address>0x20007a20</run_address>
         <size>0x4</size>
         <input_file_ref idref="fl-2"/>
      </object_component>
      <object_component id="oc-2ca">
         <name>.bss:IntDisableCount</name>
         <uninitialized>true</uninitialized>
         <run_address>0x20007a1c</run_address>
         <size>0x4</size>
         <input_file_ref idref="fl-2"/>
      </object_component>
      <object_component id="oc-103">
         <name>.bss:pxReadyTasksLists</name>
         <uninitialized>true</uninitialized>
         <run_address>0x2000779c</run_address>
         <size>0x140</size>
         <input_file_ref idref="fl-f"/>
      </object_component>
      <object_component id="oc-3ed">
         <name>.bss:xDelayedTaskList1</name>
         <uninitialized>true</uninitialized>
         <run_address>0x2000799c</run_address>
         <size>0x14</size>
         <input_file_ref idref="fl-f"/>
      </object_component>
      <object_component id="oc-3f0">
         <name>.bss:xDelayedTaskList2</name>
         <uninitialized>true</uninitialized>
         <run_address>0x200079b0</run_address>
         <size>0x14</size>
         <input_file_ref idref="fl-f"/>
      </object_component>
      <object_component id="oc-119">
         <name>.bss</name>
         <uninitialized>true</uninitialized>
         <run_address>0x20007a00</run_address>
         <size>0x8</size>
         <input_file_ref idref="fl-f"/>
      </object_component>
      <object_component id="oc-3f3">
         <name>.bss:xPendingReadyList</name>
         <uninitialized>true</uninitialized>
         <run_address>0x200079c4</run_address>
         <size>0x14</size>
         <input_file_ref idref="fl-f"/>
      </object_component>
      <object_component id="oc-3f6">
         <name>.bss:xTasksWaitingTermination</name>
         <uninitialized>true</uninitialized>
         <run_address>0x200079ec</run_address>
         <size>0x14</size>
         <input_file_ref idref="fl-f"/>
      </object_component>
      <object_component id="oc-3f9">
         <name>.bss:xSuspendedTaskList</name>
         <uninitialized>true</uninitialized>
         <run_address>0x200079d8</run_address>
         <size>0x14</size>
         <input_file_ref idref="fl-f"/>
      </object_component>
      <object_component id="oc-4af">
         <name>.bss:ucHeap</name>
         <uninitialized>true</uninitialized>
         <run_address>0x2000026c</run_address>
         <size>0x7530</size>
         <input_file_ref idref="fl-12"/>
      </object_component>
      <object_component id="oc-473">
         <name>.bss:xStart</name>
         <uninitialized>true</uninitialized>
         <run_address>0x20007a10</run_address>
         <size>0x8</size>
         <input_file_ref idref="fl-12"/>
      </object_component>
      <object_component id="oc-476">
         <name>.bss:xEnd</name>
         <uninitialized>true</uninitialized>
         <run_address>0x20007a08</run_address>
         <size>0x8</size>
         <input_file_ref idref="fl-12"/>
      </object_component>
      <object_component id="oc-21">
         <name>.stack</name>
         <uninitialized>true</uninitialized>
         <run_address>0x20007c70</run_address>
         <size>0x4</size>
         <input_file_ref idref="fl-d6"/>
      </object_component>
      <object_component id="oc-4f0">
         <name>.stack</name>
         <uninitialized>true</uninitialized>
         <run_address>0x20007c70</run_address>
         <size>0x0</size>
      </object_component>
      <object_component id="oc-149">
         <name>.debug_info</name>
         <load_address>0x0</load_address>
         <run_address>0x0</run_address>
         <size>0x880</size>
         <input_file_ref idref="fl-2"/>
      </object_component>
      <object_component id="oc-136">
         <name>.debug_info</name>
         <load_address>0x880</load_address>
         <run_address>0x880</run_address>
         <size>0xed</size>
         <input_file_ref idref="fl-2"/>
      </object_component>
      <object_component id="oc-2e4">
         <name>.debug_info</name>
         <load_address>0x96d</load_address>
         <run_address>0x96d</run_address>
         <size>0xe9</size>
         <input_file_ref idref="fl-2"/>
      </object_component>
      <object_component id="oc-2b8">
         <name>.debug_info</name>
         <load_address>0xa56</load_address>
         <run_address>0xa56</run_address>
         <size>0xe3</size>
         <input_file_ref idref="fl-2"/>
      </object_component>
      <object_component id="oc-2ce">
         <name>.debug_info</name>
         <load_address>0xb39</load_address>
         <run_address>0xb39</run_address>
         <size>0xdd</size>
         <input_file_ref idref="fl-2"/>
      </object_component>
      <object_component id="oc-2cb">
         <name>.debug_info</name>
         <load_address>0xc16</load_address>
         <run_address>0xc16</run_address>
         <size>0xdd</size>
         <input_file_ref idref="fl-2"/>
      </object_component>
      <object_component id="oc-2b2">
         <name>.debug_info</name>
         <load_address>0xcf3</load_address>
         <run_address>0xcf3</run_address>
         <size>0xd7</size>
         <input_file_ref idref="fl-2"/>
      </object_component>
      <object_component id="oc-185">
         <name>.debug_info</name>
         <load_address>0xdca</load_address>
         <run_address>0xdca</run_address>
         <size>0x2ab</size>
         <input_file_ref idref="fl-2"/>
      </object_component>
      <object_component id="oc-321">
         <name>.debug_info</name>
         <load_address>0x1075</load_address>
         <run_address>0x1075</run_address>
         <size>0x1cf</size>
         <input_file_ref idref="fl-2"/>
      </object_component>
      <object_component id="oc-2b4">
         <name>.debug_info</name>
         <load_address>0x1244</load_address>
         <run_address>0x1244</run_address>
         <size>0x1bd</size>
         <input_file_ref idref="fl-2"/>
      </object_component>
      <object_component id="oc-2ad">
         <name>.debug_info</name>
         <load_address>0x1401</load_address>
         <run_address>0x1401</run_address>
         <size>0x239</size>
         <input_file_ref idref="fl-2"/>
      </object_component>
      <object_component id="oc-17a">
         <name>.debug_info</name>
         <load_address>0x163a</load_address>
         <run_address>0x163a</run_address>
         <size>0x249</size>
         <input_file_ref idref="fl-2"/>
      </object_component>
      <object_component id="oc-180">
         <name>.debug_info</name>
         <load_address>0x1883</load_address>
         <run_address>0x1883</run_address>
         <size>0x190</size>
         <input_file_ref idref="fl-2"/>
      </object_component>
      <object_component id="oc-ac">
         <name>.debug_info</name>
         <load_address>0x1a13</load_address>
         <run_address>0x1a13</run_address>
         <size>0x1ff</size>
         <input_file_ref idref="fl-2"/>
      </object_component>
      <object_component id="oc-225">
         <name>.debug_info</name>
         <load_address>0x1c12</load_address>
         <run_address>0x1c12</run_address>
         <size>0x675</size>
         <input_file_ref idref="fl-2"/>
      </object_component>
      <object_component id="oc-22a">
         <name>.debug_info</name>
         <load_address>0x2287</load_address>
         <run_address>0x2287</run_address>
         <size>0x3c5</size>
         <input_file_ref idref="fl-2"/>
      </object_component>
      <object_component id="oc-23e">
         <name>.debug_info</name>
         <load_address>0x264c</load_address>
         <run_address>0x264c</run_address>
         <size>0x8bf</size>
         <input_file_ref idref="fl-2"/>
      </object_component>
      <object_component id="oc-22f">
         <name>.debug_info</name>
         <load_address>0x2f0b</load_address>
         <run_address>0x2f0b</run_address>
         <size>0x1ce</size>
         <input_file_ref idref="fl-2"/>
      </object_component>
      <object_component id="oc-243">
         <name>.debug_info</name>
         <load_address>0x30d9</load_address>
         <run_address>0x30d9</run_address>
         <size>0x306</size>
         <input_file_ref idref="fl-2"/>
      </object_component>
      <object_component id="oc-144">
         <name>.debug_info</name>
         <load_address>0x33df</load_address>
         <run_address>0x33df</run_address>
         <size>0x1b3</size>
         <input_file_ref idref="fl-2"/>
      </object_component>
      <object_component id="oc-234">
         <name>.debug_info</name>
         <load_address>0x3592</load_address>
         <run_address>0x3592</run_address>
         <size>0x126</size>
         <input_file_ref idref="fl-2"/>
      </object_component>
      <object_component id="oc-b5">
         <name>.debug_info</name>
         <load_address>0x36b8</load_address>
         <run_address>0x36b8</run_address>
         <size>0x26b</size>
         <input_file_ref idref="fl-2"/>
      </object_component>
      <object_component id="oc-2e7">
         <name>.debug_info</name>
         <load_address>0x3923</load_address>
         <run_address>0x3923</run_address>
         <size>0xb4</size>
         <input_file_ref idref="fl-2"/>
      </object_component>
      <object_component id="oc-239">
         <name>.debug_info</name>
         <load_address>0x39d7</load_address>
         <run_address>0x39d7</run_address>
         <size>0x190</size>
         <input_file_ref idref="fl-2"/>
      </object_component>
      <object_component id="oc-13f">
         <name>.debug_info</name>
         <load_address>0x3b67</load_address>
         <run_address>0x3b67</run_address>
         <size>0x8b</size>
         <input_file_ref idref="fl-2"/>
      </object_component>
      <object_component id="oc-14b">
         <name>.debug_info</name>
         <load_address>0x3bf2</load_address>
         <run_address>0x3bf2</run_address>
         <size>0x297</size>
         <input_file_ref idref="fl-2"/>
      </object_component>
      <object_component id="oc-3a5">
         <name>.debug_info</name>
         <load_address>0x3e89</load_address>
         <run_address>0x3e89</run_address>
         <size>0xef</size>
         <input_file_ref idref="fl-2"/>
      </object_component>
      <object_component id="oc-ba">
         <name>.debug_info</name>
         <load_address>0x3f78</load_address>
         <run_address>0x3f78</run_address>
         <size>0xbb</size>
         <input_file_ref idref="fl-2"/>
      </object_component>
      <object_component id="oc-248">
         <name>.debug_info</name>
         <load_address>0x4033</load_address>
         <run_address>0x4033</run_address>
         <size>0xef</size>
         <input_file_ref idref="fl-2"/>
      </object_component>
      <object_component id="oc-288">
         <name>.debug_info</name>
         <load_address>0x4122</load_address>
         <run_address>0x4122</run_address>
         <size>0x2c</size>
         <input_file_ref idref="fl-2"/>
      </object_component>
      <object_component id="oc-4e">
         <name>.debug_info</name>
         <load_address>0x414e</load_address>
         <run_address>0x414e</run_address>
         <size>0x13c</size>
         <input_file_ref idref="fl-3"/>
      </object_component>
      <object_component id="oc-48">
         <name>.debug_info</name>
         <load_address>0x428a</load_address>
         <run_address>0x428a</run_address>
         <size>0x13c</size>
         <input_file_ref idref="fl-3"/>
      </object_component>
      <object_component id="oc-5c">
         <name>.debug_info</name>
         <load_address>0x43c6</load_address>
         <run_address>0x43c6</run_address>
         <size>0x84</size>
         <input_file_ref idref="fl-3"/>
      </object_component>
      <object_component id="oc-220">
         <name>.debug_info</name>
         <load_address>0x444a</load_address>
         <run_address>0x444a</run_address>
         <size>0x135</size>
         <input_file_ref idref="fl-4"/>
      </object_component>
      <object_component id="oc-2bb">
         <name>.debug_info</name>
         <load_address>0x457f</load_address>
         <run_address>0x457f</run_address>
         <size>0xf7</size>
         <input_file_ref idref="fl-4"/>
      </object_component>
      <object_component id="oc-13c">
         <name>.debug_info</name>
         <load_address>0x4676</load_address>
         <run_address>0x4676</run_address>
         <size>0xdb</size>
         <input_file_ref idref="fl-4"/>
      </object_component>
      <object_component id="oc-139">
         <name>.debug_info</name>
         <load_address>0x4751</load_address>
         <run_address>0x4751</run_address>
         <size>0xe3</size>
         <input_file_ref idref="fl-4"/>
      </object_component>
      <object_component id="oc-20b">
         <name>.debug_info</name>
         <load_address>0x4834</load_address>
         <run_address>0x4834</run_address>
         <size>0x350</size>
         <input_file_ref idref="fl-6"/>
      </object_component>
      <object_component id="oc-460">
         <name>.debug_info</name>
         <load_address>0x4b84</load_address>
         <run_address>0x4b84</run_address>
         <size>0x1c6</size>
         <input_file_ref idref="fl-6"/>
      </object_component>
      <object_component id="oc-3ab">
         <name>.debug_info</name>
         <load_address>0x4d4a</load_address>
         <run_address>0x4d4a</run_address>
         <size>0x2fc</size>
         <input_file_ref idref="fl-6"/>
      </object_component>
      <object_component id="oc-216">
         <name>.debug_info</name>
         <load_address>0x5046</load_address>
         <run_address>0x5046</run_address>
         <size>0x1c7</size>
         <input_file_ref idref="fl-6"/>
      </object_component>
      <object_component id="oc-130">
         <name>.debug_info</name>
         <load_address>0x520d</load_address>
         <run_address>0x520d</run_address>
         <size>0x2d1</size>
         <input_file_ref idref="fl-6"/>
      </object_component>
      <object_component id="oc-399">
         <name>.debug_info</name>
         <load_address>0x54de</load_address>
         <run_address>0x54de</run_address>
         <size>0x160</size>
         <input_file_ref idref="fl-6"/>
      </object_component>
      <object_component id="oc-11e">
         <name>.debug_info</name>
         <load_address>0x563e</load_address>
         <run_address>0x563e</run_address>
         <size>0x175</size>
         <input_file_ref idref="fl-6"/>
      </object_component>
      <object_component id="oc-2a6">
         <name>.debug_info</name>
         <load_address>0x57b3</load_address>
         <run_address>0x57b3</run_address>
         <size>0x1b0</size>
         <input_file_ref idref="fl-6"/>
      </object_component>
      <object_component id="oc-2d2">
         <name>.debug_info</name>
         <load_address>0x5963</load_address>
         <run_address>0x5963</run_address>
         <size>0x173</size>
         <input_file_ref idref="fl-6"/>
      </object_component>
      <object_component id="oc-2bf">
         <name>.debug_info</name>
         <load_address>0x5ad6</load_address>
         <run_address>0x5ad6</run_address>
         <size>0x175</size>
         <input_file_ref idref="fl-6"/>
      </object_component>
      <object_component id="oc-124">
         <name>.debug_info</name>
         <load_address>0x5c4b</load_address>
         <run_address>0x5c4b</run_address>
         <size>0x16f</size>
         <input_file_ref idref="fl-6"/>
      </object_component>
      <object_component id="oc-28e">
         <name>.debug_info</name>
         <load_address>0x5dba</load_address>
         <run_address>0x5dba</run_address>
         <size>0x155</size>
         <input_file_ref idref="fl-6"/>
      </object_component>
      <object_component id="oc-2de">
         <name>.debug_info</name>
         <load_address>0x5f0f</load_address>
         <run_address>0x5f0f</run_address>
         <size>0x12b</size>
         <input_file_ref idref="fl-6"/>
      </object_component>
      <object_component id="oc-2a2">
         <name>.debug_info</name>
         <load_address>0x603a</load_address>
         <run_address>0x603a</run_address>
         <size>0x12d</size>
         <input_file_ref idref="fl-6"/>
      </object_component>
      <object_component id="oc-29b">
         <name>.debug_info</name>
         <load_address>0x6167</load_address>
         <run_address>0x6167</run_address>
         <size>0x194</size>
         <input_file_ref idref="fl-6"/>
      </object_component>
      <object_component id="oc-1a0">
         <name>.debug_info</name>
         <load_address>0x62fb</load_address>
         <run_address>0x62fb</run_address>
         <size>0x5f0</size>
         <input_file_ref idref="fl-7"/>
      </object_component>
      <object_component id="oc-197">
         <name>.debug_info</name>
         <load_address>0x68eb</load_address>
         <run_address>0x68eb</run_address>
         <size>0xd3</size>
         <input_file_ref idref="fl-7"/>
      </object_component>
      <object_component id="oc-fe">
         <name>.debug_info</name>
         <load_address>0x69be</load_address>
         <run_address>0x69be</run_address>
         <size>0x168</size>
         <input_file_ref idref="fl-7"/>
      </object_component>
      <object_component id="oc-e3">
         <name>.debug_info</name>
         <load_address>0x6b26</load_address>
         <run_address>0x6b26</run_address>
         <size>0x1f0</size>
         <input_file_ref idref="fl-7"/>
      </object_component>
      <object_component id="oc-19c">
         <name>.debug_info</name>
         <load_address>0x6d16</load_address>
         <run_address>0x6d16</run_address>
         <size>0x148</size>
         <input_file_ref idref="fl-7"/>
      </object_component>
      <object_component id="oc-1eb">
         <name>.debug_info</name>
         <load_address>0x6e5e</load_address>
         <run_address>0x6e5e</run_address>
         <size>0x2ef</size>
         <input_file_ref idref="fl-7"/>
      </object_component>
      <object_component id="oc-1f0">
         <name>.debug_info</name>
         <load_address>0x714d</load_address>
         <run_address>0x714d</run_address>
         <size>0x2c</size>
         <input_file_ref idref="fl-7"/>
      </object_component>
      <object_component id="oc-f5">
         <name>.debug_info</name>
         <load_address>0x7179</load_address>
         <run_address>0x7179</run_address>
         <size>0x53</size>
         <input_file_ref idref="fl-7"/>
      </object_component>
      <object_component id="oc-1fa">
         <name>.debug_info</name>
         <load_address>0x71cc</load_address>
         <run_address>0x71cc</run_address>
         <size>0x14c</size>
         <input_file_ref idref="fl-7"/>
      </object_component>
      <object_component id="oc-12a">
         <name>.debug_info</name>
         <load_address>0x7318</load_address>
         <run_address>0x7318</run_address>
         <size>0x136</size>
         <input_file_ref idref="fl-9"/>
      </object_component>
      <object_component id="oc-16e">
         <name>.debug_info</name>
         <load_address>0x744e</load_address>
         <run_address>0x744e</run_address>
         <size>0x1aa</size>
         <input_file_ref idref="fl-9"/>
      </object_component>
      <object_component id="oc-167">
         <name>.debug_info</name>
         <load_address>0x75f8</load_address>
         <run_address>0x75f8</run_address>
         <size>0x1ae</size>
         <input_file_ref idref="fl-9"/>
      </object_component>
      <object_component id="oc-55">
         <name>.debug_info</name>
         <load_address>0x77a6</load_address>
         <run_address>0x77a6</run_address>
         <size>0x381</size>
         <input_file_ref idref="fl-a"/>
      </object_component>
      <object_component id="oc-10">
         <name>.debug_info</name>
         <load_address>0x7b27</load_address>
         <run_address>0x7b27</run_address>
         <size>0xdc</size>
         <input_file_ref idref="fl-a"/>
      </object_component>
      <object_component id="oc-28">
         <name>.debug_info</name>
         <load_address>0x7c03</load_address>
         <run_address>0x7c03</run_address>
         <size>0x10c</size>
         <input_file_ref idref="fl-a"/>
      </object_component>
      <object_component id="oc-2b">
         <name>.debug_info</name>
         <load_address>0x7d0f</load_address>
         <run_address>0x7d0f</run_address>
         <size>0xfd</size>
         <input_file_ref idref="fl-a"/>
      </object_component>
      <object_component id="oc-3a">
         <name>.debug_info</name>
         <load_address>0x7e0c</load_address>
         <run_address>0x7e0c</run_address>
         <size>0x115</size>
         <input_file_ref idref="fl-a"/>
      </object_component>
      <object_component id="oc-32">
         <name>.debug_info</name>
         <load_address>0x7f21</load_address>
         <run_address>0x7f21</run_address>
         <size>0x103</size>
         <input_file_ref idref="fl-a"/>
      </object_component>
      <object_component id="oc-206">
         <name>.debug_info</name>
         <load_address>0x8024</load_address>
         <run_address>0x8024</run_address>
         <size>0x312</size>
         <input_file_ref idref="fl-d"/>
      </object_component>
      <object_component id="oc-115">
         <name>.debug_info</name>
         <load_address>0x8336</load_address>
         <run_address>0x8336</run_address>
         <size>0x283</size>
         <input_file_ref idref="fl-d"/>
      </object_component>
      <object_component id="oc-496">
         <name>.debug_info</name>
         <load_address>0x85b9</load_address>
         <run_address>0x85b9</run_address>
         <size>0x2ae</size>
         <input_file_ref idref="fl-d"/>
      </object_component>
      <object_component id="oc-3d8">
         <name>.debug_info</name>
         <load_address>0x8867</load_address>
         <run_address>0x8867</run_address>
         <size>0x230</size>
         <input_file_ref idref="fl-d"/>
      </object_component>
      <object_component id="oc-3ea">
         <name>.debug_info</name>
         <load_address>0x8a97</load_address>
         <run_address>0x8a97</run_address>
         <size>0x228</size>
         <input_file_ref idref="fl-d"/>
      </object_component>
      <object_component id="oc-10f">
         <name>.debug_info</name>
         <load_address>0x8cbf</load_address>
         <run_address>0x8cbf</run_address>
         <size>0x25b</size>
         <input_file_ref idref="fl-d"/>
      </object_component>
      <object_component id="oc-1e1">
         <name>.debug_info</name>
         <load_address>0x8f1a</load_address>
         <run_address>0x8f1a</run_address>
         <size>0x110</size>
         <input_file_ref idref="fl-d"/>
      </object_component>
      <object_component id="oc-f4">
         <name>.debug_info</name>
         <load_address>0x902a</load_address>
         <run_address>0x902a</run_address>
         <size>0x78a</size>
         <input_file_ref idref="fl-f"/>
      </object_component>
      <object_component id="oc-98">
         <name>.debug_info</name>
         <load_address>0x97b4</load_address>
         <run_address>0x97b4</run_address>
         <size>0x336</size>
         <input_file_ref idref="fl-f"/>
      </object_component>
      <object_component id="oc-104">
         <name>.debug_info</name>
         <load_address>0x9aea</load_address>
         <run_address>0x9aea</run_address>
         <size>0x132</size>
         <input_file_ref idref="fl-f"/>
      </object_component>
      <object_component id="oc-3ee">
         <name>.debug_info</name>
         <load_address>0x9c1c</load_address>
         <run_address>0x9c1c</run_address>
         <size>0x132</size>
         <input_file_ref idref="fl-f"/>
      </object_component>
      <object_component id="oc-3f1">
         <name>.debug_info</name>
         <load_address>0x9d4e</load_address>
         <run_address>0x9d4e</run_address>
         <size>0x132</size>
         <input_file_ref idref="fl-f"/>
      </object_component>
      <object_component id="oc-11a">
         <name>.debug_info</name>
         <load_address>0x9e80</load_address>
         <run_address>0x9e80</run_address>
         <size>0x174</size>
         <input_file_ref idref="fl-f"/>
      </object_component>
      <object_component id="oc-3f4">
         <name>.debug_info</name>
         <load_address>0x9ff4</load_address>
         <run_address>0x9ff4</run_address>
         <size>0x132</size>
         <input_file_ref idref="fl-f"/>
      </object_component>
      <object_component id="oc-3f7">
         <name>.debug_info</name>
         <load_address>0xa126</load_address>
         <run_address>0xa126</run_address>
         <size>0x140</size>
         <input_file_ref idref="fl-f"/>
      </object_component>
      <object_component id="oc-3fa">
         <name>.debug_info</name>
         <load_address>0xa266</load_address>
         <run_address>0xa266</run_address>
         <size>0x134</size>
         <input_file_ref idref="fl-f"/>
      </object_component>
      <object_component id="oc-108">
         <name>.debug_info</name>
         <load_address>0xa39a</load_address>
         <run_address>0xa39a</run_address>
         <size>0x22e</size>
         <input_file_ref idref="fl-f"/>
      </object_component>
      <object_component id="oc-a5">
         <name>.debug_info</name>
         <load_address>0xa5c8</load_address>
         <run_address>0xa5c8</run_address>
         <size>0x2fe</size>
         <input_file_ref idref="fl-f"/>
      </object_component>
      <object_component id="oc-41a">
         <name>.debug_info</name>
         <load_address>0xa8c6</load_address>
         <run_address>0xa8c6</run_address>
         <size>0x2c6</size>
         <input_file_ref idref="fl-f"/>
      </object_component>
      <object_component id="oc-414">
         <name>.debug_info</name>
         <load_address>0xab8c</load_address>
         <run_address>0xab8c</run_address>
         <size>0x289</size>
         <input_file_ref idref="fl-f"/>
      </object_component>
      <object_component id="oc-2ed">
         <name>.debug_info</name>
         <load_address>0xae15</load_address>
         <run_address>0xae15</run_address>
         <size>0x314</size>
         <input_file_ref idref="fl-f"/>
      </object_component>
      <object_component id="oc-2f3">
         <name>.debug_info</name>
         <load_address>0xb129</load_address>
         <run_address>0xb129</run_address>
         <size>0x310</size>
         <input_file_ref idref="fl-f"/>
      </object_component>
      <object_component id="oc-305">
         <name>.debug_info</name>
         <load_address>0xb439</load_address>
         <run_address>0xb439</run_address>
         <size>0x295</size>
         <input_file_ref idref="fl-f"/>
      </object_component>
      <object_component id="oc-18b">
         <name>.debug_info</name>
         <load_address>0xb6ce</load_address>
         <run_address>0xb6ce</run_address>
         <size>0x4cb</size>
         <input_file_ref idref="fl-f"/>
      </object_component>
      <object_component id="oc-9e">
         <name>.debug_info</name>
         <load_address>0xbb99</load_address>
         <run_address>0xbb99</run_address>
         <size>0x28f</size>
         <input_file_ref idref="fl-f"/>
      </object_component>
      <object_component id="oc-40e">
         <name>.debug_info</name>
         <load_address>0xbe28</load_address>
         <run_address>0xbe28</run_address>
         <size>0x204</size>
         <input_file_ref idref="fl-f"/>
      </object_component>
      <object_component id="oc-191">
         <name>.debug_info</name>
         <load_address>0xc02c</load_address>
         <run_address>0xc02c</run_address>
         <size>0x23f</size>
         <input_file_ref idref="fl-f"/>
      </object_component>
      <object_component id="oc-327">
         <name>.debug_info</name>
         <load_address>0xc26b</load_address>
         <run_address>0xc26b</run_address>
         <size>0x2c2</size>
         <input_file_ref idref="fl-f"/>
      </object_component>
      <object_component id="oc-48d">
         <name>.debug_info</name>
         <load_address>0xc52d</load_address>
         <run_address>0xc52d</run_address>
         <size>0x243</size>
         <input_file_ref idref="fl-f"/>
      </object_component>
      <object_component id="oc-406">
         <name>.debug_info</name>
         <load_address>0xc770</load_address>
         <run_address>0xc770</run_address>
         <size>0x2d9</size>
         <input_file_ref idref="fl-f"/>
      </object_component>
      <object_component id="oc-318">
         <name>.debug_info</name>
         <load_address>0xca49</load_address>
         <run_address>0xca49</run_address>
         <size>0x23c</size>
         <input_file_ref idref="fl-f"/>
      </object_component>
      <object_component id="oc-1e6">
         <name>.debug_info</name>
         <load_address>0xcc85</load_address>
         <run_address>0xcc85</run_address>
         <size>0x169</size>
         <input_file_ref idref="fl-f"/>
      </object_component>
      <object_component id="oc-1f5">
         <name>.debug_info</name>
         <load_address>0xcdee</load_address>
         <run_address>0xcdee</run_address>
         <size>0x46</size>
         <input_file_ref idref="fl-f"/>
      </object_component>
      <object_component id="oc-fc">
         <name>.debug_info</name>
         <load_address>0xce34</load_address>
         <run_address>0xce34</run_address>
         <size>0x3f2</size>
         <input_file_ref idref="fl-10"/>
      </object_component>
      <object_component id="oc-9b">
         <name>.debug_info</name>
         <load_address>0xd226</load_address>
         <run_address>0xd226</run_address>
         <size>0x160</size>
         <input_file_ref idref="fl-10"/>
      </object_component>
      <object_component id="oc-3e4">
         <name>.debug_info</name>
         <load_address>0xd386</load_address>
         <run_address>0xd386</run_address>
         <size>0x147</size>
         <input_file_ref idref="fl-10"/>
      </object_component>
      <object_component id="oc-43">
         <name>.debug_info</name>
         <load_address>0xd4cd</load_address>
         <run_address>0xd4cd</run_address>
         <size>0x264</size>
         <input_file_ref idref="fl-10"/>
      </object_component>
      <object_component id="oc-400">
         <name>.debug_info</name>
         <load_address>0xd731</load_address>
         <run_address>0xd731</run_address>
         <size>0x255</size>
         <input_file_ref idref="fl-10"/>
      </object_component>
      <object_component id="oc-313">
         <name>.debug_info</name>
         <load_address>0xd986</load_address>
         <run_address>0xd986</run_address>
         <size>0x29d</size>
         <input_file_ref idref="fl-10"/>
      </object_component>
      <object_component id="oc-30c">
         <name>.debug_info</name>
         <load_address>0xdc23</load_address>
         <run_address>0xdc23</run_address>
         <size>0x247</size>
         <input_file_ref idref="fl-10"/>
      </object_component>
      <object_component id="oc-2ff">
         <name>.debug_info</name>
         <load_address>0xde6a</load_address>
         <run_address>0xde6a</run_address>
         <size>0x249</size>
         <input_file_ref idref="fl-10"/>
      </object_component>
      <object_component id="oc-2fa">
         <name>.debug_info</name>
         <load_address>0xe0b3</load_address>
         <run_address>0xe0b3</run_address>
         <size>0x2fe</size>
         <input_file_ref idref="fl-10"/>
      </object_component>
      <object_component id="oc-3dd">
         <name>.debug_info</name>
         <load_address>0xe3b1</load_address>
         <run_address>0xe3b1</run_address>
         <size>0x237</size>
         <input_file_ref idref="fl-10"/>
      </object_component>
      <object_component id="oc-3f">
         <name>.debug_info</name>
         <load_address>0xe5e8</load_address>
         <run_address>0xe5e8</run_address>
         <size>0x295</size>
         <input_file_ref idref="fl-11"/>
      </object_component>
      <object_component id="oc-47a">
         <name>.debug_info</name>
         <load_address>0xe87d</load_address>
         <run_address>0xe87d</run_address>
         <size>0x3bb</size>
         <input_file_ref idref="fl-12"/>
      </object_component>
      <object_component id="oc-4b0">
         <name>.debug_info</name>
         <load_address>0xec38</load_address>
         <run_address>0xec38</run_address>
         <size>0x12e</size>
         <input_file_ref idref="fl-12"/>
      </object_component>
      <object_component id="oc-474">
         <name>.debug_info</name>
         <load_address>0xed66</load_address>
         <run_address>0xed66</run_address>
         <size>0x12e</size>
         <input_file_ref idref="fl-12"/>
      </object_component>
      <object_component id="oc-477">
         <name>.debug_info</name>
         <load_address>0xee94</load_address>
         <run_address>0xee94</run_address>
         <size>0x12a</size>
         <input_file_ref idref="fl-12"/>
      </object_component>
      <object_component id="oc-471">
         <name>.debug_info</name>
         <load_address>0xefbe</load_address>
         <run_address>0xefbe</run_address>
         <size>0x148</size>
         <input_file_ref idref="fl-12"/>
      </object_component>
      <object_component id="oc-3d0">
         <name>.debug_info</name>
         <load_address>0xf106</load_address>
         <run_address>0xf106</run_address>
         <size>0x2c0</size>
         <input_file_ref idref="fl-12"/>
      </object_component>
      <object_component id="oc-46d">
         <name>.debug_info</name>
         <load_address>0xf3c6</load_address>
         <run_address>0xf3c6</run_address>
         <size>0x231</size>
         <input_file_ref idref="fl-12"/>
      </object_component>
      <object_component id="oc-3c9">
         <name>.debug_info</name>
         <load_address>0xf5f7</load_address>
         <run_address>0xf5f7</run_address>
         <size>0x3a3</size>
         <input_file_ref idref="fl-12"/>
      </object_component>
      <object_component id="oc-4b7">
         <name>.debug_info</name>
         <load_address>0xf99a</load_address>
         <run_address>0xf99a</run_address>
         <size>0x62</size>
         <input_file_ref idref="fl-12"/>
      </object_component>
      <object_component id="oc-287">
         <name>.debug_info</name>
         <load_address>0xf9fc</load_address>
         <run_address>0xf9fc</run_address>
         <size>0x2d1</size>
         <input_file_ref idref="fl-13"/>
      </object_component>
      <object_component id="oc-37d">
         <name>.debug_info</name>
         <load_address>0xfccd</load_address>
         <run_address>0xfccd</run_address>
         <size>0x112</size>
         <input_file_ref idref="fl-13"/>
      </object_component>
      <object_component id="oc-37a">
         <name>.debug_info</name>
         <load_address>0xfddf</load_address>
         <run_address>0xfddf</run_address>
         <size>0x11a</size>
         <input_file_ref idref="fl-13"/>
      </object_component>
      <object_component id="oc-377">
         <name>.debug_info</name>
         <load_address>0xfef9</load_address>
         <run_address>0xfef9</run_address>
         <size>0x11e</size>
         <input_file_ref idref="fl-13"/>
      </object_component>
      <object_component id="oc-386">
         <name>.debug_info</name>
         <load_address>0x10017</load_address>
         <run_address>0x10017</run_address>
         <size>0x239</size>
         <input_file_ref idref="fl-13"/>
      </object_component>
      <object_component id="oc-283">
         <name>.debug_info</name>
         <load_address>0x10250</load_address>
         <run_address>0x10250</run_address>
         <size>0x36b</size>
         <input_file_ref idref="fl-13"/>
      </object_component>
      <object_component id="oc-174">
         <name>.debug_info</name>
         <load_address>0x105bb</load_address>
         <run_address>0x105bb</run_address>
         <size>0x206</size>
         <input_file_ref idref="fl-13"/>
      </object_component>
      <object_component id="oc-37f">
         <name>.debug_info</name>
         <load_address>0x107c1</load_address>
         <run_address>0x107c1</run_address>
         <size>0x284</size>
         <input_file_ref idref="fl-13"/>
      </object_component>
      <object_component id="oc-27c">
         <name>.debug_info</name>
         <load_address>0x10a45</load_address>
         <run_address>0x10a45</run_address>
         <size>0x29c</size>
         <input_file_ref idref="fl-13"/>
      </object_component>
      <object_component id="oc-62">
         <name>.debug_info</name>
         <load_address>0x10ce1</load_address>
         <run_address>0x10ce1</run_address>
         <size>0x11d</size>
         <input_file_ref idref="fl-d0"/>
      </object_component>
      <object_component id="oc-38a">
         <name>.debug_info</name>
         <load_address>0x10dfe</load_address>
         <run_address>0x10dfe</run_address>
         <size>0x146</size>
         <input_file_ref idref="fl-d1"/>
      </object_component>
      <object_component id="oc-d7">
         <name>.debug_info</name>
         <load_address>0x10f44</load_address>
         <run_address>0x10f44</run_address>
         <size>0x14b</size>
         <input_file_ref idref="fl-d2"/>
      </object_component>
      <object_component id="oc-d3">
         <name>.debug_info</name>
         <load_address>0x1108f</load_address>
         <run_address>0x1108f</run_address>
         <size>0x2d8</size>
         <input_file_ref idref="fl-d3"/>
      </object_component>
      <object_component id="oc-76">
         <name>.debug_info</name>
         <load_address>0x11367</load_address>
         <run_address>0x11367</run_address>
         <size>0x1b9</size>
         <input_file_ref idref="fl-d3"/>
      </object_component>
      <object_component id="oc-ce">
         <name>.debug_info</name>
         <load_address>0x11520</load_address>
         <run_address>0x11520</run_address>
         <size>0x46</size>
         <input_file_ref idref="fl-d3"/>
      </object_component>
      <object_component id="oc-157">
         <name>.debug_info</name>
         <load_address>0x11566</load_address>
         <run_address>0x11566</run_address>
         <size>0x2c</size>
         <input_file_ref idref="fl-d3"/>
      </object_component>
      <object_component id="oc-6c">
         <name>.debug_info</name>
         <load_address>0x11592</load_address>
         <run_address>0x11592</run_address>
         <size>0x2ac</size>
         <input_file_ref idref="fl-d4"/>
      </object_component>
      <object_component id="oc-1a">
         <name>.debug_info</name>
         <load_address>0x1183e</load_address>
         <run_address>0x1183e</run_address>
         <size>0x1ee</size>
         <input_file_ref idref="fl-d4"/>
      </object_component>
      <object_component id="oc-67">
         <name>.debug_info</name>
         <load_address>0x11a2c</load_address>
         <run_address>0x11a2c</run_address>
         <size>0x46</size>
         <input_file_ref idref="fl-d4"/>
      </object_component>
      <object_component id="oc-c6">
         <name>.debug_info</name>
         <load_address>0x11a72</load_address>
         <run_address>0x11a72</run_address>
         <size>0x2c</size>
         <input_file_ref idref="fl-d4"/>
      </object_component>
      <object_component id="oc-c4">
         <name>.debug_info</name>
[...]
               <size>0x246</size>
               <logical_group_ref idref="lg-a"/>
            </allocated_space>
            <available_space>
               <start_address>0x20007c6a</start_address>
               <size>0x6</size>
            </available_space>
            <allocated_space>
               <start_address>0x20007c70</start_address>
               <size>0x200</size>
               <logical_group_ref idref="lg-d"/>
            </allocated_space>
            <available_space>
               <start_address>0x20007e70</start_address>
               <size>0x190</size>
            </available_space>
         </usage_details>
      </memory_area>
   </placement_map>
   <cptbl_list>
      <cptbl>
         <name>__TI_cinit_table</name>
         <cprec>
            <name>.data</name>
            <load_address>0x22b0</load_address>
            <load_size>0x2d</load_size>
            <run_address>0x20007a24</run_address>
            <run_size>0x246</run_size>
            <compression>lzss</compression>
         </cprec>
         <cprec>
            <name>.bss</name>
            <load_address>0x22f0</load_address>
            <load_size>0x8</load_size>
            <run_address>0x2000026c</run_address>
            <run_size>0x77b8</run_size>
            <compression>zero_init</compression>
         </cprec>
         <cprec>
            <name>.vtable</name>
            <load_address>0x22f8</load_address>
            <load_size>0x8</load_size>
            <run_address>0x20000000</run_address>
            <run_size>0x26c</run_size>
            <compression>zero_init</compression>
         </cprec>
      </cptbl>
   </cptbl_list>
   <handler_table>
      <handler_table_name>__TI_handler_table</handler_table_name>
      <handler>
         <index>0x0</index>
         <name>__TI_zero_init</name>
      </handler>
      <handler>
         <index>0x1</index>
         <name>__TI_decompress_lzss</name>
      </handler>
      <handler>
         <index>0x2</index>
         <name>__TI_decompress_none</name>
      </handler>
   </handler_table>
   <symbol_table>
      <symbol id="sm-1">
         <name>__STACK_TOP</name>
         <value>0x20007e70</value>
      </symbol>
      <symbol id="sm-2">
         <name>__TI_CINIT_Base</name>
         <value>0x2300</value>
      </symbol>
      <symbol id="sm-3">
         <name>__TI_CINIT_Limit</name>
         <value>0x2318</value>
      </symbol>
      <symbol id="sm-4">
         <name>__TI_Handler_Table_Base</name>
         <value>0x22e0</value>
      </symbol>
      <symbol id="sm-5">
         <name>__TI_Handler_Table_Limit</name>
         <value>0x22ec</value>
      </symbol>
      <symbol id="sm-6">
         <name>binit</name>
         <value>0xffffffff</value>
      </symbol>
      <symbol id="sm-7">
         <name>__binit__</name>
         <value>0xffffffff</value>
      </symbol>
      <symbol id="sm-8">
         <name>__STACK_SIZE</name>
         <value>0x200</value>
      </symbol>
      <symbol id="sm-9">
         <name>__STACK_END</name>
         <value>0x20007e70</value>
      </symbol>
      <symbol id="sm-a">
         <name>__c_args__</name>
         <value>0xffffffff</value>
      </symbol>
      <symbol id="sm-b">
         <name>__TI_pprof_out_hndl</name>
         <value>0xffffffff</value>
      </symbol>
      <symbol id="sm-c">
         <name>__TI_prof_data_start</name>
         <value>0xffffffff</value>
      </symbol>
      <symbol id="sm-d">
         <name>__TI_prof_data_size</name>
         <value>0xffffffff</value>
      </symbol>
      <symbol id="sm-11d">
         <name>Can_SetControllerMode</name>
         <value>0x26d</value>
         <object_component_ref idref="oc-184"/>
      </symbol>
      <symbol id="sm-11e">
         <name>CAN_IRQHandler</name>
         <value>0x13b9</value>
         <object_component_ref idref="oc-ab"/>
      </symbol>
      <symbol id="sm-11f">
         <name>Can_DisableControllerInterrupts</name>
         <value>0x1a71</value>
         <object_component_ref idref="oc-17e"/>
      </symbol>
      <symbol id="sm-120">
         <name>Can_Init</name>
         <value>0x1085</value>
         <object_component_ref idref="oc-178"/>
      </symbol>
      <symbol id="sm-121">
         <name>Can_MainFunction_Read</name>
         <value>0x1295</value>
         <object_component_ref idref="oc-320"/>
      </symbol>
      <symbol id="sm-138">
         <name>Can0_InterruptHandler</name>
         <value>0x20a7</value>
         <object_component_ref idref="oc-47"/>
      </symbol>
      <symbol id="sm-139">
         <name>Can1_InterruptHandler</name>
         <value>0x20ad</value>
         <object_component_ref idref="oc-4d"/>
      </symbol>
      <symbol id="sm-150">
         <name>CanHardwareObject</name>
         <value>0x20007a24</value>
         <object_component_ref idref="oc-138"/>
      </symbol>
      <symbol id="sm-151">
         <name>CanControllerBaudrateConfig</name>
         <value>0x2244</value>
         <object_component_ref idref="oc-2ba"/>
      </symbol>
      <symbol id="sm-152">
         <name>CanController</name>
         <value>0x20007c34</value>
         <object_component_ref idref="oc-13b"/>
      </symbol>
      <symbol id="sm-201">
         <name>CANIntRegister</name>
         <value>0x1f83</value>
         <object_component_ref idref="oc-2a5"/>
      </symbol>
      <symbol id="sm-202">
         <name>CANMessageGet</name>
         <value>0x8d1</value>
         <object_component_ref idref="oc-12f"/>
      </symbol>
      <symbol id="sm-203">
         <name>CANEnable</name>
         <value>0x2083</value>
         <object_component_ref idref="oc-2dd"/>
      </symbol>
      <symbol id="sm-204">
         <name>CANIntDisable</name>
         <value>0x208d</value>
         <object_component_ref idref="oc-2be"/>
      </symbol>
      <symbol id="sm-205">
         <name>CANMessageSet</name>
         <value>0x7a1</value>
         <object_component_ref idref="oc-3aa"/>
      </symbol>
      <symbol id="sm-206">
         <name>CANIntClear</name>
         <value>0x1ee9</value>
         <object_component_ref idref="oc-123"/>
      </symbol>
      <symbol id="sm-207">
         <name>CANIntStatus</name>
         <value>0x1f0b</value>
         <object_component_ref idref="oc-11d"/>
      </symbol>
      <symbol id="sm-208">
         <name>CANDisable</name>
         <value>0x2079</value>
         <object_component_ref idref="oc-29f"/>
      </symbol>
      <symbol id="sm-209">
         <name>CANInit</name>
         <value>0x1c51</value>
         <object_component_ref idref="oc-28d"/>
      </symbol>
      <symbol id="sm-20a">
         <name>CANBitTimingSet</name>
         <value>0x18e3</value>
         <object_component_ref idref="oc-299"/>
      </symbol>
      <symbol id="sm-20b">
         <name>CANIntEnable</name>
         <value>0x2097</value>
         <object_component_ref idref="oc-2d1"/>
      </symbol>
      <symbol id="sm-24c">
         <name>vApplicationStackOverflowHook</name>
         <value>0x1fb3</value>
         <object_component_ref idref="oc-fd"/>
      </symbol>
      <symbol id="sm-24d">
         <name>main</name>
         <value>0x14b5</value>
         <object_component_ref idref="oc-e0"/>
      </symbol>
      <symbol id="sm-24e">
         <name>Read_Task</name>
         <value>0x2051</value>
         <object_component_ref idref="oc-199"/>
      </symbol>
      <symbol id="sm-27c">
         <name>InitConsole</name>
         <value>0x1985</value>
         <object_component_ref idref="oc-16c"/>
      </symbol>
      <symbol id="sm-27d">
         <name>Can_Mcu_Init</name>
         <value>0x1935</value>
         <object_component_ref idref="oc-166"/>
      </symbol>
      <symbol id="sm-27e">
         <name>LED_ON</name>
         <value>0x1dc9</value>
         <object_component_ref idref="oc-129"/>
      </symbol>
      <symbol id="sm-2af">
         <name>ResetISR</name>
         <value>0x20b9</value>
         <object_component_ref idref="oc-24"/>
      </symbol>
      <symbol id="sm-2b0">
         <name>g_pfnVectors</name>
         <value>0x0</value>
         <object_component_ref idref="oc-f"/>
      </symbol>
      <symbol id="sm-2e7">
         <name>uxListRemove</name>
         <value>0x1f2b</value>
         <object_component_ref idref="oc-10d"/>
      </symbol>
      <symbol id="sm-2e8">
         <name>vListInsert</name>
         <value>0x1cc5</value>
         <object_component_ref idref="oc-494"/>
      </symbol>
      <symbol id="sm-2e9">
         <name>vListInitialiseItem</name>
         <value>0x20cb</value>
         <object_component_ref idref="oc-3d5"/>
      </symbol>
      <symbol id="sm-2ea">
         <name>vListInsertEnd</name>
         <value>0x1f9b</value>
         <object_component_ref idref="oc-113"/>
      </symbol>
      <symbol id="sm-2eb">
         <name>vListInitialise</name>
         <value>0x1fcd</value>
         <object_component_ref idref="oc-3e7"/>
      </symbol>
      <symbol id="sm-434">
         <name>vTaskDelay</name>
         <value>0x17d9</value>
         <object_component_ref idref="oc-326"/>
      </symbol>
      <symbol id="sm-435">
         <name>vTaskSuspendAll</name>
         <value>0x2041</value>
         <object_component_ref idref="oc-40d"/>
      </symbol>
      <symbol id="sm-436">
         <name>vTaskStartScheduler</name>
         <value>0x171d</value>
         <object_component_ref idref="oc-190"/>
      </symbol>
      <symbol id="sm-437">
         <name>xTaskResumeAll</name>
         <value>0xdf1</value>
         <object_component_ref idref="oc-419"/>
      </symbol>
      <symbol id="sm-438">
         <name>xTaskGenericCreate</name>
         <value>0xbfd</value>
         <object_component_ref idref="oc-18a"/>
      </symbol>
      <symbol id="sm-439">
         <name>pxCurrentTCB</name>
         <value>0x20007c04</value>
         <object_component_ref idref="oc-97"/>
      </symbol>
      <symbol id="sm-43a">
         <name>xTaskIncrementTick</name>
         <value>0xaf9</value>
         <object_component_ref idref="oc-a4"/>
      </symbol>
      <symbol id="sm-43b">
         <name>vTaskSwitchContext</name>
         <value>0x132d</value>
         <object_component_ref idref="oc-9d"/>
      </symbol>
      <symbol id="sm-495">
         <name>ulMaxSyscallInterruptPriority</name>
         <value>0x22ac</value>
         <object_component_ref idref="oc-9a"/>
      </symbol>
      <symbol id="sm-496">
         <name>vPortSetupTimerInterrupt</name>
         <value>0x1fe5</value>
         <object_component_ref idref="oc-3fe"/>
      </symbol>
      <symbol id="sm-497">
         <name>xPortSysTickHandler</name>
         <value>0x1df5</value>
         <object_component_ref idref="oc-41"/>
      </symbol>
      <symbol id="sm-498">
         <name>pxPortInitialiseStack</name>
         <value>0x1e9d</value>
         <object_component_ref idref="oc-2f8"/>
      </symbol>
      <symbol id="sm-499">
         <name>vPortExitCritical</name>
         <value>0x1fb5</value>
         <object_component_ref idref="oc-30a"/>
      </symbol>
      <symbol id="sm-49a">
         <name>xPortStartScheduler</name>
         <value>0x1c11</value>
         <object_component_ref idref="oc-311"/>
      </symbol>
      <symbol id="sm-49b">
         <name>vPortEnterCritical</name>
         <value>0x1f4d</value>
         <object_component_ref idref="oc-2fe"/>
      </symbol>
      <symbol id="sm-4aa">
         <name>vPortStartFirstTask</name>
         <value>0x1059</value>
         <object_component_ref idref="oc-3c"/>
      </symbol>
      <symbol id="sm-4ab">
         <name>ulPortGetIPSR</name>
         <value>0xfc1</value>
         <object_component_ref idref="oc-3c"/>
      </symbol>
      <symbol id="sm-4ac">
         <name>vPortEnableVFP</name>
         <value>0x1075</value>
         <object_component_ref idref="oc-3c"/>
      </symbol>
      <symbol id="sm-4ad">
         <name>xPortPendSVHandler</name>
         <value>0xfd9</value>
         <object_component_ref idref="oc-3c"/>
      </symbol>
      <symbol id="sm-4ae">
         <name>vPortSVCHandler</name>
         <value>0x1039</value>
         <object_component_ref idref="oc-3c"/>
      </symbol>
      <symbol id="sm-503">
         <name>pvPortMalloc</name>
         <value>0x114d</value>
         <object_component_ref idref="oc-3c8"/>
      </symbol>
      <symbol id="sm-504">
         <name>vPortFree</name>
         <value>0x1b8d</value>
         <object_component_ref idref="oc-3ce"/>
      </symbol>
      <symbol id="sm-572">
         <name>UARTStdioConfig</name>
         <value>0x165d</value>
         <object_component_ref idref="oc-279"/>
      </symbol>
      <symbol id="sm-573">
         <name>UARTwrite</name>
         <value>0x1b01</value>
         <object_component_ref idref="oc-383"/>
      </symbol>
      <symbol id="sm-574">
         <name>UARTprintf</name>
         <value>0x1f69</value>
         <object_component_ref idref="oc-172"/>
      </symbol>
      <symbol id="sm-575">
         <name>UARTvprintf</name>
         <value>0x485</value>
         <object_component_ref idref="oc-280"/>
      </symbol>
      <symbol id="sm-592">
         <name>memcpy</name>
         <value>0x11f9</value>
         <object_component_ref idref="oc-61"/>
      </symbol>
      <symbol id="sm-593">
         <name>__aeabi_memcpy</name>
         <value>0x11f9</value>
         <object_component_ref idref="oc-61"/>
      </symbol>
      <symbol id="sm-594">
         <name>__aeabi_memcpy8</name>
         <value>0x11f9</value>
         <object_component_ref idref="oc-61"/>
      </symbol>
      <symbol id="sm-595">
         <name>__aeabi_memcpy4</name>
         <value>0x11f9</value>
         <object_component_ref idref="oc-61"/>
      </symbol>
      <symbol id="sm-5a4">
         <name>__aeabi_uidivmod</name>
         <value>0x1bd1</value>
         <object_component_ref idref="oc-389"/>
      </symbol>
      <symbol id="sm-5a5">
         <name>__aeabi_uidiv</name>
         <value>0x1bd1</value>
         <object_component_ref idref="oc-389"/>
      </symbol>
      <symbol id="sm-5b4">
         <name>__aeabi_memset</name>
         <value>0x143b</value>
         <object_component_ref idref="oc-d4"/>
      </symbol>
      <symbol id="sm-5b5">
         <name>memset</name>
         <value>0x1441</value>
         <object_component_ref idref="oc-d4"/>
      </symbol>
      <symbol id="sm-5b6">
         <name>__aeabi_memset8</name>
         <value>0x143b</value>
         <object_component_ref idref="oc-d4"/>
      </symbol>
      <symbol id="sm-5b7">
         <name>__aeabi_memset4</name>
         <value>0x143b</value>
         <object_component_ref idref="oc-d4"/>
      </symbol>
      <symbol id="sm-5b8">
         <name>__aeabi_memclr8</name>
         <value>0x1439</value>
         <object_component_ref idref="oc-d4"/>
      </symbol>
      <symbol id="sm-5b9">
         <name>__aeabi_memclr4</name>
         <value>0x1439</value>
         <object_component_ref idref="oc-d4"/>
      </symbol>
      <symbol id="sm-5ba">
         <name>__aeabi_memclr</name>
         <value>0x1439</value>
         <object_component_ref idref="oc-d4"/>
      </symbol>
      <symbol id="sm-5d1">
         <name>__TI_zero_init</name>
         <value>0x206d</value>
         <object_component_ref idref="oc-73"/>
      </symbol>
      <symbol id="sm-5e8">
         <name>__TI_decompress_none</name>
         <value>0x205f</value>
         <object_component_ref idref="oc-18"/>
      </symbol>
      <symbol id="sm-60b">
         <name>__TI_decompress_lzss</name>
         <value>0x15f5</value>
         <object_component_ref idref="oc-12"/>
      </symbol>
      <symbol id="sm-61e">
         <name>__stack</name>
         <value>0x20007c70</value>
         <object_component_ref idref="oc-21"/>
      </symbol>
      <symbol id="sm-61f">
         <name>_c_int00_noargs</name>
         <value>0x1d65</value>
         <object_component_ref idref="oc-7f"/>
      </symbol>
      <symbol id="sm-629">
         <name>__aeabi_idiv0</name>
         <value>0x1f4b</value>
         <object_component_ref idref="oc-452"/>
      </symbol>
      <symbol id="sm-62a">
         <name>__aeabi_ldiv0</name>
         <value>0x1f4b</value>
         <object_component_ref idref="oc-452"/>
      </symbol>
      <symbol id="sm-652">
         <name>__TI_auto_init_nobinit_nopinit</name>
         <value>0x1b49</value>
         <object_component_ref idref="oc-1ad"/>
      </symbol>
      <symbol id="sm-65c">
         <name>_system_pre_init</name>
         <value>0x20d1</value>
         <object_component_ref idref="oc-da"/>
      </symbol>
      <symbol id="sm-668">
         <name>C$$EXIT</name>
         <value>0x20d5</value>
         <object_component_ref idref="oc-1a1"/>
      </symbol>
      <symbol id="sm-669">
         <name>abort</name>
         <value>0x20d5</value>
         <object_component_ref idref="oc-1a1"/>
      </symbol>
      <symbol id="sm-6b2">
         <name>GPIOPinConfigure</name>
         <value>0x1ab9</value>
         <object_component_ref idref="oc-260"/>
      </symbol>
      <symbol id="sm-6b3">
         <name>GPIOPinTypeUART</name>
         <value>0x200b</value>
         <object_component_ref idref="oc-273"/>
      </symbol>
      <symbol id="sm-6b4">
         <name>GPIODirModeSet</name>
         <value>0x1e21</value>
         <object_component_ref idref="oc-366"/>
      </symbol>
      <symbol id="sm-6b5">
         <name>GPIOPinWrite</name>
         <value>0x20b3</value>
         <object_component_ref idref="oc-20d"/>
      </symbol>
      <symbol id="sm-6b6">
         <name>GPIOPadConfigSet</name>
         <value>0x66f</value>
         <object_component_ref idref="oc-36c"/>
      </symbol>
      <symbol id="sm-6b7">
         <name>GPIOPinTypeCAN</name>
         <value>0x1ff9</value>
         <object_component_ref idref="oc-266"/>
      </symbol>
      <symbol id="sm-703">
         <name>IntEnable</name>
         <value>0x158d</value>
         <object_component_ref idref="oc-2d7"/>
      </symbol>
      <symbol id="sm-704">
         <name>IntDisable</name>
         <value>0x1525</value>
         <object_component_ref idref="oc-2c4"/>
      </symbol>
      <symbol id="sm-705">
         <name>IntRegister</name>
         <value>0x1cfd</value>
         <object_component_ref idref="oc-39e"/>
      </symbol>
      <symbol id="sm-706">
         <name>g_pfnRAMVectors</name>
         <value>0x20000000</value>
         <object_component_ref idref="oc-45b"/>
      </symbol>
      <symbol id="sm-764">
         <name>SysCtlClockSet</name>
         <value>0xcfd</value>
         <object_component_ref idref="oc-254"/>
      </symbol>
      <symbol id="sm-765">
         <name>SysCtlDelay</name>
         <value>0x20bf</value>
         <object_component_ref idref="oc-35f"/>
      </symbol>
      <symbol id="sm-766">
         <name>SysCtlPeripheralEnable</name>
         <value>0x1d31</value>
         <object_component_ref idref="oc-25a"/>
      </symbol>
      <symbol id="sm-767">
         <name>SysCtlClockGet</name>
         <value>0x9e9</value>
         <object_component_ref idref="oc-293"/>
      </symbol>
      <symbol id="sm-768">
         <name>SysCtlPeripheralReset</name>
         <value>0x19d5</value>
         <object_component_ref idref="oc-160"/>
      </symbol>
      <symbol id="sm-775">
         <name>UARTClockSourceSet</name>
         <value>0x20c5</value>
         <object_component_ref idref="oc-26d"/>
      </symbol>
      <symbol id="sm-777">
         <name>__TI_static_base__</name>
         <value>0x0</value>
      </symbol>
      <symbol id="sm-77a">
         <name>__mpu_init</name>
         <value>0x0</value>
      </symbol>
      <symbol id="sm-77b">
         <name>_system_post_cinit</name>
         <value>0x0</value>
      </symbol>
      <symbol id="sm-77c">
         <name>Mcu_GetSysCloock</name>
         <value>0x9e9</value>
      </symbol>
   </symbol_table>
   <title>Link successful</title>
</link_info>
