<?xml version="1.0" encoding="ISO-8859-1" ?>
<link_info>
   <banner>TI ARM Linker PC v18.12.1.LTS</banner>
   <copyright>Copyright (c) 1996-2018 Texas Instruments Incorporated</copyright>
   <link_time>0x5ee4f212</link_time>
   <link_errors>0x0</link_errors>
   <output_file>CANTx4.out</output_file>
   <entry_point>
      <name>_c_int00_noargs</name>
      <address>0x22d5</address>
   </entry_point>
   <input_file_list>
      <input_file id="fl-2">
         <path>.\</path>
         <kind>object</kind>
         <file>CanAUTO.obj</file>
         <name>CanAUTO.obj</name>
      </input_file>
      <input_file id="fl-3">
         <path>.\</path>
         <kind>object</kind>
         <file>Can_interrupt.obj</file>
         <name>Can_interrupt.obj</name>
      </input_file>
      <input_file id="fl-4">
         <path>.\</path>
         <kind>object</kind>
         <file>Can_lcfg.obj</file>
         <name>Can_lcfg.obj</name>
      </input_file>
      <input_file id="fl-5">
         <path>.\</path>
         <kind>object</kind>
         <file>MCU.obj</file>
         <name>MCU.obj</name>
      </input_file>
      <input_file id="fl-6">
         <path>.\</path>
         <kind>object</kind>
         <file>can.obj</file>
         <name>can.obj</name>
      </input_file>
      <input_file id="fl-7">
         <path>.\</path>
         <kind>object</kind>
         <file>main.obj</file>
         <name>main.obj</name>
      </input_file>
      <input_file id="fl-8">
         <path>.\</path>
         <kind>object</kind>
         <file>tm4c123gh6pm_startup_ccs.obj</file>
         <name>tm4c123gh6pm_startup_ccs.obj</name>
      </input_file>
      <input_file id="fl-9">
         <path>.\</path>
         <kind>object</kind>
         <file>uartstdio.obj</file>
         <name>uartstdio.obj</name>
      </input_file>
      <input_file id="fl-e">
         <kind>object</kind>
         <file>&lt;internal&gt;</file>
         <name>&lt;internal&gt;</name>
      </input_file>
      <input_file id="fl-f">
         <path>..\</path>
         <kind>archive</kind>
         <file>driverlib.lib</file>
         <name>gpio.obj</name>
      </input_file>
      <input_file id="fl-10">
         <path>..\</path>
         <kind>archive</kind>
         <file>driverlib.lib</file>
         <name>interrupt.obj</name>
      </input_file>
      <input_file id="fl-11">
         <path>..\</path>
         <kind>archive</kind>
         <file>driverlib.lib</file>
         <name>sysctl.obj</name>
      </input_file>
      <input_file id="fl-12">
         <path>..\</path>
         <kind>archive</kind>
         <file>driverlib.lib</file>
         <name>uart.obj</name>
      </input_file>
      <input_file id="fl-13">
         <path>..\</path>
         <kind>archive</kind>
         <file>driverlib.lib</file>
         <name>cpu.obj</name>
      </input_file>
      <input_file id="fl-c9">
         <path>C:\ti\ccs901\ccs\tools\compiler\ti-cgt-arm_18.12.1.LTS\lib\</path>
         <kind>archive</kind>
         <file>rtsv7M4_T_le_v4SPD16_eabi.lib</file>
         <name>u_divt2.asm.obj</name>
      </input_file>
      <input_file id="fl-ca">
         <path>C:\ti\ccs901\ccs\tools\compiler\ti-cgt-arm_18.12.1.LTS\lib\</path>
         <kind>archive</kind>
         <file>rtsv7M4_T_le_v4SPD16_eabi.lib</file>
         <name>memset_t2.asm.obj</name>
      </input_file>
      <input_file id="fl-cb">
         <path>C:\ti\ccs901\ccs\tools\compiler\ti-cgt-arm_18.12.1.LTS\lib\</path>
         <kind>archive</kind>
         <file>rtsv7M4_T_le_v4SPD16_eabi.lib</file>
         <name>copy_zero_init.c.obj</name>
      </input_file>
      <input_file id="fl-cc">
         <path>C:\ti\ccs901\ccs\tools\compiler\ti-cgt-arm_18.12.1.LTS\lib\</path>
         <kind>archive</kind>
         <file>rtsv7M4_T_le_v4SPD16_eabi.lib</file>
         <name>copy_decompress_none.c.obj</name>
      </input_file>
      <input_file id="fl-cd">
         <path>C:\ti\ccs901\ccs\tools\compiler\ti-cgt-arm_18.12.1.LTS\lib\</path>
         <kind>archive</kind>
         <file>rtsv7M4_T_le_v4SPD16_eabi.lib</file>
         <name>copy_decompress_lzss.c.obj</name>
      </input_file>
      <input_file id="fl-ce">
         <path>C:\ti\ccs901\ccs\tools\compiler\ti-cgt-arm_18.12.1.LTS\lib\</path>
         <kind>archive</kind>
         <file>rtsv7M4_T_le_v4SPD16_eabi.lib</file>
         <name>boot_cortex_m.c.obj</name>
      </input_file>
      <input_file id="fl-cf">
         <path>C:\ti\ccs901\ccs\tools\compiler\ti-cgt-arm_18.12.1.LTS\lib\</path>
         <kind>archive</kind>
         <file>rtsv7M4_T_le_v4SPD16_eabi.lib</file>
         <name>div0.asm.obj</name>
      </input_file>
      <input_file id="fl-d0">
         <path>C:\ti\ccs901\ccs\tools\compiler\ti-cgt-arm_18.12.1.LTS\lib\</path>
         <kind>archive</kind>
         <file>rtsv7M4_T_le_v4SPD16_eabi.lib</file>
         <name>memcpy_t2.asm.obj</name>
      </input_file>
      <input_file id="fl-d1">
         <path>C:\ti\ccs901\ccs\tools\compiler\ti-cgt-arm_18.12.1.LTS\lib\</path>
         <kind>archive</kind>
         <file>rtsv7M4_T_le_v4SPD16_eabi.lib</file>
         <name>autoinit.c.obj</name>
      </input_file>
      <input_file id="fl-d2">
         <path>C:\ti\ccs901\ccs\tools\compiler\ti-cgt-arm_18.12.1.LTS\lib\</path>
         <kind>archive</kind>
         <file>rtsv7M4_T_le_v4SPD16_eabi.lib</file>
         <name>pre_init.c.obj</name>
      </input_file>
      <input_file id="fl-d3">
         <path>C:\ti\ccs901\ccs\tools\compiler\ti-cgt-arm_18.12.1.LTS\lib\</path>
         <kind>archive</kind>
         <file>rtsv7M4_T_le_v4SPD16_eabi.lib</file>
         <name>cpy_tbl.c.obj</name>
      </input_file>
      <input_file id="fl-d4">
         <path>C:\ti\ccs901\ccs\tools\compiler\ti-cgt-arm_18.12.1.LTS\lib\</path>
         <kind>archive</kind>
         <file>rtsv7M4_T_le_v4SPD16_eabi.lib</file>
         <name>exit.c.obj</name>
      </input_file>
      <input_file id="fl-d5">
         <path>C:\ti\ccs901\ccs\tools\compiler\ti-cgt-arm_18.12.1.LTS\lib\</path>
         <kind>archive</kind>
         <file>rtsv7M4_T_le_v4SPD16_eabi.lib</file>
         <name>_lock.c.obj</name>
      </input_file>
      <input_file id="fl-d6">
         <path>C:\ti\ccs901\ccs\tools\compiler\ti-cgt-arm_18.12.1.LTS\lib\</path>
         <kind>archive</kind>
         <file>rtsv7M4_T_le_v4SPD16_eabi.lib</file>
         <name>args_main.c.obj</name>
      </input_file>
   </input_file_list>
   <object_component_list>
      <object_component id="oc-f">
         <name>.intvecs</name>
         <load_address>0x0</load_address>
         <run_address>0x0</run_address>
         <size>0x26c</size>
         <input_file_ref idref="fl-8"/>
      </object_component>
      <object_component id="oc-71">
         <name>.text</name>
         <load_address>0x26c</load_address>
         <run_address>0x26c</run_address>
         <size>0xdfc</size>
         <input_file_ref idref="fl-2"/>
      </object_component>
      <object_component id="oc-b7">
         <name>.text</name>
         <load_address>0x1068</load_address>
         <run_address>0x1068</run_address>
         <size>0xa28</size>
         <input_file_ref idref="fl-6"/>
      </object_component>
      <object_component id="oc-a5">
         <name>.text</name>
         <load_address>0x1a90</load_address>
         <run_address>0x1a90</run_address>
         <size>0x140</size>
         <input_file_ref idref="fl-7"/>
      </object_component>
      <object_component id="oc-20a">
         <name>.text:GPIOPadConfigSet</name>
         <load_address>0x1bd0</load_address>
         <run_address>0x1bd0</run_address>
         <size>0x132</size>
         <input_file_ref idref="fl-f"/>
      </object_component>
      <object_component id="oc-241">
         <name>.text:_IntDefaultHandler</name>
         <load_address>0x1d02</load_address>
         <run_address>0x1d02</run_address>
         <size>0x2</size>
         <input_file_ref idref="fl-10"/>
      </object_component>
      <object_component id="oc-ea">
         <name>.text:SysCtlClockGet</name>
         <load_address>0x1d04</load_address>
         <run_address>0x1d04</run_address>
         <size>0x110</size>
         <input_file_ref idref="fl-11"/>
      </object_component>
      <object_component id="oc-125">
         <name>.text:SysCtlClockSet</name>
         <load_address>0x1e14</load_address>
         <run_address>0x1e14</run_address>
         <size>0xf4</size>
         <input_file_ref idref="fl-11"/>
      </object_component>
      <object_component id="oc-3e">
         <name>.text</name>
         <load_address>0x1f08</load_address>
         <run_address>0x1f08</run_address>
         <size>0x9c</size>
         <input_file_ref idref="fl-d0"/>
      </object_component>
      <object_component id="oc-99">
         <name>.text</name>
         <load_address>0x1fa4</load_address>
         <run_address>0x1fa4</run_address>
         <size>0x7a</size>
         <input_file_ref idref="fl-ca"/>
      </object_component>
      <object_component id="oc-d8">
         <name>.text:IntDisable</name>
         <load_address>0x2020</load_address>
         <run_address>0x2020</run_address>
         <size>0x68</size>
         <input_file_ref idref="fl-10"/>
      </object_component>
      <object_component id="oc-bd">
         <name>.text:IntEnable</name>
         <load_address>0x2088</load_address>
         <run_address>0x2088</run_address>
         <size>0x68</size>
         <input_file_ref idref="fl-10"/>
      </object_component>
      <object_component id="oc-12">
         <name>.text:decompress:lzss:__TI_decompress_lzss</name>
         <load_address>0x20f0</load_address>
         <run_address>0x20f0</run_address>
         <size>0x68</size>
         <input_file_ref idref="fl-cd"/>
      </object_component>
      <object_component id="oc-11f">
         <name>.text:SysCtlPeripheralReset</name>
         <load_address>0x2158</load_address>
         <run_address>0x2158</run_address>
         <size>0x50</size>
         <input_file_ref idref="fl-11"/>
      </object_component>
      <object_component id="oc-131">
         <name>.text:GPIOPinConfigure</name>
         <load_address>0x21a8</load_address>
         <run_address>0x21a8</run_address>
         <size>0x48</size>
         <input_file_ref idref="fl-f"/>
      </object_component>
      <object_component id="oc-172">
         <name>.text:__TI_auto_init_nobinit_nopinit:__TI_auto_init_nobinit_nopinit</name>
         <load_address>0x21f0</load_address>
         <run_address>0x21f0</run_address>
         <size>0x44</size>
         <input_file_ref idref="fl-d1"/>
      </object_component>
      <object_component id="oc-14a">
         <name>.text:SysCtlPeripheralReady</name>
         <load_address>0x2234</load_address>
         <run_address>0x2234</run_address>
         <size>0x38</size>
         <input_file_ref idref="fl-11"/>
      </object_component>
      <object_component id="oc-1a4">
         <name>.text:IntRegister</name>
         <load_address>0x226c</load_address>
         <run_address>0x226c</run_address>
         <size>0x34</size>
         <input_file_ref idref="fl-10"/>
      </object_component>
      <object_component id="oc-12b">
         <name>.text:SysCtlPeripheralEnable</name>
         <load_address>0x22a0</load_address>
         <run_address>0x22a0</run_address>
         <size>0x34</size>
         <input_file_ref idref="fl-11"/>
      </object_component>
      <object_component id="oc-5c">
         <name>.text:_c_int00_noargs:_c_int00_noargs</name>
         <load_address>0x22d4</load_address>
         <run_address>0x22d4</run_address>
         <size>0x34</size>
         <input_file_ref idref="fl-ce"/>
      </object_component>
      <object_component id="oc-204">
         <name>.text:GPIODirModeSet</name>
         <load_address>0x2308</load_address>
         <run_address>0x2308</run_address>
         <size>0x2a</size>
         <input_file_ref idref="fl-f"/>
      </object_component>
      <object_component id="oc-150">
         <name>.text:GPIOPinTypeGPIOOutput</name>
         <load_address>0x2332</load_address>
         <run_address>0x2332</run_address>
         <size>0x18</size>
         <input_file_ref idref="fl-f"/>
      </object_component>
      <object_component id="oc-2a">
         <name>.text</name>
         <load_address>0x234a</load_address>
         <run_address>0x234a</run_address>
         <size>0x14</size>
         <input_file_ref idref="fl-3"/>
      </object_component>
      <object_component id="oc-1aa">
         <name>.text:IntUnregister</name>
         <load_address>0x2360</load_address>
         <run_address>0x2360</run_address>
         <size>0x14</size>
         <input_file_ref idref="fl-10"/>
      </object_component>
      <object_component id="oc-137">
         <name>.text:GPIOPinTypeCAN</name>
         <load_address>0x2374</load_address>
         <run_address>0x2374</run_address>
         <size>0x12</size>
         <input_file_ref idref="fl-f"/>
      </object_component>
      <object_component id="oc-143">
         <name>.text:GPIOPinTypeUART</name>
         <load_address>0x2386</load_address>
         <run_address>0x2386</run_address>
         <size>0x12</size>
         <input_file_ref idref="fl-f"/>
      </object_component>
      <object_component id="oc-4a">
         <name>.text:decompress:ZI:__TI_zero_init_nomemset:__TI_zero_init_nomemset</name>
         <load_address>0x2398</load_address>
         <run_address>0x2398</run_address>
         <size>0x12</size>
         <input_file_ref idref="fl-cb"/>
      </object_component>
      <object_component id="oc-18">
         <name>.text:decompress:none:__TI_decompress_none</name>
         <load_address>0x23aa</load_address>
         <run_address>0x23aa</run_address>
         <size>0xe</size>
         <input_file_ref idref="fl-cc"/>
      </object_component>
      <object_component id="oc-24">
         <name>.text</name>
         <load_address>0x23b8</load_address>
         <run_address>0x23b8</run_address>
         <size>0xc</size>
         <input_file_ref idref="fl-8"/>
      </object_component>
      <object_component id="oc-de">
         <name>.text</name>
         <load_address>0x23c4</load_address>
         <run_address>0x23c4</run_address>
         <size>0x8</size>
         <input_file_ref idref="fl-5"/>
      </object_component>
      <object_component id="oc-156">
         <name>.text:GPIOPinWrite</name>
         <load_address>0x23cc</load_address>
         <run_address>0x23cc</run_address>
         <size>0x6</size>
         <input_file_ref idref="fl-f"/>
      </object_component>
      <object_component id="oc-149">
         <name>.text:SysCtlDelay</name>
         <load_address>0x23d2</load_address>
         <run_address>0x23d2</run_address>
         <size>0x6</size>
         <input_file_ref idref="fl-11"/>
      </object_component>
      <object_component id="oc-13d">
         <name>.text:UARTClockSourceSet</name>
         <load_address>0x23d8</load_address>
         <run_address>0x23d8</run_address>
         <size>0x6</size>
         <input_file_ref idref="fl-12"/>
      </object_component>
      <object_component id="oc-9f">
         <name>.text:_system_pre_init</name>
         <load_address>0x23de</load_address>
         <run_address>0x23de</run_address>
         <size>0x4</size>
         <input_file_ref idref="fl-d2"/>
      </object_component>
      <object_component id="oc-166">
         <name>.text:abort:abort</name>
         <load_address>0x23e2</load_address>
         <run_address>0x23e2</run_address>
         <size>0x4</size>
         <input_file_ref idref="fl-d4"/>
      </object_component>
      <object_component id="oc-1ff">
         <name>.const:g_pui32GPIOBaseAddrs</name>
         <load_address>0x23e8</load_address>
         <run_address>0x23e8</run_address>
         <size>0x90</size>
         <input_file_ref idref="fl-f"/>
      </object_component>
      <object_component id="oc-1ba">
         <name>.const</name>
         <load_address>0x2478</load_address>
         <run_address>0x2478</run_address>
         <size>0x70</size>
         <input_file_ref idref="fl-10"/>
      </object_component>
      <object_component id="oc-1f7">
         <name>.const:g_pui32Xtals</name>
         <load_address>0x24e8</load_address>
         <run_address>0x24e8</run_address>
         <size>0x6c</size>
         <input_file_ref idref="fl-11"/>
      </object_component>
      <object_component id="oc-1b0">
         <name>.const:g_ui16CANBitValues</name>
         <load_address>0x2554</load_address>
         <run_address>0x2554</run_address>
         <size>0x20</size>
         <input_file_ref idref="fl-6"/>
      </object_component>
      <object_component id="oc-15f">
         <name>.const:$P$T1$2</name>
         <load_address>0x2574</load_address>
         <run_address>0x2574</run_address>
         <size>0xc</size>
         <input_file_ref idref="fl-7"/>
      </object_component>
      <object_component id="oc-15c">
         <name>.const:.string:$P$T0$1</name>
         <load_address>0x2580</load_address>
         <run_address>0x2580</run_address>
         <size>0x2</size>
         <input_file_ref idref="fl-7"/>
      </object_component>
      <object_component id="oc-e4">
         <name>.const:.string:$P$T0$3</name>
         <load_address>0x2582</load_address>
         <run_address>0x2582</run_address>
         <size>0x2</size>
         <input_file_ref idref="fl-2"/>
      </object_component>
      <object_component id="oc-2c0">
         <name>.cinit..data.load</name>
         <load_address>0x2588</load_address>
         <run_address>0x2588</run_address>
         <size>0x56</size>
      </object_component>
      <object_component id="oc-2bd">
         <name>__TI_handler_table</name>
         <load_address>0x25e0</load_address>
         <run_address>0x25e0</run_address>
         <size>0xc</size>
      </object_component>
      <object_component id="oc-2c1">
         <name>.cinit..bss.load</name>
         <load_address>0x25f0</load_address>
         <run_address>0x25f0</run_address>
         <size>0x8</size>
      </object_component>
      <object_component id="oc-2bf">
         <name>.cinit..vtable.load</name>
         <load_address>0x25f8</load_address>
         <run_address>0x25f8</run_address>
         <size>0x8</size>
      </object_component>
      <object_component id="oc-2be">
         <name>__TI_cinit_table</name>
         <load_address>0x2600</load_address>
         <run_address>0x2600</run_address>
         <size>0x18</size>
      </object_component>
      <object_component id="oc-23d">
         <name>.vtable</name>
         <uninitialized>true</uninitialized>
         <run_address>0x20000000</run_address>
         <size>0x26c</size>
         <input_file_ref idref="fl-10"/>
      </object_component>
      <object_component id="oc-c9">
         <name>.data:state_transition_flag</name>
         <load_address>0x200004b6</load_address>
         <run_address>0x200004b6</run_address>
         <size>0x2</size>
         <input_file_ref idref="fl-2"/>
      </object_component>
      <object_component id="oc-c3">
         <name>.data</name>
         <load_address>0x200004b4</load_address>
         <run_address>0x200004b4</run_address>
         <size>0x2</size>
         <input_file_ref idref="fl-2"/>
      </object_component>
      <object_component id="oc-e7">
         <name>.data:CanControllerBaudrateConfig</name>
         <load_address>0x2000044c</load_address>
         <run_address>0x2000044c</run_address>
         <size>0x48</size>
         <input_file_ref idref="fl-4"/>
      </object_component>
      <object_component id="oc-cf">
         <name>.data:CanController</name>
         <load_address>0x20000494</load_address>
         <run_address>0x20000494</run_address>
         <size>0x20</size>
         <input_file_ref idref="fl-4"/>
      </object_component>
      <object_component id="oc-d2">
         <name>.data:CanHardwareObject</name>
         <load_address>0x2000026c</load_address>
         <run_address>0x2000026c</run_address>
         <size>0x1e0</size>
         <input_file_ref idref="fl-4"/>
      </object_component>
      <object_component id="oc-162">
         <name>.data</name>
         <load_address>0x200004b8</load_address>
         <run_address>0x200004b8</run_address>
         <size>0x1</size>
         <input_file_ref idref="fl-7"/>
      </object_component>
      <object_component id="oc-c6">
         <name>.bss:Can_ControllerMode</name>
         <uninitialized>true</uninitialized>
         <run_address>0x20000780</run_address>
         <size>0x4</size>
         <input_file_ref idref="fl-2"/>
      </object_component>
      <object_component id="oc-cc">
         <name>.bss:IntDisableCount</name>
         <uninitialized>true</uninitialized>
         <run_address>0x20000784</run_address>
         <size>0x4</size>
         <input_file_ref idref="fl-2"/>
      </object_component>
      <object_component id="oc-d5">
         <name>.common:Can_MailBoxLookUpTables</name>
         <uninitialized>true</uninitialized>
         <run_address>0x200006c0</run_address>
         <size>0xc0</size>
      </object_component>
      <object_component id="oc-21">
         <name>.stack</name>
         <uninitialized>true</uninitialized>
         <run_address>0x200004c0</run_address>
         <size>0x4</size>
         <input_file_ref idref="fl-ce"/>
      </object_component>
      <object_component id="oc-2c2">
         <name>.stack</name>
         <uninitialized>true</uninitialized>
         <run_address>0x200004c0</run_address>
         <size>0x0</size>
      </object_component>
      <object_component id="oc-d6">
         <name>.debug_info</name>
         <load_address>0x0</load_address>
         <run_address>0x0</run_address>
         <size>0x877</size>
         <input_file_ref idref="fl-2"/>
      </object_component>
      <object_component id="oc-ca">
         <name>.debug_info</name>
         <load_address>0x877</load_address>
         <run_address>0x877</run_address>
         <size>0xe2</size>
         <input_file_ref idref="fl-2"/>
      </object_component>
      <object_component id="oc-c7">
         <name>.debug_info</name>
         <load_address>0x959</load_address>
         <run_address>0x959</run_address>
         <size>0xdc</size>
         <input_file_ref idref="fl-2"/>
      </object_component>
      <object_component id="oc-cd">
         <name>.debug_info</name>
         <load_address>0xa35</load_address>
         <run_address>0xa35</run_address>
         <size>0xd6</size>
         <input_file_ref idref="fl-2"/>
      </object_component>
      <object_component id="oc-c4">
         <name>.debug_info</name>
         <load_address>0xb0b</load_address>
         <run_address>0xb0b</run_address>
         <size>0xd0</size>
         <input_file_ref idref="fl-2"/>
      </object_component>
      <object_component id="oc-e5">
         <name>.debug_info</name>
         <load_address>0xbdb</load_address>
         <run_address>0xbdb</run_address>
         <size>0xc7</size>
         <input_file_ref idref="fl-2"/>
      </object_component>
      <object_component id="oc-72">
         <name>.debug_info</name>
         <load_address>0xca2</load_address>
         <run_address>0xca2</run_address>
         <size>0x14d9</size>
         <input_file_ref idref="fl-2"/>
      </object_component>
      <object_component id="oc-1d3">
         <name>.debug_info</name>
         <load_address>0x217b</load_address>
         <run_address>0x217b</run_address>
         <size>0x675</size>
         <input_file_ref idref="fl-2"/>
      </object_component>
      <object_component id="oc-fb">
         <name>.debug_info</name>
         <load_address>0x27f0</load_address>
         <run_address>0x27f0</run_address>
         <size>0x3c5</size>
         <input_file_ref idref="fl-2"/>
      </object_component>
      <object_component id="oc-1e2">
         <name>.debug_info</name>
         <load_address>0x2bb5</load_address>
         <run_address>0x2bb5</run_address>
         <size>0x8bf</size>
         <input_file_ref idref="fl-2"/>
      </object_component>
      <object_component id="oc-1d8">
         <name>.debug_info</name>
         <load_address>0x3474</load_address>
         <run_address>0x3474</run_address>
         <size>0x1ce</size>
         <input_file_ref idref="fl-2"/>
      </object_component>
      <object_component id="oc-1e7">
         <name>.debug_info</name>
         <load_address>0x3642</load_address>
         <run_address>0x3642</run_address>
         <size>0x306</size>
         <input_file_ref idref="fl-2"/>
      </object_component>
      <object_component id="oc-100">
         <name>.debug_info</name>
         <load_address>0x3948</load_address>
         <run_address>0x3948</run_address>
         <size>0x1b3</size>
         <input_file_ref idref="fl-2"/>
      </object_component>
      <object_component id="oc-105">
         <name>.debug_info</name>
         <load_address>0x3afb</load_address>
         <run_address>0x3afb</run_address>
         <size>0x126</size>
         <input_file_ref idref="fl-2"/>
      </object_component>
      <object_component id="oc-7a">
         <name>.debug_info</name>
         <load_address>0x3c21</load_address>
         <run_address>0x3c21</run_address>
         <size>0x26b</size>
         <input_file_ref idref="fl-2"/>
      </object_component>
      <object_component id="oc-f1">
         <name>.debug_info</name>
         <load_address>0x3e8c</load_address>
         <run_address>0x3e8c</run_address>
         <size>0xb4</size>
         <input_file_ref idref="fl-2"/>
      </object_component>
      <object_component id="oc-1dd">
         <name>.debug_info</name>
         <load_address>0x3f40</load_address>
         <run_address>0x3f40</run_address>
         <size>0x190</size>
         <input_file_ref idref="fl-2"/>
      </object_component>
      <object_component id="oc-f6">
         <name>.debug_info</name>
         <load_address>0x40d0</load_address>
         <run_address>0x40d0</run_address>
         <size>0x8b</size>
         <input_file_ref idref="fl-2"/>
      </object_component>
      <object_component id="oc-10a">
         <name>.debug_info</name>
         <load_address>0x415b</load_address>
         <run_address>0x415b</run_address>
         <size>0x297</size>
         <input_file_ref idref="fl-2"/>
      </object_component>
      <object_component id="oc-1b4">
         <name>.debug_info</name>
         <load_address>0x43f2</load_address>
         <run_address>0x43f2</run_address>
         <size>0xef</size>
         <input_file_ref idref="fl-2"/>
      </object_component>
      <object_component id="oc-7f">
         <name>.debug_info</name>
         <load_address>0x44e1</load_address>
         <run_address>0x44e1</run_address>
         <size>0xbb</size>
         <input_file_ref idref="fl-2"/>
      </object_component>
      <object_component id="oc-1ec">
         <name>.debug_info</name>
         <load_address>0x459c</load_address>
         <run_address>0x459c</run_address>
         <size>0xef</size>
         <input_file_ref idref="fl-2"/>
      </object_component>
      <object_component id="oc-2d">
         <name>.debug_info</name>
         <load_address>0x468b</load_address>
         <run_address>0x468b</run_address>
         <size>0x1be</size>
         <input_file_ref idref="fl-3"/>
      </object_component>
      <object_component id="oc-39">
         <name>.debug_info</name>
         <load_address>0x4849</load_address>
         <run_address>0x4849</run_address>
         <size>0x84</size>
         <input_file_ref idref="fl-3"/>
      </object_component>
      <object_component id="oc-1ce">
         <name>.debug_info</name>
         <load_address>0x48cd</load_address>
         <run_address>0x48cd</run_address>
         <size>0x116</size>
         <input_file_ref idref="fl-4"/>
      </object_component>
      <object_component id="oc-e8">
         <name>.debug_info</name>
         <load_address>0x49e3</load_address>
         <run_address>0x49e3</run_address>
         <size>0xf0</size>
         <input_file_ref idref="fl-4"/>
      </object_component>
      <object_component id="oc-d0">
         <name>.debug_info</name>
         <load_address>0x4ad3</load_address>
         <run_address>0x4ad3</run_address>
         <size>0xd4</size>
         <input_file_ref idref="fl-4"/>
      </object_component>
      <object_component id="oc-d3">
         <name>.debug_info</name>
         <load_address>0x4ba7</load_address>
         <run_address>0x4ba7</run_address>
         <size>0xdc</size>
         <input_file_ref idref="fl-4"/>
      </object_component>
      <object_component id="oc-e2">
         <name>.debug_info</name>
         <load_address>0x4c83</load_address>
         <run_address>0x4c83</run_address>
         <size>0x116</size>
         <input_file_ref idref="fl-5"/>
      </object_component>
      <object_component id="oc-1b9">
         <name>.debug_info</name>
         <load_address>0x4d99</load_address>
         <run_address>0x4d99</run_address>
         <size>0x326</size>
         <input_file_ref idref="fl-6"/>
      </object_component>
      <object_component id="oc-1b1">
         <name>.debug_info</name>
         <load_address>0x50bf</load_address>
         <run_address>0x50bf</run_address>
         <size>0xd8</size>
         <input_file_ref idref="fl-6"/>
      </object_component>
      <object_component id="oc-b9">
         <name>.debug_info</name>
         <load_address>0x5197</load_address>
         <run_address>0x5197</run_address>
         <size>0x1679</size>
         <input_file_ref idref="fl-6"/>
      </object_component>
      <object_component id="oc-164">
         <name>.debug_info</name>
         <load_address>0x6810</load_address>
         <run_address>0x6810</run_address>
         <size>0x5c7</size>
         <input_file_ref idref="fl-7"/>
      </object_component>
      <object_component id="oc-15d">
         <name>.debug_info</name>
         <load_address>0x6dd7</load_address>
         <run_address>0x6dd7</run_address>
         <size>0xc3</size>
         <input_file_ref idref="fl-7"/>
      </object_component>
      <object_component id="oc-160">
         <name>.debug_info</name>
         <load_address>0x6e9a</load_address>
         <run_address>0x6e9a</run_address>
         <size>0xc3</size>
         <input_file_ref idref="fl-7"/>
      </object_component>
      <object_component id="oc-a9">
         <name>.debug_info</name>
         <load_address>0x6f5d</load_address>
         <run_address>0x6f5d</run_address>
         <size>0x503</size>
         <input_file_ref idref="fl-7"/>
      </object_component>
      <object_component id="oc-32">
         <name>.debug_info</name>
         <load_address>0x7460</load_address>
         <run_address>0x7460</run_address>
         <size>0x307</size>
         <input_file_ref idref="fl-8"/>
      </object_component>
      <object_component id="oc-10">
         <name>.debug_info</name>
         <load_address>0x7767</load_address>
         <run_address>0x7767</run_address>
         <size>0xe2</size>
         <input_file_ref idref="fl-8"/>
      </object_component>
      <object_component id="oc-27">
         <name>.debug_info</name>
         <load_address>0x7849</load_address>
         <run_address>0x7849</run_address>
         <size>0x25e</size>
         <input_file_ref idref="fl-8"/>
      </object_component>
      <object_component id="oc-203">
         <name>.debug_info</name>
         <load_address>0x7aa7</load_address>
         <run_address>0x7aa7</run_address>
         <size>0x240</size>
         <input_file_ref idref="fl-f"/>
      </object_component>
      <object_component id="oc-200">
         <name>.debug_info</name>
         <load_address>0x7ce7</load_address>
         <run_address>0x7ce7</run_address>
         <size>0x15b</size>
         <input_file_ref idref="fl-f"/>
      </object_component>
      <object_component id="oc-15a">
         <name>.debug_info</name>
         <load_address>0x7e42</load_address>
         <run_address>0x7e42</run_address>
         <size>0x2a3</size>
         <input_file_ref idref="fl-f"/>
      </object_component>
      <object_component id="oc-207">
         <name>.debug_info</name>
         <load_address>0x80e5</load_address>
         <run_address>0x80e5</run_address>
         <size>0x2b3</size>
         <input_file_ref idref="fl-f"/>
      </object_component>
      <object_component id="oc-20d">
         <name>.debug_info</name>
         <load_address>0x8398</load_address>
         <run_address>0x8398</run_address>
         <size>0x316</size>
         <input_file_ref idref="fl-f"/>
      </object_component>
      <object_component id="oc-146">
         <name>.debug_info</name>
         <load_address>0x86ae</load_address>
         <run_address>0x86ae</run_address>
         <size>0x27b</size>
         <input_file_ref idref="fl-f"/>
      </object_component>
      <object_component id="oc-153">
         <name>.debug_info</name>
         <load_address>0x8929</load_address>
         <run_address>0x8929</run_address>
         <size>0x2b7</size>
         <input_file_ref idref="fl-f"/>
      </object_component>
      <object_component id="oc-139">
         <name>.debug_info</name>
         <load_address>0x8be0</load_address>
         <run_address>0x8be0</run_address>
         <size>0x279</size>
         <input_file_ref idref="fl-f"/>
      </object_component>
      <object_component id="oc-133">
         <name>.debug_info</name>
         <load_address>0x8e59</load_address>
         <run_address>0x8e59</run_address>
         <size>0x280</size>
         <input_file_ref idref="fl-f"/>
      </object_component>
      <object_component id="oc-1be">
         <name>.debug_info</name>
         <load_address>0x90d9</load_address>
         <run_address>0x90d9</run_address>
         <size>0x18b</size>
         <input_file_ref idref="fl-f"/>
      </object_component>
      <object_component id="oc-1c3">
         <name>.debug_info</name>
         <load_address>0x9264</load_address>
         <run_address>0x9264</run_address>
         <size>0x20e</size>
         <input_file_ref idref="fl-10"/>
      </object_component>
      <object_component id="oc-1bb">
         <name>.debug_info</name>
         <load_address>0x9472</load_address>
         <run_address>0x9472</run_address>
         <size>0x210</size>
         <input_file_ref idref="fl-10"/>
      </object_component>
      <object_component id="oc-23e">
         <name>.debug_info</name>
         <load_address>0x9682</load_address>
         <run_address>0x9682</run_address>
         <size>0x157</size>
         <input_file_ref idref="fl-10"/>
      </object_component>
      <object_component id="oc-242">
         <name>.debug_info</name>
         <load_address>0x97d9</load_address>
         <run_address>0x97d9</run_address>
         <size>0x225</size>
         <input_file_ref idref="fl-10"/>
      </object_component>
      <object_component id="oc-1ab">
         <name>.debug_info</name>
         <load_address>0x99fe</load_address>
         <run_address>0x99fe</run_address>
         <size>0x270</size>
         <input_file_ref idref="fl-10"/>
      </object_component>
      <object_component id="oc-1a5">
         <name>.debug_info</name>
         <load_address>0x9c6e</load_address>
         <run_address>0x9c6e</run_address>
         <size>0x2c1</size>
         <input_file_ref idref="fl-10"/>
      </object_component>
      <object_component id="oc-bf">
         <name>.debug_info</name>
         <load_address>0x9f2f</load_address>
         <run_address>0x9f2f</run_address>
         <size>0x268</size>
         <input_file_ref idref="fl-10"/>
      </object_component>
      <object_component id="oc-da">
         <name>.debug_info</name>
         <load_address>0xa197</load_address>
         <run_address>0xa197</run_address>
         <size>0x26a</size>
         <input_file_ref idref="fl-10"/>
      </object_component>
      <object_component id="oc-1fc">
         <name>.debug_info</name>
         <load_address>0xa401</load_address>
         <run_address>0xa401</run_address>
         <size>0x298</size>
         <input_file_ref idref="fl-11"/>
      </object_component>
      <object_component id="oc-1f8">
         <name>.debug_info</name>
         <load_address>0xa699</load_address>
         <run_address>0xa699</run_address>
         <size>0x14d</size>
         <input_file_ref idref="fl-11"/>
      </object_component>
      <object_component id="oc-120">
         <name>.debug_info</name>
         <load_address>0xa7e6</load_address>
         <run_address>0xa7e6</run_address>
         <size>0x295</size>
         <input_file_ref idref="fl-11"/>
      </object_component>
      <object_component id="oc-14b">
         <name>.debug_info</name>
         <load_address>0xaa7b</load_address>
         <run_address>0xaa7b</run_address>
         <size>0x27f</size>
         <input_file_ref idref="fl-11"/>
      </object_component>
      <object_component id="oc-12c">
         <name>.debug_info</name>
         <load_address>0xacfa</load_address>
         <run_address>0xacfa</run_address>
         <size>0x27d</size>
         <input_file_ref idref="fl-11"/>
      </object_component>
      <object_component id="oc-126">
         <name>.debug_info</name>
         <load_address>0xaf77</load_address>
         <run_address>0xaf77</run_address>
         <size>0x2db</size>
         <input_file_ref idref="fl-11"/>
      </object_component>
      <object_component id="oc-eb">
         <name>.debug_info</name>
         <load_address>0xb252</load_address>
         <run_address>0xb252</run_address>
         <size>0x2b5</size>
         <input_file_ref idref="fl-11"/>
      </object_component>
      <object_component id="oc-256">
         <name>.debug_info</name>
         <load_address>0xb507</load_address>
         <run_address>0xb507</run_address>
         <size>0x5f</size>
         <input_file_ref idref="fl-11"/>
      </object_component>
      <object_component id="oc-212">
         <name>.debug_info</name>
         <load_address>0xb566</load_address>
         <run_address>0xb566</run_address>
         <size>0x227</size>
         <input_file_ref idref="fl-12"/>
      </object_component>
      <object_component id="oc-13e">
         <name>.debug_info</name>
         <load_address>0xb78d</load_address>
         <run_address>0xb78d</run_address>
         <size>0x291</size>
         <input_file_ref idref="fl-12"/>
      </object_component>
      <object_component id="oc-9c">
         <name>.debug_info</name>
         <load_address>0xba1e</load_address>
         <run_address>0xba1e</run_address>
         <size>0x14b</size>
         <input_file_ref idref="fl-ca"/>
      </object_component>
      <object_component id="oc-98">
         <name>.debug_info</name>
         <load_address>0xbb69</load_address>
         <run_address>0xbb69</run_address>
         <size>0x2d8</size>
         <input_file_ref idref="fl-cb"/>
      </object_component>
      <object_component id="oc-4b">
         <name>.debug_info</name>
         <load_address>0xbe41</load_address>
         <run_address>0xbe41</run_address>
         <size>0x1c3</size>
         <input_file_ref idref="fl-cb"/>
      </object_component>
      <object_component id="oc-93">
         <name>.debug_info</name>
         <load_address>0xc004</load_address>
         <run_address>0xc004</run_address>
         <size>0x46</size>
         <input_file_ref idref="fl-cb"/>
      </object_component>
      <object_component id="oc-116">
         <name>.debug_info</name>
         <load_address>0xc04a</load_address>
         <run_address>0xc04a</run_address>
         <size>0x2c</size>
         <input_file_ref idref="fl-cb"/>
      </object_component>
      <object_component id="oc-49">
         <name>.debug_info</name>
         <load_address>0xc076</load_address>
         <run_address>0xc076</run_address>
         <size>0x2ac</size>
         <input_file_ref idref="fl-cc"/>
      </object_component>
      <object_component id="oc-1a">
         <name>.debug_info</name>
         <load_address>0xc322</load_address>
         <run_address>0xc322</run_address>
         <size>0x1ee</size>
         <input_file_ref idref="fl-cc"/>
      </object_component>
      <object_component id="oc-44">
         <name>.debug_info</name>
         <load_address>0xc510</load_address>
         <run_address>0xc510</run_address>
         <size>0x46</size>
         <input_file_ref idref="fl-cc"/>
      </object_component>
      <object_component id="oc-8b">
         <name>.debug_info</name>
         <load_address>0xc556</load_address>
         <run_address>0xc556</run_address>
         <size>0x2c</size>
         <input_file_ref idref="fl-cc"/>
      </object_component>
      <object_component id="oc-89">
         <name>.debug_info</name>
         <load_address>0xc582</load_address>
         <run_address>0xc582</run_address>
         <size>0x2a2</size>
         <input_file_ref idref="fl-cd"/>
      </object_component>
      <object_component id="oc-13">
         <name>.debug_info</name>
         <load_address>0xc824</load_address>
         <run_address>0xc824</run_address>
         <size>0x254</size>
         <input_file_ref idref="fl-cd"/>
      </object_component>
      <object_component id="oc-34">
         <name>.debug_info</name>
         <load_address>0xca78</load_address>
         <run_address>0xca78</run_address>
         <size>0x60</size>
         <input_file_ref idref="fl-cd"/>
      </object_component>
      <object_component id="oc-10f">
         <name>.debug_info</name>
         <load_address>0xcad8</load_address>
         <run_address>0xcad8</run_address>
         <size>0x46</size>
         <input_file_ref idref="fl-cd"/>
      </object_component>
      <object_component id="oc-84">
         <name>.debug_info</name>
         <load_address>0xcb1e</load_address>
         <run_address>0xcb1e</run_address>
         <size>0x39</size>
         <input_file_ref idref="fl-cd"/>
      </object_component>
      <object_component id="oc-22">
         <name>.debug_info</name>
         <load_address>0xcb57</load_address>
         <run_address>0xcb57</run_address>
         <size>0x10f</size>
         <input_file_ref idref="fl-ce"/>
      </object_component>
      <object_component id="oc-5d">
         <name>.debug_info</name>
         <load_address>0xcc66</load_address>
         <run_address>0xcc66</run_address>
         <size>0x1ad</size>
         <input_file_ref idref="fl-ce"/>
      </object_component>
      <object_component id="oc-3f">
         <name>.debug_info</name>
         <load_address>0xce13</load_address>
         <run_address>0xce13</run_address>
         <size>0x11d</size>
         <input_file_ref idref="fl-d0"/>
      </object_component>
      <object_component id="oc-228">
         <name>.debug_info</name>
         <load_address>0xcf30</load_address>
         <run_address>0xcf30</run_address>
         <size>0x4b7</size>
         <input_file_ref idref="fl-d1"/>
      </object_component>
      <object_component id="oc-173">
         <name>.debug_info</name>
         <load_address>0xd3e7</load_address>
         <run_address>0xd3e7</run_address>
         <size>0x1aa</size>
         <input_file_ref idref="fl-d1"/>
      </object_component>
      <object_component id="oc-273">
         <name>.debug_info</name>
         <load_address>0xd591</load_address>
         <run_address>0xd591</run_address>
         <size>0x39</size>
         <input_file_ref idref="fl-d1"/>
      </object_component>
      <object_component id="oc-28a">
         <name>.debug_info</name>
         <load_address>0xd5ca</load_address>
         <run_address>0xd5ca</run_address>
         <size>0x39</size>
         <input_file_ref idref="fl-d1"/>
      </object_component>
      <object_component id="oc-278">
         <name>.debug_info</name>
         <load_address>0xd603</load_address>
         <run_address>0xd603</run_address>
         <size>0x39</size>
         <input_file_ref idref="fl-d1"/>
      </object_component>
      <object_component id="oc-27d">
         <name>.debug_info</name>
         <load_address>0xd63c</load_address>
         <run_address>0xd63c</run_address>
         <size>0xcd</size>
         <input_file_ref idref="fl-d1"/>
      </object_component>
      <object_component id="oc-a0">
         <name>.debug_info</name>
         <load_address>0xd709</load_address>
         <run_address>0xd709</run_address>
         <size>0x157</size>
         <input_file_ref idref="fl-d2"/>
      </object_component>
      <object_component id="oc-167">
         <name>.debug_info</name>
         <load_address>0xd860</load_address>
         <run_address>0xd860</run_address>
         <size>0x126</size>
         <input_file_ref idref="fl-d4"/>
      </object_component>
      <object_component id="oc-2c3">
         <name>.debug_info</name>
         <load_address>0xd986</load_address>
         <run_address>0xd986</run_address>
         <size>0x95</size>
      </object_component>
      <object_component id="oc-1d2">
         <name>.debug_line</name>
         <load_address>0x0</load_address>
         <run_address>0x0</run_address>
         <size>0x16e</size>
         <input_file_ref idref="fl-2"/>
      </object_component>
      <object_component id="oc-1c9">
         <name>.debug_line</name>
         <load_address>0x16e</load_address>
         <run_address>0x16e</run_address>
         <size>0x30</size>
         <input_file_ref idref="fl-2"/>
      </object_component>
      <object_component id="oc-1c7">
         <name>.debug_line</name>
         <load_address>0x19e</load_address>
         <run_address>0x19e</run_address>
         <size>0x30</size>
         <input_file_ref idref="fl-2"/>
      </object_component>
      <object_component id="oc-1cb">
         <name>.debug_line</name>
         <load_address>0x1ce</load_address>
         <run_address>0x1ce</run_address>
         <size>0x30</size>
         <input_file_ref idref="fl-2"/>
      </object_component>
      <object_component id="oc-1c5">
         <name>.debug_line</name>
         <load_address>0x1fe</load_address>
         <run_address>0x1fe</run_address>
         <size>0x30</size>
         <input_file_ref idref="fl-2"/>
      </object_component>
      <object_component id="oc-1f4">
         <name>.debug_line</name>
         <load_address>0x22e</load_address>
         <run_address>0x22e</run_address>
         <size>0x30</size>
         <input_file_ref idref="fl-2"/>
      </object_component>
      <object_component id="oc-76">
         <name>.debug_line</name>
         <load_address>0x25e</load_address>
         <run_address>0x25e</run_address>
         <size>0x6e2</size>
         <input_file_ref idref="fl-2"/>
      </object_component>
      <object_component id="oc-1d6">
         <name>.debug_line</name>
         <load_address>0x940</load_address>
         <run_address>0x940</run_address>
         <size>0x3c</size>
         <input_file_ref idref="fl-2"/>
      </object_component>
      <object_component id="oc-fe">
         <name>.debug_line</name>
         <load_address>0x97c</load_address>
         <run_address>0x97c</run_address>
         <size>0x41</size>
         <input_file_ref idref="fl-2"/>
      </object_component>
      <object_component id="oc-1e5">
         <name>.debug_line</name>
         <load_address>0x9bd</load_address>
         <run_address>0x9bd</run_address>
         <size>0x3c</size>
         <input_file_ref idref="fl-2"/>
      </object_component>
      <object_component id="oc-1db">
         <name>.debug_line</name>
         <load_address>0x9f9</load_address>
         <run_address>0x9f9</run_address>
         <size>0x3a</size>
         <input_file_ref idref="fl-2"/>
      </object_component>
      <object_component id="oc-1ea">
         <name>.debug_line</name>
         <load_address>0xa33</load_address>
         <run_address>0xa33</run_address>
         <size>0x3d</size>
         <input_file_ref idref="fl-2"/>
      </object_component>
      <object_component id="oc-103">
         <name>.debug_line</name>
         <load_address>0xa70</load_address>
         <run_address>0xa70</run_address>
         <size>0x6d</size>
         <input_file_ref idref="fl-2"/>
      </object_component>
      <object_component id="oc-108">
         <name>.debug_line</name>
         <load_address>0xadd</load_address>
         <run_address>0xadd</run_address>
         <size>0x3f</size>
         <input_file_ref idref="fl-2"/>
      </object_component>
      <object_component id="oc-7d">
         <name>.debug_line</name>
         <load_address>0xb1c</load_address>
         <run_address>0xb1c</run_address>
         <size>0x6f</size>
         <input_file_ref idref="fl-2"/>
      </object_component>
      <object_component id="oc-f4">
         <name>.debug_line</name>
         <load_address>0xb8b</load_address>
         <run_address>0xb8b</run_address>
         <size>0x3a</size>
         <input_file_ref idref="fl-2"/>
      </object_component>
      <object_component id="oc-1e0">
         <name>.debug_line</name>
         <load_address>0xbc5</load_address>
         <run_address>0xbc5</run_address>
         <size>0x38</size>
         <input_file_ref idref="fl-2"/>
      </object_component>
      <object_component id="oc-f9">
         <name>.debug_line</name>
         <load_address>0xbfd</load_address>
         <run_address>0xbfd</run_address>
         <size>0x20</size>
         <input_file_ref idref="fl-2"/>
      </object_component>
      <object_component id="oc-10d">
         <name>.debug_line</name>
         <load_address>0xc1d</load_address>
         <run_address>0xc1d</run_address>
         <size>0x73</size>
         <input_file_ref idref="fl-2"/>
      </object_component>
      <object_component id="oc-1b7">
         <name>.debug_line</name>
         <load_address>0xc90</load_address>
         <run_address>0xc90</run_address>
         <size>0x6f</size>
         <input_file_ref idref="fl-2"/>
      </object_component>
      <object_component id="oc-82">
         <name>.debug_line</name>
         <load_address>0xcff</load_address>
         <run_address>0xcff</run_address>
         <size>0x70</size>
         <input_file_ref idref="fl-2"/>
      </object_component>
      <object_component id="oc-1ef">
         <name>.debug_line</name>
         <load_address>0xd6f</load_address>
         <run_address>0xd6f</run_address>
         <size>0x3f</size>
         <input_file_ref idref="fl-2"/>
      </object_component>
      <object_component id="oc-2b">
         <name>.debug_line</name>
         <load_address>0xdae</load_address>
         <run_address>0xdae</run_address>
         <size>0x63</size>
         <input_file_ref idref="fl-3"/>
      </object_component>
      <object_component id="oc-3c">
         <name>.debug_line</name>
         <load_address>0xe11</load_address>
         <run_address>0xe11</run_address>
         <size>0x20</size>
         <input_file_ref idref="fl-3"/>
      </object_component>
      <object_component id="oc-251">
         <name>.debug_line</name>
         <load_address>0xe31</load_address>
         <run_address>0xe31</run_address>
         <size>0x20</size>
         <input_file_ref idref="fl-4"/>
      </object_component>
      <object_component id="oc-1f6">
         <name>.debug_line</name>
         <load_address>0xe51</load_address>
         <run_address>0xe51</run_address>
         <size>0x31</size>
         <input_file_ref idref="fl-4"/>
      </object_component>
      <object_component id="oc-1cd">
         <name>.debug_line</name>
         <load_address>0xe82</load_address>
         <run_address>0xe82</run_address>
         <size>0x31</size>
         <input_file_ref idref="fl-4"/>
      </object_component>
      <object_component id="oc-1d0">
         <name>.debug_line</name>
         <load_address>0xeb3</load_address>
         <run_address>0xeb3</run_address>
         <size>0x31</size>
         <input_file_ref idref="fl-4"/>
      </object_component>
      <object_component id="oc-e1">
         <name>.debug_line</name>
         <load_address>0xee4</load_address>
         <run_address>0xee4</run_address>
         <size>0x41</size>
         <input_file_ref idref="fl-5"/>
      </object_component>
      <object_component id="oc-24b">
         <name>.debug_line</name>
         <load_address>0xf25</load_address>
         <run_address>0xf25</run_address>
         <size>0x73</size>
         <input_file_ref idref="fl-6"/>
      </object_component>
      <object_component id="oc-249">
         <name>.debug_line</name>
         <load_address>0xf98</load_address>
         <run_address>0xf98</run_address>
         <size>0x2c</size>
         <input_file_ref idref="fl-6"/>
      </object_component>
      <object_component id="oc-bb">
         <name>.debug_line</name>
         <load_address>0xfc4</load_address>
         <run_address>0xfc4</run_address>
         <size>0x658</size>
         <input_file_ref idref="fl-6"/>
      </object_component>
      <object_component id="oc-21c">
         <name>.debug_line</name>
         <load_address>0x161c</load_address>
         <run_address>0x161c</run_address>
         <size>0x12d</size>
         <input_file_ref idref="fl-7"/>
      </object_component>
      <object_component id="oc-218">
         <name>.debug_line</name>
         <load_address>0x1749</load_address>
         <run_address>0x1749</run_address>
         <size>0x2d</size>
         <input_file_ref idref="fl-7"/>
      </object_component>
      <object_component id="oc-21a">
         <name>.debug_line</name>
         <load_address>0x1776</load_address>
         <run_address>0x1776</run_address>
         <size>0x2d</size>
         <input_file_ref idref="fl-7"/>
      </object_component>
      <object_component id="oc-a7">
         <name>.debug_line</name>
         <load_address>0x17a3</load_address>
         <run_address>0x17a3</run_address>
         <size>0xfd</size>
         <input_file_ref idref="fl-7"/>
      </object_component>
      <object_component id="oc-79">
         <name>.debug_line</name>
         <load_address>0x18a0</load_address>
         <run_address>0x18a0</run_address>
         <size>0x41</size>
         <input_file_ref idref="fl-8"/>
      </object_component>
      <object_component id="oc-31">
         <name>.debug_line</name>
         <load_address>0x18e1</load_address>
         <run_address>0x18e1</run_address>
         <size>0x41</size>
         <input_file_ref idref="fl-8"/>
      </object_component>
      <object_component id="oc-25">
         <name>.debug_line</name>
         <load_address>0x1922</load_address>
         <run_address>0x1922</run_address>
         <size>0xa1</size>
         <input_file_ref idref="fl-8"/>
      </object_component>
      <object_component id="oc-25e">
         <name>.debug_line</name>
         <load_address>0x19c3</load_address>
         <run_address>0x19c3</run_address>
         <size>0x82</size>
         <input_file_ref idref="fl-f"/>
      </object_component>
      <object_component id="oc-25c">
         <name>.debug_line</name>
         <load_address>0x1a45</load_address>
         <run_address>0x1a45</run_address>
         <size>0x7d</size>
         <input_file_ref idref="fl-f"/>
      </object_component>
      <object_component id="oc-158">
         <name>.debug_line</name>
         <load_address>0x1ac2</load_address>
         <run_address>0x1ac2</run_address>
         <size>0x92</size>
         <input_file_ref idref="fl-f"/>
      </object_component>
      <object_component id="oc-206">
         <name>.debug_line</name>
         <load_address>0x1b54</load_address>
         <run_address>0x1b54</run_address>
         <size>0x95</size>
         <input_file_ref idref="fl-f"/>
      </object_component>
      <object_component id="oc-20c">
         <name>.debug_line</name>
         <load_address>0x1be9</load_address>
         <run_address>0x1be9</run_address>
         <size>0xd1</size>
         <input_file_ref idref="fl-f"/>
      </object_component>
      <object_component id="oc-145">
         <name>.debug_line</name>
         <load_address>0x1cba</load_address>
         <run_address>0x1cba</run_address>
         <size>0x93</size>
         <input_file_ref idref="fl-f"/>
      </object_component>
      <object_component id="oc-152">
         <name>.debug_line</name>
         <load_address>0x1d4d</load_address>
         <run_address>0x1d4d</run_address>
         <size>0x99</size>
         <input_file_ref idref="fl-f"/>
      </object_component>
      <object_component id="oc-13c">
         <name>.debug_line</name>
         <load_address>0x1de6</load_address>
         <run_address>0x1de6</run_address>
         <size>0x93</size>
         <input_file_ref idref="fl-f"/>
      </object_component>
      <object_component id="oc-136">
         <name>.debug_line</name>
         <load_address>0x1e79</load_address>
         <run_address>0x1e79</run_address>
         <size>0xa7</size>
         <input_file_ref idref="fl-f"/>
      </object_component>
      <object_component id="oc-1c1">
         <name>.debug_line</name>
         <load_address>0x1f20</load_address>
         <run_address>0x1f20</run_address>
         <size>0x69</size>
         <input_file_ref idref="fl-f"/>
      </object_component>
      <object_component id="oc-24f">
         <name>.debug_line</name>
         <load_address>0x1f89</load_address>
         <run_address>0x1f89</run_address>
         <size>0x7c</size>
         <input_file_ref idref="fl-10"/>
      </object_component>
      <object_component id="oc-24d">
         <name>.debug_line</name>
         <load_address>0x2005</load_address>
         <run_address>0x2005</run_address>
         <size>0x82</size>
         <input_file_ref idref="fl-10"/>
      </object_component>
      <object_component id="oc-285">
         <name>.debug_line</name>
         <load_address>0x2087</load_address>
         <run_address>0x2087</run_address>
         <size>0x82</size>
         <input_file_ref idref="fl-10"/>
      </object_component>
      <object_component id="oc-245">
         <name>.debug_line</name>
         <load_address>0x2109</load_address>
         <run_address>0x2109</run_address>
         <size>0x97</size>
         <input_file_ref idref="fl-10"/>
      </object_component>
      <object_component id="oc-1ae">
         <name>.debug_line</name>
         <load_address>0x21a0</load_address>
         <run_address>0x21a0</run_address>
         <size>0x97</size>
         <input_file_ref idref="fl-10"/>
      </object_component>
      <object_component id="oc-1a9">
         <name>.debug_line</name>
         <load_address>0x2237</load_address>
         <run_address>0x2237</run_address>
         <size>0xaf</size>
         <input_file_ref idref="fl-10"/>
      </object_component>
      <object_component id="oc-be">
         <name>.debug_line</name>
         <load_address>0x22e6</load_address>
         <run_address>0x22e6</run_address>
         <size>0xc2</size>
         <input_file_ref idref="fl-10"/>
      </object_component>
      <object_component id="oc-d9">
         <name>.debug_line</name>
         <load_address>0x23a8</load_address>
         <run_address>0x23a8</run_address>
         <size>0xc2</size>
         <input_file_ref idref="fl-10"/>
      </object_component>
      <object_component id="oc-255">
         <name>.debug_line</name>
         <load_address>0x246a</load_address>
         <run_address>0x246a</run_address>
         <size>0x13d</size>
         <input_file_ref idref="fl-11"/>
      </object_component>
      <object_component id="oc-253">
         <name>.debug_line</name>
         <load_address>0x25a7</load_address>
         <run_address>0x25a7</run_address>
         <size>0x7f</size>
         <input_file_ref idref="fl-11"/>
      </object_component>
      <object_component id="oc-123">
         <name>.debug_line</name>
         <load_address>0x2626</load_address>
         <run_address>0x2626</run_address>
         <size>0xa7</size>
         <input_file_ref idref="fl-11"/>
      </object_component>
      <object_component id="oc-14e">
         <name>.debug_line</name>
         <load_address>0x26cd</load_address>
         <run_address>0x26cd</run_address>
         <size>0x94</size>
         <input_file_ref idref="fl-11"/>
      </object_component>
      <object_component id="oc-12f">
         <name>.debug_line</name>
         <load_address>0x2761</load_address>
         <run_address>0x2761</run_address>
         <size>0x94</size>
         <input_file_ref idref="fl-11"/>
      </object_component>
      <object_component id="oc-129">
         <name>.debug_line</name>
         <load_address>0x27f5</load_address>
         <run_address>0x27f5</run_address>
         <size>0xee</size>
         <input_file_ref idref="fl-11"/>
      </object_component>
      <object_component id="oc-ee">
         <name>.debug_line</name>
         <load_address>0x28e3</load_address>
         <run_address>0x28e3</run_address>
         <size>0x11a</size>
         <input_file_ref idref="fl-11"/>
      </object_component>
      <object_component id="oc-259">
         <name>.debug_line</name>
         <load_address>0x29fd</load_address>
         <run_address>0x29fd</run_address>
         <size>0x7f</size>
         <input_file_ref idref="fl-11"/>
      </object_component>
      <object_component id="oc-262">
         <name>.debug_line</name>
         <load_address>0x2a7c</load_address>
         <run_address>0x2a7c</run_address>
         <size>0x82</size>
         <input_file_ref idref="fl-12"/>
      </object_component>
      <object_component id="oc-141">
         <name>.debug_line</name>
         <load_address>0x2afe</load_address>
         <run_address>0x2afe</run_address>
         <size>0x92</size>
         <input_file_ref idref="fl-12"/>
      </object_component>
      <object_component id="oc-9b">
         <name>.debug_line</name>
         <load_address>0x2b90</load_address>
         <run_address>0x2b90</run_address>
         <size>0x79</size>
         <input_file_ref idref="fl-ca"/>
      </object_component>
      <object_component id="oc-11c">
         <name>.debug_line</name>
         <load_address>0x2c09</load_address>
         <run_address>0x2c09</run_address>
         <size>0x95</size>
         <input_file_ref idref="fl-cb"/>
      </object_component>
      <object_component id="oc-4e">
         <name>.debug_line</name>
         <load_address>0x2c9e</load_address>
         <run_address>0x2c9e</run_address>
         <size>0x4f</size>
         <input_file_ref idref="fl-cb"/>
      </object_component>
      <object_component id="oc-96">
         <name>.debug_line</name>
         <load_address>0x2ced</load_address>
         <run_address>0x2ced</run_address>
         <size>0x34</size>
         <input_file_ref idref="fl-cb"/>
      </object_component>
      <object_component id="oc-119">
         <name>.debug_line</name>
         <load_address>0x2d21</load_address>
         <run_address>0x2d21</run_address>
         <size>0x95</size>
         <input_file_ref idref="fl-cb"/>
      </object_component>
      <object_component id="oc-91">
         <name>.debug_line</name>
         <load_address>0x2db6</load_address>
         <run_address>0x2db6</run_address>
         <size>0x20</size>
         <input_file_ref idref="fl-cc"/>
      </object_component>
      <object_component id="oc-19">
         <name>.debug_line</name>
         <load_address>0x2dd6</load_address>
         <run_address>0x2dd6</run_address>
         <size>0x55</size>
         <input_file_ref idref="fl-cc"/>
      </object_component>
      <object_component id="oc-47">
         <name>.debug_line</name>
         <load_address>0x2e2b</load_address>
         <run_address>0x2e2b</run_address>
         <size>0x3a</size>
         <input_file_ref idref="fl-cc"/>
      </object_component>
      <object_component id="oc-8e">
         <name>.debug_line</name>
         <load_address>0x2e65</load_address>
         <run_address>0x2e65</run_address>
         <size>0x95</size>
         <input_file_ref idref="fl-cc"/>
      </object_component>
      <object_component id="oc-115">
         <name>.debug_line</name>
         <load_address>0x2efa</load_address>
         <run_address>0x2efa</run_address>
         <size>0x20</size>
         <input_file_ref idref="fl-cd"/>
      </object_component>
      <object_component id="oc-16">
         <name>.debug_line</name>
         <load_address>0x2f1a</load_address>
         <run_address>0x2f1a</run_address>
         <size>0xa9</size>
         <input_file_ref idref="fl-cd"/>
      </object_component>
      <object_component id="oc-37">
         <name>.debug_line</name>
         <load_address>0x2fc3</load_address>
         <run_address>0x2fc3</run_address>
         <size>0x3a</size>
         <input_file_ref idref="fl-cd"/>
      </object_component>
      <object_component id="oc-112">
         <name>.debug_line</name>
         <load_address>0x2ffd</load_address>
         <run_address>0x2ffd</run_address>
         <size>0x9d</size>
         <input_file_ref idref="fl-cd"/>
      </object_component>
      <object_component id="oc-87">
         <name>.debug_line</name>
         <load_address>0x309a</load_address>
         <run_address>0x309a</run_address>
         <size>0x99</size>
         <input_file_ref idref="fl-cd"/>
      </object_component>
      <object_component id="oc-6f">
         <name>.debug_line</name>
         <load_address>0x3133</load_address>
         <run_address>0x3133</run_address>
         <size>0x33</size>
         <input_file_ref idref="fl-ce"/>
      </object_component>
      <object_component id="oc-60">
         <name>.debug_line</name>
         <load_address>0x3166</load_address>
         <run_address>0x3166</run_address>
         <size>0x45</size>
         <input_file_ref idref="fl-ce"/>
      </object_component>
      <object_component id="oc-42">
         <name>.debug_line</name>
         <load_address>0x31ab</load_address>
         <run_address>0x31ab</run_address>
         <size>0x88</size>
         <input_file_ref idref="fl-d0"/>
      </object_component>
      <object_component id="oc-272">
         <name>.debug_line</name>
         <load_address>0x3233</load_address>
         <run_address>0x3233</run_address>
         <size>0xc2</size>
         <input_file_ref idref="fl-d1"/>
      </object_component>
      <object_component id="oc-176">
         <name>.debug_line</name>
         <load_address>0x32f5</load_address>
         <run_address>0x32f5</run_address>
         <size>0x6f</size>
         <input_file_ref idref="fl-d1"/>
      </object_component>
      <object_component id="oc-276">
         <name>.debug_line</name>
         <load_address>0x3364</load_address>
         <run_address>0x3364</run_address>
         <size>0x2e</size>
         <input_file_ref idref="fl-d1"/>
      </object_component>
      <object_component id="oc-28d">
         <name>.debug_line</name>
         <load_address>0x3392</load_address>
         <run_address>0x3392</run_address>
         <size>0x9d</size>
         <input_file_ref idref="fl-d1"/>
      </object_component>
      <object_component id="oc-27b">
         <name>.debug_line</name>
         <load_address>0x342f</load_address>
         <run_address>0x342f</run_address>
         <size>0x9a</size>
         <input_file_ref idref="fl-d1"/>
      </object_component>
      <object_component id="oc-280">
         <name>.debug_line</name>
         <load_address>0x34c9</load_address>
         <run_address>0x34c9</run_address>
         <size>0x96</size>
         <input_file_ref idref="fl-d1"/>
      </object_component>
      <object_component id="oc-a3">
         <name>.debug_line</name>
         <load_address>0x355f</load_address>
         <run_address>0x355f</run_address>
         <size>0x40</size>
         <input_file_ref idref="fl-d2"/>
      </object_component>
      <object_component id="oc-16a">
         <name>.debug_line</name>
         <load_address>0x359f</load_address>
         <run_address>0x359f</run_address>
         <size>0x3c</size>
         <input_file_ref idref="fl-d4"/>
      </object_component>
      <object_component id="oc-75">
         <name>.debug_frame</name>
         <load_address>0x0</load_address>
         <run_address>0x0</run_address>
         <size>0x1e4</size>
         <input_file_ref idref="fl-2"/>
      </object_component>
      <object_component id="oc-2c">
         <name>.debug_frame</name>
         <load_address>0x1e4</load_address>
         <run_address>0x1e4</run_address>
         <size>0x70</size>
         <input_file_ref idref="fl-3"/>
      </object_component>
      <object_component id="oc-df">
         <name>.debug_frame</name>
         <load_address>0x254</load_address>
         <run_address>0x254</run_address>
         <size>0x58</size>
         <input_file_ref idref="fl-5"/>
      </object_component>
      <object_component id="oc-bc">
         <name>.debug_frame</name>
         <load_address>0x2ac</load_address>
         <run_address>0x2ac</run_address>
         <size>0x268</size>
         <input_file_ref idref="fl-6"/>
      </object_component>
      <object_component id="oc-a8">
         <name>.debug_frame</name>
         <load_address>0x514</load_address>
         <run_address>0x514</run_address>
         <size>0xd4</size>
         <input_file_ref idref="fl-7"/>
      </object_component>
      <object_component id="oc-26">
         <name>.debug_frame</name>
         <load_address>0x5e8</load_address>
         <run_address>0x5e8</run_address>
         <size>0x90</size>
         <input_file_ref idref="fl-8"/>
      </object_component>
      <object_component id="oc-159">
         <name>.debug_frame</name>
         <load_address>0x8d4</load_address>
         <run_address>0x8d4</run_address>
         <size>0x7f</size>
         <input_file_ref idref="fl-f"/>
      </object_component>
      <object_component id="oc-209">
         <name>.debug_frame</name>
         <load_address>0x953</load_address>
         <run_address>0x953</run_address>
         <size>0x7f</size>
         <input_file_ref idref="fl-f"/>
      </object_component>
      <object_component id="oc-20f">
         <name>.debug_frame</name>
         <load_address>0x9d2</load_address>
         <run_address>0x9d2</run_address>
         <size>0x8f</size>
         <input_file_ref idref="fl-f"/>
      </object_component>
      <object_component id="oc-148">
         <name>.debug_frame</name>
         <load_address>0xa61</load_address>
         <run_address>0xa61</run_address>
         <size>0x86</size>
         <input_file_ref idref="fl-f"/>
      </object_component>
      <object_component id="oc-155">
         <name>.debug_frame</name>
         <load_address>0xae7</load_address>
         <run_address>0xae7</run_address>
         <size>0x8a</size>
         <input_file_ref idref="fl-f"/>
      </object_component>
      <object_component id="oc-13b">
         <name>.debug_frame</name>
         <load_address>0xb71</load_address>
         <run_address>0xb71</run_address>
         <size>0x86</size>
         <input_file_ref idref="fl-f"/>
      </object_component>
      <object_component id="oc-135">
         <name>.debug_frame</name>
         <load_address>0xbf7</load_address>
         <run_address>0xbf7</run_address>
         <size>0x86</size>
         <input_file_ref idref="fl-f"/>
      </object_component>
      <object_component id="oc-246">
         <name>.debug_frame</name>
         <load_address>0xc7d</load_address>
         <run_address>0xc7d</run_address>
         <size>0x7f</size>
         <input_file_ref idref="fl-10"/>
      </object_component>
      <object_component id="oc-1af">
         <name>.debug_frame</name>
         <load_address>0xcfc</load_address>
         <run_address>0xcfc</run_address>
         <size>0x7f</size>
         <input_file_ref idref="fl-10"/>
      </object_component>
      <object_component id="oc-1a8">
         <name>.debug_frame</name>
         <load_address>0xd7b</load_address>
         <run_address>0xd7b</run_address>
         <size>0x8e</size>
         <input_file_ref idref="fl-10"/>
      </object_component>
      <object_component id="oc-c2">
         <name>.debug_frame</name>
         <load_address>0xe09</load_address>
         <run_address>0xe09</run_address>
         <size>0x7f</size>
         <input_file_ref idref="fl-10"/>
      </object_component>
      <object_component id="oc-dd">
         <name>.debug_frame</name>
         <load_address>0xe88</load_address>
         <run_address>0xe88</run_address>
         <size>0x7f</size>
         <input_file_ref idref="fl-10"/>
      </object_component>
      <object_component id="oc-124">
         <name>.debug_frame</name>
         <load_address>0xf07</load_address>
         <run_address>0xf07</run_address>
         <size>0x85</size>
         <input_file_ref idref="fl-11"/>
      </object_component>
      <object_component id="oc-14f">
         <name>.debug_frame</name>
         <load_address>0xf8c</load_address>
         <run_address>0xf8c</run_address>
         <size>0x7f</size>
         <input_file_ref idref="fl-11"/>
      </object_component>
      <object_component id="oc-130">
         <name>.debug_frame</name>
         <load_address>0x100b</load_address>
         <run_address>0x100b</run_address>
         <size>0x7f</size>
         <input_file_ref idref="fl-11"/>
      </object_component>
      <object_component id="oc-12a">
         <name>.debug_frame</name>
         <load_address>0x108a</load_address>
         <run_address>0x108a</run_address>
         <size>0x93</size>
         <input_file_ref idref="fl-11"/>
      </object_component>
      <object_component id="oc-ef">
         <name>.debug_frame</name>
         <load_address>0x111d</load_address>
         <run_address>0x111d</run_address>
         <size>0x8e</size>
         <input_file_ref idref="fl-11"/>
      </object_component>
      <object_component id="oc-142">
         <name>.debug_frame</name>
         <load_address>0x11ab</load_address>
         <run_address>0x11ab</run_address>
         <size>0x7f</size>
         <input_file_ref idref="fl-12"/>
      </object_component>
      <object_component id="oc-4f">
         <name>.debug_frame</name>
         <load_address>0x678</load_address>
         <run_address>0x678</run_address>
         <size>0x54</size>
         <input_file_ref idref="fl-cb"/>
      </object_component>
      <object_component id="oc-1d">
         <name>.debug_frame</name>
         <load_address>0x6cc</load_address>
         <run_address>0x6cc</run_address>
         <size>0x54</size>
         <input_file_ref idref="fl-cc"/>
      </object_component>
      <object_component id="oc-17">
         <name>.debug_frame</name>
         <load_address>0x720</load_address>
         <run_address>0x720</run_address>
         <size>0x60</size>
         <input_file_ref idref="fl-cd"/>
      </object_component>
      <object_component id="oc-61">
         <name>.debug_frame</name>
         <load_address>0x780</load_address>
         <run_address>0x780</run_address>
         <size>0x50</size>
         <input_file_ref idref="fl-ce"/>
      </object_component>
      <object_component id="oc-177">
         <name>.debug_frame</name>
         <load_address>0x7d0</load_address>
         <run_address>0x7d0</run_address>
         <size>0x5c</size>
         <input_file_ref idref="fl-d1"/>
      </object_component>
      <object_component id="oc-a4">
         <name>.debug_frame</name>
         <load_address>0x82c</load_address>
         <run_address>0x82c</run_address>
         <size>0x54</size>
         <input_file_ref idref="fl-d2"/>
      </object_component>
      <object_component id="oc-16b">
         <name>.debug_frame</name>
         <load_address>0x880</load_address>
         <run_address>0x880</run_address>
         <size>0x54</size>
         <input_file_ref idref="fl-d4"/>
      </object_component>
      <object_component id="oc-1d1">
         <name>.debug_abbrev</name>
         <load_address>0x0</load_address>
         <run_address>0x0</run_address>
         <size>0x150</size>
         <input_file_ref idref="fl-2"/>
      </object_component>
      <object_component id="oc-1c8">
         <name>.debug_abbrev</name>
         <load_address>0x150</load_address>
         <run_address>0x150</run_address>
         <size>0x27</size>
         <input_file_ref idref="fl-2"/>
      </object_component>
      <object_component id="oc-1c6">
         <name>.debug_abbrev</name>
         <load_address>0x177</load_address>
         <run_address>0x177</run_address>
         <size>0x27</size>
         <input_file_ref idref="fl-2"/>
      </object_component>
      <object_component id="oc-1ca">
         <name>.debug_abbrev</name>
         <load_address>0x19e</load_address>
         <run_address>0x19e</run_address>
         <size>0x27</size>
         <input_file_ref idref="fl-2"/>
      </object_component>
      <object_component id="oc-1c4">
         <name>.debug_abbrev</name>
         <load_address>0x1c5</load_address>
         <run_address>0x1c5</run_address>
         <size>0x27</size>
         <input_file_ref idref="fl-2"/>
      </object_component>
      <object_component id="oc-1f3">
         <name>.debug_abbrev</name>
         <load_address>0x1ec</load_address>
         <run_address>0x1ec</run_address>
         <size>0x27</size>
         <input_file_ref idref="fl-2"/>
      </object_component>
      <object_component id="oc-f0">
         <name>.debug_abbrev</name>
         <load_address>0x213</load_address>
         <run_address>0x213</run_address>
         <size>0x10e</size>
         <input_file_ref idref="fl-2"/>
      </object_component>
      <object_component id="oc-1d5">
         <name>.debug_abbrev</name>
         <load_address>0x321</load_address>
         <run_address>0x321</run_address>
         <size>0xc9</size>
         <input_file_ref idref="fl-2"/>
      </object_component>
      <object_component id="oc-fd">
         <name>.debug_abbrev</name>
         <load_address>0x3ea</load_address>
         <run_address>0x3ea</run_address>
         <size>0xdc</size>
         <input_file_ref idref="fl-2"/>
      </object_component>
      <object_component id="oc-1e4">
         <name>.debug_abbrev</name>
         <load_address>0x4c6</load_address>
         <run_address>0x4c6</run_address>
         <size>0xd1</size>
         <input_file_ref idref="fl-2"/>
      </object_component>
      <object_component id="oc-1da">
         <name>.debug_abbrev</name>
         <load_address>0x597</load_address>
         <run_address>0x597</run_address>
         <size>0x42</size>
         <input_file_ref idref="fl-2"/>
      </object_component>
      <object_component id="oc-1e9">
         <name>.debug_abbrev</name>
         <load_address>0x5d9</load_address>
         <run_address>0x5d9</run_address>
         <size>0x8c</size>
         <input_file_ref idref="fl-2"/>
      </object_component>
      <object_component id="oc-102">
         <name>.debug_abbrev</name>
         <load_address>0x665</load_address>
         <run_address>0x665</run_address>
         <size>0x96</size>
         <input_file_ref idref="fl-2"/>
      </object_component>
      <object_component id="oc-107">
         <name>.debug_abbrev</name>
         <load_address>0x6fb</load_address>
         <run_address>0x6fb</run_address>
         <size>0x70</size>
         <input_file_ref idref="fl-2"/>
      </object_component>
      <object_component id="oc-7c">
         <name>.debug_abbrev</name>
         <load_address>0x76b</load_address>
         <run_address>0x76b</run_address>
         <size>0x69</size>
         <input_file_ref idref="fl-2"/>
      </object_component>
      <object_component id="oc-f3">
         <name>.debug_abbrev</name>
         <load_address>0x7d4</load_address>
         <run_address>0x7d4</run_address>
         <size>0x5a</size>
         <input_file_ref idref="fl-2"/>
      </object_component>
[...]
   <placement_map>
      <memory_area display="yes" color="green">
         <name>FLASH</name>
         <page_id>0x0</page_id>
         <origin>0x0</origin>
         <length>0x40000</length>
         <used_space>0x2612</used_space>
         <unused_space>0x3d9ee</unused_space>
         <attributes>RX</attributes>
         <usage_details>
            <allocated_space>
               <start_address>0x0</start_address>
               <size>0x26c</size>
               <logical_group_ref idref="lg-3"/>
            </allocated_space>
            <allocated_space>
               <start_address>0x26c</start_address>
               <size>0x217a</size>
               <logical_group_ref idref="lg-4"/>
            </allocated_space>
            <available_space>
               <start_address>0x23e6</start_address>
               <size>0x2</size>
            </available_space>
            <allocated_space>
               <start_address>0x23e8</start_address>
               <size>0x19c</size>
               <logical_group_ref idref="lg-5"/>
            </allocated_space>
            <available_space>
               <start_address>0x2584</start_address>
               <size>0x4</size>
            </available_space>
            <allocated_space>
               <start_address>0x2588</start_address>
               <size>0x90</size>
               <logical_group_ref idref="lg-6"/>
            </allocated_space>
            <available_space>
               <start_address>0x2618</start_address>
               <size>0x3d9e8</size>
            </available_space>
         </usage_details>
      </memory_area>
      <memory_area display="yes" color="green">
         <name>SRAM</name>
         <page_id>0x0</page_id>
         <origin>0x20000000</origin>
         <length>0x8000</length>
         <used_space>0x781</used_space>
         <unused_space>0x787f</unused_space>
         <attributes>RWX</attributes>
         <usage_details>
            <allocated_space>
               <start_address>0x20000000</start_address>
               <size>0x26c</size>
               <logical_group_ref idref="lg-9"/>
            </allocated_space>
            <allocated_space>
               <start_address>0x2000026c</start_address>
               <size>0x24d</size>
               <logical_group_ref idref="lg-a"/>
            </allocated_space>
            <available_space>
               <start_address>0x200004b9</start_address>
               <size>0x7</size>
            </available_space>
            <allocated_space>
               <start_address>0x200004c0</start_address>
               <size>0x200</size>
               <logical_group_ref idref="lg-d"/>
            </allocated_space>
            <allocated_space>
               <start_address>0x200006c0</start_address>
               <size>0xc8</size>
               <logical_group_ref idref="lg-b"/>
            </allocated_space>
            <available_space>
               <start_address>0x20000788</start_address>
               <size>0x7878</size>
            </available_space>
         </usage_details>
      </memory_area>
   </placement_map>
   <cptbl_list>
      <cptbl>
         <name>__TI_cinit_table</name>
         <cprec>
            <name>.data</name>
            <load_address>0x2588</load_address>
            <load_size>0x56</load_size>
            <run_address>0x2000026c</run_address>
            <run_size>0x24d</run_size>
            <compression>lzss</compression>
         </cprec>
         <cprec>
            <name>.bss</name>
            <load_address>0x25f0</load_address>
            <load_size>0x8</load_size>
            <run_address>0x200006c0</run_address>
            <run_size>0xc8</run_size>
            <compression>zero_init</compression>
         </cprec>
         <cprec>
            <name>.vtable</name>
            <load_address>0x25f8</load_address>
            <load_size>0x8</load_size>
            <run_address>0x20000000</run_address>
            <run_size>0x26c</run_size>
            <compression>zero_init</compression>
         </cprec>
      </cptbl>
   </cptbl_list>
   <handler_table>
      <handler_table_name>__TI_handler_table</handler_table_name>
      <handler>
         <index>0x0</index>
         <name>__TI_zero_init</name>
      </handler>
      <handler>
         <index>0x1</index>
         <name>__TI_decompress_lzss</name>
      </handler>
      <handler>
         <index>0x2</index>
         <name>__TI_decompress_none</name>
      </handler>
   </handler_table>
   <symbol_table>
      <symbol id="sm-1">
         <name>__STACK_TOP</name>
         <value>0x200006c0</value>
      </symbol>
      <symbol id="sm-2">
         <name>__TI_CINIT_Base</name>
         <value>0x2600</value>
      </symbol>
      <symbol id="sm-3">
         <name>__TI_CINIT_Limit</name>
         <value>0x2618</value>
      </symbol>
      <symbol id="sm-4">
         <name>__TI_Handler_Table_Base</name>
         <value>0x25e0</value>
      </symbol>
      <symbol id="sm-5">
         <name>__TI_Handler_Table_Limit</name>
         <value>0x25ec</value>
      </symbol>
      <symbol id="sm-6">
         <name>binit</name>
         <value>0xffffffff</value>
      </symbol>
      <symbol id="sm-7">
         <name>__binit__</name>
         <value>0xffffffff</value>
      </symbol>
      <symbol id="sm-8">
         <name>__STACK_SIZE</name>
         <value>0x200</value>
      </symbol>
      <symbol id="sm-9">
         <name>__STACK_END</name>
         <value>0x200006c0</value>
      </symbol>
      <symbol id="sm-a">
         <name>__c_args__</name>
         <value>0xffffffff</value>
      </symbol>
      <symbol id="sm-b">
         <name>__TI_pprof_out_hndl</name>
         <value>0xffffffff</value>
      </symbol>
      <symbol id="sm-c">
         <name>__TI_prof_data_start</name>
         <value>0xffffffff</value>
      </symbol>
      <symbol id="sm-d">
         <name>__TI_prof_data_size</name>
         <value>0xffffffff</value>
      </symbol>
      <symbol id="sm-165">
         <name>Can_MailBoxLookUpTables</name>
         <value>0x200006c0</value>
      </symbol>
      <symbol id="sm-166">
         <name>Can_Write</name>
         <value>0xbc1</value>
         <object_component_ref idref="oc-71"/>
      </symbol>
      <symbol id="sm-167">
         <name>Can_MainFunction_Mode</name>
         <value>0x675</value>
         <object_component_ref idref="oc-71"/>
      </symbol>
      <symbol id="sm-168">
         <name>Can_SetControllerMode</name>
         <value>0x26d</value>
         <object_component_ref idref="oc-71"/>
      </symbol>
      <symbol id="sm-169">
         <name>Can_GetControllerMode</name>
         <value>0x525</value>
         <object_component_ref idref="oc-71"/>
      </symbol>
      <symbol id="sm-16a">
         <name>CAN_IRQHandler</name>
         <value>0x7f3</value>
         <object_component_ref idref="oc-71"/>
      </symbol>
      <symbol id="sm-16b">
         <name>Can_EnableControllerInterrupts</name>
         <value>0x773</value>
         <object_component_ref idref="oc-71"/>
      </symbol>
      <symbol id="sm-16c">
         <name>Can_GetControllerErrorState</name>
         <value>0xfb1</value>
         <object_component_ref idref="oc-71"/>
      </symbol>
      <symbol id="sm-16d">
         <name>Can_DisableControllerInterrupts</name>
         <value>0x719</value>
         <object_component_ref idref="oc-71"/>
      </symbol>
      <symbol id="sm-16e">
         <name>Can_Init</name>
         <value>0xa05</value>
         <object_component_ref idref="oc-71"/>
      </symbol>
      <symbol id="sm-16f">
         <name>Can_Main_Function_Write</name>
         <value>0xe89</value>
         <object_component_ref idref="oc-71"/>
      </symbol>
      <symbol id="sm-170">
         <name>Can_DeInit</name>
         <value>0xb39</value>
         <object_component_ref idref="oc-71"/>
      </symbol>
      <symbol id="sm-171">
         <name>Can_MainFunction_Read</name>
         <value>0x5a1</value>
         <object_component_ref idref="oc-71"/>
      </symbol>
      <symbol id="sm-172">
         <name>Can_SetBaudrate</name>
         <value>0xd75</value>
         <object_component_ref idref="oc-71"/>
      </symbol>
      <symbol id="sm-182">
         <name>Can0_InterruptHandler</name>
         <value>0x234b</value>
         <object_component_ref idref="oc-2a"/>
      </symbol>
      <symbol id="sm-183">
         <name>Can1_InterruptHandler</name>
         <value>0x2355</value>
         <object_component_ref idref="oc-2a"/>
      </symbol>
      <symbol id="sm-19a">
         <name>CanHardwareObject</name>
         <value>0x2000026c</value>
         <object_component_ref idref="oc-d2"/>
      </symbol>
      <symbol id="sm-19b">
         <name>CanControllerBaudrateConfig</name>
         <value>0x2000044c</value>
         <object_component_ref idref="oc-e7"/>
      </symbol>
      <symbol id="sm-19c">
         <name>CanController</name>
         <value>0x20000494</value>
         <object_component_ref idref="oc-cf"/>
      </symbol>
      <symbol id="sm-1a6">
         <name>Mcu_GetSysCloock</name>
         <value>0x23c5</value>
         <object_component_ref idref="oc-de"/>
      </symbol>
      <symbol id="sm-234">
         <name>CANIntRegister</name>
         <value>0x13d3</value>
         <object_component_ref idref="oc-b7"/>
      </symbol>
      <symbol id="sm-235">
         <name>CANMessageGet</name>
         <value>0x1857</value>
         <object_component_ref idref="oc-b7"/>
      </symbol>
      <symbol id="sm-236">
         <name>CANBitRateSet</name>
         <value>0x1279</value>
         <object_component_ref idref="oc-b7"/>
      </symbol>
      <symbol id="sm-237">
         <name>CANIntUnregister</name>
         <value>0x13f1</value>
         <object_component_ref idref="oc-b7"/>
      </symbol>
      <symbol id="sm-238">
         <name>CANBitTimingGet</name>
         <value>0x1211</value>
         <object_component_ref idref="oc-b7"/>
      </symbol>
      <symbol id="sm-239">
         <name>CANEnable</name>
         <value>0x11e9</value>
         <object_component_ref idref="oc-b7"/>
      </symbol>
      <symbol id="sm-23a">
         <name>CANStatusGet</name>
         <value>0x1509</value>
         <object_component_ref idref="oc-b7"/>
      </symbol>
      <symbol id="sm-23b">
         <name>CANIntDisable</name>
         <value>0x1421</value>
         <object_component_ref idref="oc-b7"/>
      </symbol>
      <symbol id="sm-23c">
         <name>CANMessageSet</name>
         <value>0x15c5</value>
         <object_component_ref idref="oc-b7"/>
      </symbol>
      <symbol id="sm-23d">
         <name>CANIntClear</name>
         <value>0x1481</value>
         <object_component_ref idref="oc-b7"/>
      </symbol>
      <symbol id="sm-23e">
         <name>CANIntStatus</name>
         <value>0x1437</value>
         <object_component_ref idref="oc-b7"/>
      </symbol>
      <symbol id="sm-23f">
         <name>CANDisable</name>
         <value>0x11fd</value>
         <object_component_ref idref="oc-b7"/>
      </symbol>
      <symbol id="sm-240">
         <name>CANMessageClear</name>
         <value>0x1a61</value>
         <object_component_ref idref="oc-b7"/>
      </symbol>
      <symbol id="sm-241">
         <name>CANErrCntrGet</name>
         <value>0x158f</value>
         <object_component_ref idref="oc-b7"/>
      </symbol>
      <symbol id="sm-242">
         <name>CANInit</name>
         <value>0x116d</value>
         <object_component_ref idref="oc-b7"/>
      </symbol>
      <symbol id="sm-243">
         <name>CANBitTimingSet</name>
         <value>0x1345</value>
         <object_component_ref idref="oc-b7"/>
      </symbol>
      <symbol id="sm-244">
         <name>CANRetryGet</name>
         <value>0x14ed</value>
         <object_component_ref idref="oc-b7"/>
      </symbol>
      <symbol id="sm-245">
         <name>CANIntEnable</name>
         <value>0x140b</value>
         <object_component_ref idref="oc-b7"/>
      </symbol>
      <symbol id="sm-246">
         <name>CANRetrySet</name>
         <value>0x14bb</value>
         <object_component_ref idref="oc-b7"/>
      </symbol>
      <symbol id="sm-27f">
         <name>SimpleDelay</name>
         <value>0x1b3d</value>
         <object_component_ref idref="oc-a5"/>
      </symbol>
      <symbol id="sm-280">
         <name>main</name>
         <value>0x1a91</value>
         <object_component_ref idref="oc-a5"/>
      </symbol>
      <symbol id="sm-281">
         <name>LED_Init</name>
         <value>0x1b47</value>
         <object_component_ref idref="oc-a5"/>
      </symbol>
      <symbol id="sm-282">
         <name>InitConsole</name>
         <value>0x1b0d</value>
         <object_component_ref idref="oc-a5"/>
      </symbol>
      <symbol id="sm-283">
         <name>Can_Mcu_Init</name>
         <value>0x1add</value>
         <object_component_ref idref="oc-a5"/>
      </symbol>
      <symbol id="sm-284">
         <name>LED_ON</name>
         <value>0x1b63</value>
         <object_component_ref idref="oc-a5"/>
      </symbol>
      <symbol id="sm-2a0">
         <name>ResetISR</name>
         <value>0x23b9</value>
         <object_component_ref idref="oc-24"/>
      </symbol>
      <symbol id="sm-2a1">
         <name>g_pfnVectors</name>
         <value>0x0</value>
         <object_component_ref idref="oc-f"/>
      </symbol>
      <symbol id="sm-2f1">
         <name>GPIOPinConfigure</name>
         <value>0x21a9</value>
         <object_component_ref idref="oc-131"/>
      </symbol>
      <symbol id="sm-2f2">
         <name>GPIOPinTypeUART</name>
         <value>0x2387</value>
         <object_component_ref idref="oc-143"/>
      </symbol>
      <symbol id="sm-2f3">
         <name>GPIOPinTypeGPIOOutput</name>
         <value>0x2333</value>
         <object_component_ref idref="oc-150"/>
      </symbol>
      <symbol id="sm-2f4">
         <name>GPIODirModeSet</name>
         <value>0x2309</value>
         <object_component_ref idref="oc-204"/>
      </symbol>
      <symbol id="sm-2f5">
         <name>GPIOPinWrite</name>
         <value>0x23cd</value>
         <object_component_ref idref="oc-156"/>
      </symbol>
      <symbol id="sm-2f6">
         <name>GPIOPadConfigSet</name>
         <value>0x1bd1</value>
         <object_component_ref idref="oc-20a"/>
      </symbol>
      <symbol id="sm-2f7">
         <name>GPIOPinTypeCAN</name>
         <value>0x2375</value>
         <object_component_ref idref="oc-137"/>
      </symbol>
      <symbol id="sm-358">
         <name>IntEnable</name>
         <value>0x2089</value>
         <object_component_ref idref="oc-bd"/>
      </symbol>
      <symbol id="sm-359">
         <name>IntDisable</name>
         <value>0x2021</value>
         <object_component_ref idref="oc-d8"/>
      </symbol>
      <symbol id="sm-35a">
         <name>IntRegister</name>
         <value>0x226d</value>
         <object_component_ref idref="oc-1a4"/>
      </symbol>
      <symbol id="sm-35b">
         <name>IntUnregister</name>
         <value>0x2361</value>
         <object_component_ref idref="oc-1aa"/>
      </symbol>
      <symbol id="sm-35c">
         <name>g_pfnRAMVectors</name>
         <value>0x20000000</value>
         <object_component_ref idref="oc-23d"/>
      </symbol>
      <symbol id="sm-3c5">
         <name>SysCtlClockSet</name>
         <value>0x1e15</value>
         <object_component_ref idref="oc-125"/>
      </symbol>
      <symbol id="sm-3c6">
         <name>SysCtlDelay</name>
         <value>0x23d3</value>
         <object_component_ref idref="oc-149"/>
      </symbol>
      <symbol id="sm-3c7">
         <name>SysCtlPeripheralEnable</name>
         <value>0x22a1</value>
         <object_component_ref idref="oc-12b"/>
      </symbol>
      <symbol id="sm-3c8">
         <name>SysCtlClockGet</name>
         <value>0x1d05</value>
         <object_component_ref idref="oc-ea"/>
      </symbol>
      <symbol id="sm-3c9">
         <name>SysCtlPeripheralReady</name>
         <value>0x2235</value>
         <object_component_ref idref="oc-14a"/>
      </symbol>
      <symbol id="sm-3ca">
         <name>SysCtlPeripheralReset</name>
         <value>0x2159</value>
         <object_component_ref idref="oc-11f"/>
      </symbol>
      <symbol id="sm-3d7">
         <name>UARTClockSourceSet</name>
         <value>0x23d9</value>
         <object_component_ref idref="oc-13d"/>
      </symbol>
      <symbol id="sm-3e8">
         <name>__aeabi_memset</name>
         <value>0x1fa7</value>
         <object_component_ref idref="oc-99"/>
      </symbol>
      <symbol id="sm-3e9">
         <name>memset</name>
         <value>0x1fad</value>
         <object_component_ref idref="oc-99"/>
      </symbol>
      <symbol id="sm-3ea">
         <name>__aeabi_memset8</name>
         <value>0x1fa7</value>
         <object_component_ref idref="oc-99"/>
      </symbol>
      <symbol id="sm-3eb">
         <name>__aeabi_memset4</name>
         <value>0x1fa7</value>
         <object_component_ref idref="oc-99"/>
      </symbol>
      <symbol id="sm-3ec">
         <name>__aeabi_memclr8</name>
         <value>0x1fa5</value>
         <object_component_ref idref="oc-99"/>
      </symbol>
      <symbol id="sm-3ed">
         <name>__aeabi_memclr4</name>
         <value>0x1fa5</value>
         <object_component_ref idref="oc-99"/>
      </symbol>
      <symbol id="sm-3ee">
         <name>__aeabi_memclr</name>
         <value>0x1fa5</value>
         <object_component_ref idref="oc-99"/>
      </symbol>
      <symbol id="sm-407">
         <name>__TI_zero_init_nomemset</name>
         <value>0x2399</value>
         <object_component_ref idref="oc-4a"/>
      </symbol>
      <symbol id="sm-41e">
         <name>__TI_decompress_none</name>
         <value>0x23ab</value>
         <object_component_ref idref="oc-18"/>
      </symbol>
      <symbol id="sm-441">
         <name>__TI_decompress_lzss</name>
         <value>0x20f1</value>
         <object_component_ref idref="oc-12"/>
      </symbol>
      <symbol id="sm-454">
         <name>__stack</name>
         <value>0x200004c0</value>
         <object_component_ref idref="oc-21"/>
      </symbol>
      <symbol id="sm-455">
         <name>_c_int00_noargs</name>
         <value>0x22d5</value>
         <object_component_ref idref="oc-5c"/>
      </symbol>
      <symbol id="sm-471">
         <name>memcpy</name>
         <value>0x1f09</value>
         <object_component_ref idref="oc-3e"/>
      </symbol>
      <symbol id="sm-472">
         <name>__aeabi_memcpy</name>
         <value>0x1f09</value>
         <object_component_ref idref="oc-3e"/>
      </symbol>
      <symbol id="sm-473">
         <name>__aeabi_memcpy8</name>
         <value>0x1f09</value>
         <object_component_ref idref="oc-3e"/>
      </symbol>
      <symbol id="sm-474">
         <name>__aeabi_memcpy4</name>
         <value>0x1f09</value>
         <object_component_ref idref="oc-3e"/>
      </symbol>
      <symbol id="sm-49c">
         <name>__TI_auto_init_nobinit_nopinit</name>
         <value>0x21f1</value>
         <object_component_ref idref="oc-172"/>
      </symbol>
      <symbol id="sm-4a6">
         <name>_system_pre_init</name>
         <value>0x23df</value>
         <object_component_ref idref="oc-9f"/>
      </symbol>
      <symbol id="sm-4b2">
         <name>C$$EXIT</name>
         <value>0x23e3</value>
         <object_component_ref idref="oc-166"/>
      </symbol>
      <symbol id="sm-4b3">
         <name>abort</name>
         <value>0x23e3</value>
         <object_component_ref idref="oc-166"/>
      </symbol>
      <symbol id="sm-4b6">
         <name>__TI_static_base__</name>
         <value>0x0</value>
      </symbol>
      <symbol id="sm-4b9">
         <name>__mpu_init</name>
         <value>0x0</value>
      </symbol>
      <symbol id="sm-4ba">
         <name>_system_post_cinit</name>
         <value>0x0</value>
      </symbol>
   </symbol_table>
   <title>Link successful</title>
</link_info>
