******************************************************************************
                  TI ARM Linker PC v18.12.1                    
******************************************************************************
>> Linked Fri Jun 12 23:54:44 2020

OUTPUT FILE NAME:   <CANTx4.out>
ENTRY POINT SYMBOL: "_c_int00_noargs"  address: 000020b9


MEMORY CONFIGURATION

         name            origin    length      used     unused   attr    fill
----------------------  --------  ---------  --------  --------  ----  --------
  FLASH                 00000000   00040000  000023da  0003dc26  R  X
  SRAM                  20000000   00008000  00000780  00007880  RW X


SEGMENT ALLOCATION MAP

run origin  load origin   length   init length attrs members
----------  ----------- ---------- ----------- ----- -------
00000000    00000000    000023e0   000023e0    r-x
  00000000    00000000    0000026c   0000026c    r-- .intvecs
  0000026c    0000026c    00001f40   00001f40    r-x .text
  000021ac    000021ac    0000019e   0000019e    r-- .const
  00002350    00002350    00000090   00000090    r-- .cinit
20000000    20000000    00000780   00000000    rw-
  20000000    20000000    0000026c   00000000    rw- .vtable
  2000026c    2000026c    0000024c   00000000    rw- .data
  200004b8    200004b8    00000200   00000000    rw- .stack
  200006b8    200006b8    000000c8   00000000    rw- .bss


SECTION ALLOCATION MAP

 output                                  attributes/
section   page    origin      length       input sections
--------  ----  ----------  ----------   ----------------
.intvecs   0    00000000    0000026c     
                  00000000    0000026c     tm4c123gh6pm_startup_ccs.obj (.intvecs)

.text      0    0000026c    00001f40     
                  0000026c    00000dc8     CanAUTO.obj (.text)
                  00001034    00000a28     can.obj (.text)
                  00001a5c    00000132     driverlib.lib : gpio.obj (.text:GPIOPadConfigSet)
                  00001b8e    00000002                   : interrupt.obj (.text:_IntDefaultHandler)
                  00001b90    00000110                   : sysctl.obj (.text:SysCtlClockGet)
                  00001ca0    000000d4     main.obj (.text)
                  00001d74    0000009c     rtsv7M4_T_le_v4SPD16_eabi.lib : memcpy_t2.asm.obj (.text)
                  00001e10    0000007a                                   : memset_t2.asm.obj (.text)
                  00001e8a    00000002     --HOLE-- [fill = 0]
                  00001e8c    00000068     driverlib.lib : interrupt.obj (.text:IntDisable)
                  00001ef4    00000068                   : interrupt.obj (.text:IntEnable)
                  00001f5c    00000068     rtsv7M4_T_le_v4SPD16_eabi.lib : copy_decompress_lzss.c.obj (.text:decompress:lzss:__TI_decompress_lzss)
                  00001fc4    00000048     driverlib.lib : gpio.obj (.text:GPIOPinConfigure)
                  0000200c    00000044     rtsv7M4_T_le_v4SPD16_eabi.lib : autoinit.c.obj (.text:__TI_auto_init_nobinit_nopinit:__TI_auto_init_nobinit_nopinit)
                  00002050    00000034     driverlib.lib : interrupt.obj (.text:IntRegister)
                  00002084    00000034                   : sysctl.obj (.text:SysCtlPeripheralEnable)
                  000020b8    00000034     rtsv7M4_T_le_v4SPD16_eabi.lib : boot_cortex_m.c.obj (.text:_c_int00_noargs:_c_int00_noargs)
                  000020ec    0000002a     driverlib.lib : gpio.obj (.text:GPIODirModeSet)
                  00002116    00000014     Can_interrupt.obj (.text)
                  0000212a    00000002     --HOLE-- [fill = 0]
                  0000212c    00000014     driverlib.lib : interrupt.obj (.text:IntUnregister)
                  00002140    00000012                   : gpio.obj (.text:GPIOPinTypeCAN)
                  00002152    00000012                   : gpio.obj (.text:GPIOPinTypeUART)
                  00002164    00000012     rtsv7M4_T_le_v4SPD16_eabi.lib : copy_zero_init.c.obj (.text:decompress:ZI:__TI_zero_init_nomemset:__TI_zero_init_nomemset)
                  00002176    0000000e                                   : copy_decompress_none.c.obj (.text:decompress:none:__TI_decompress_none)
                  00002184    0000000c     tm4c123gh6pm_startup_ccs.obj (.text)
                  00002190    00000008     MCU.obj (.text)
                  00002198    00000006     driverlib.lib : sysctl.obj (.text:SysCtlDelay)
                  0000219e    00000006                   : uart.obj (.text:UARTClockSourceSet)
                  000021a4    00000004     rtsv7M4_T_le_v4SPD16_eabi.lib : pre_init.c.obj (.text:_system_pre_init)
                  000021a8    00000004                                   : exit.c.obj (.text:abort:abort)

.const     0    000021ac    0000019e     
                  000021ac    00000090     driverlib.lib : gpio.obj (.const:g_pui32GPIOBaseAddrs)
                  0000223c    00000070                   : interrupt.obj (.const)
                  000022ac    0000006c                   : sysctl.obj (.const:g_pui32Xtals)
                  00002318    00000020     can.obj (.const:g_ui16CANBitValues)
                  00002338    00000010     main.obj (.const:$P$T1$2)
                  00002348    00000002     main.obj (.const:.string:$P$T0$1)

.cinit     0    00002350    00000090     
                  00002350    00000058     (.cinit..data.load) [load image, compression = lzss]
                  000023a8    0000000c     (__TI_handler_table)
                  000023b4    00000004     --HOLE-- [fill = 0]
                  000023b8    00000008     (.cinit..bss.load) [load image, compression = zero_init]
                  000023c0    00000008     (.cinit..vtable.load) [load image, compression = zero_init]
                  000023c8    00000018     (__TI_cinit_table)

.init_array 
*          0    00000000    00000000     UNINITIALIZED

.vtable    0    20000000    0000026c     UNINITIALIZED
                  20000000    0000026c     driverlib.lib : interrupt.obj (.vtable)

.data      0    2000026c    0000024c     UNINITIALIZED
                  2000026c    000001e0     Can_lcfg.obj (.data:CanHardwareObject)
                  2000044c    00000048     Can_lcfg.obj (.data:CanControllerBaudrateConfig)
                  20000494    00000020     Can_lcfg.obj (.data:CanController)
                  200004b4    00000002     CanAUTO.obj (.data)
                  200004b6    00000002     CanAUTO.obj (.data:state_transition_flag)

.bss       0    200006b8    000000c8     UNINITIALIZED
                  200006b8    000000c0     (.common:Can_MailBoxLookUpTables)
                  20000778    00000004     CanAUTO.obj (.bss:Can_ControllerMode)
                  2000077c    00000004     CanAUTO.obj (.bss:IntDisableCount)

.stack     0    200004b8    00000200     UNINITIALIZED
                  200004b8    00000004     rtsv7M4_T_le_v4SPD16_eabi.lib : boot_cortex_m.c.obj (.stack)
                  200004bc    000001fc     --HOLE--

MODULE SUMMARY

       Module                         code   ro data   rw data
       ------                         ----   -------   -------
    .\
       CanAUTO.obj                    3528   0         204    
       can.obj                        2600   32        0      
       tm4c123gh6pm_startup_ccs.obj   12     620       0      
       Can_lcfg.obj                   0      0         584    
       main.obj                       212    18        0      
       Can_interrupt.obj              20     0         0      
       MCU.obj                        8      0         0      
    +--+------------------------------+------+---------+---------+
       Total:                         6380   670       788    
                                                              
    ../driverlib.lib
       interrupt.obj                  282    112       620    
       gpio.obj                       456    144       0      
       sysctl.obj                     330    108       0      
       uart.obj                       6      0         0      
    +--+------------------------------+------+---------+---------+
       Total:                         1074   364       620    
                                                              
    C:\ti\ccs901\ccs\tools\compiler\ti-cgt-arm_18.12.1.LTS\lib\rtsv7M4_T_le_v4SPD16_eabi.lib
       memcpy_t2.asm.obj              156    0         0      
       memset_t2.asm.obj              122    0         0      
       copy_decompress_lzss.c.obj     104    0         0      
       autoinit.c.obj                 68     0         0      
       boot_cortex_m.c.obj            52     0         0      
       copy_zero_init.c.obj           18     0         0      
       copy_decompress_none.c.obj     14     0         0      
       exit.c.obj                     4      0         0      
       pre_init.c.obj                 4      0         0      
    +--+------------------------------+------+---------+---------+
       Total:                         542    0         0      
                                                              
       Stack:                         0      0         512    
       Linker Generated:              0      140       0      
    +--+------------------------------+------+---------+---------+
       Grand Total:                   7996   1174      1920   


LINKER GENERATED COPY TABLES

__TI_cinit_table @ 000023c8 records: 3, size/record: 8, table size: 24
	.data: load addr=00002350, load size=00000058 bytes, run addr=2000026c, run size=0000024c bytes, compression=lzss
	.bss: load addr=000023b8, load size=00000008 bytes, run addr=200006b8, run size=000000c8 bytes, compression=zero_init
	.vtable: load addr=000023c0, load size=00000008 bytes, run addr=20000000, run size=0000026c bytes, compression=zero_init


LINKER GENERATED HANDLER TABLE

__TI_handler_table @ 000023a8 records: 3, size/record: 4, table size: 12
	index: 0, handler: __TI_zero_init
	index: 1, handler: __TI_decompress_lzss
	index: 2, handler: __TI_decompress_none


GLOBAL SYMBOLS: SORTED ALPHABETICALLY BY Name 

address   name                           
-------   ----                           
000021a9  C$$EXIT                        
00001245  CANBitRateSet                  
000011dd  CANBitTimingGet                
00001311  CANBitTimingSet                
000011c9  CANDisable                     
000011b5  CANEnable                      
0000155b  CANErrCntrGet                  
00001139  CANInit                        
0000144d  CANIntClear                    
000013ed  CANIntDisable                  
000013d7  CANIntEnable                   
0000139f  CANIntRegister                 
00001403  CANIntStatus                   
000013bd  CANIntUnregister               
00001a2d  CANMessageClear                
00001823  CANMessageGet                  
00001591  CANMessageSet                  
000014b9  CANRetryGet                    
00001487  CANRetrySet                    
000014d5  CANStatusGet                   
000007f3  CAN_IRQHandler                 
00002117  Can0_InterruptHandler          
00002121  Can1_InterruptHandler          
20000494  CanController                  
2000044c  CanControllerBaudrateConfig    
2000026c  CanHardwareObject              
00000b0d  Can_DeInit                     
00000719  Can_DisableControllerInterrupts
00000773  Can_EnableControllerInterrupts 
00001cf1  Can_GPIO_Init                  
00000f79  Can_GetControllerErrorState    
00000525  Can_GetControllerMode          
000009dd  Can_Init                       
200006b8  Can_MailBoxLookUpTables        
00000675  Can_MainFunction_Mode          
000005a1  Can_MainFunction_Read          
00000e55  Can_Main_Function_Write        
00001cdb  Can_Mcu_Init                   
00000d41  Can_SetBaudrate                
0000026d  Can_SetControllerMode          
00000b91  Can_Write                      
000020ed  GPIODirModeSet                 
00001a5d  GPIOPadConfigSet               
00001fc5  GPIOPinConfigure               
00002141  GPIOPinTypeCAN                 
00002153  GPIOPinTypeUART                
00001d09  InitConsole                    
00001e8d  IntDisable                     
00001ef5  IntEnable                      
00002051  IntRegister                    
0000212d  IntUnregister                  
00002191  Mcu_GetSysCloock               
00002185  ResetISR                       
00001d39  SimpleDelay                    
00001b91  SysCtlClockGet                 
00002199  SysCtlDelay                    
00002085  SysCtlPeripheralEnable         
0000219f  UARTClockSourceSet             
200006b8  __STACK_END                    
00000200  __STACK_SIZE                   
200006b8  __STACK_TOP                    
000023c8  __TI_CINIT_Base                
000023e0  __TI_CINIT_Limit               
000023a8  __TI_Handler_Table_Base        
000023b4  __TI_Handler_Table_Limit       
0000200d  __TI_auto_init_nobinit_nopinit 
00001f5d  __TI_decompress_lzss           
00002177  __TI_decompress_none           
ffffffff  __TI_pprof_out_hndl            
ffffffff  __TI_prof_data_size            
ffffffff  __TI_prof_data_start           
00000000  __TI_static_base__             
00002165  __TI_zero_init_nomemset        
00001e11  __aeabi_memclr                 
00001e11  __aeabi_memclr4                
00001e11  __aeabi_memclr8                
00001d75  __aeabi_memcpy                 
00001d75  __aeabi_memcpy4                
00001d75  __aeabi_memcpy8                
00001e13  __aeabi_memset                 
00001e13  __aeabi_memset4                
00001e13  __aeabi_memset8                
ffffffff  __binit__                      
ffffffff  __c_args__                     
UNDEFED   __mpu_init                     
200004b8  __stack                        
000020b9  _c_int00_noargs                
UNDEFED   _system_post_cinit             
000021a5  _system_pre_init               
000021a9  abort                          
ffffffff  binit                          
20000000  g_pfnRAMVectors                
00000000  g_pfnVectors                   
00001ca1  main                           
00001d75  memcpy                         
00001e19  memset                         


GLOBAL SYMBOLS: SORTED BY Symbol Address 

address   name                           
-------   ----                           
00000000  __TI_static_base__             
00000000  g_pfnVectors                   
00000200  __STACK_SIZE                   
0000026d  Can_SetControllerMode          
00000525  Can_GetControllerMode          
000005a1  Can_MainFunction_Read          
00000675  Can_MainFunction_Mode          
00000719  Can_DisableControllerInterrupts
00000773  Can_EnableControllerInterrupts 
000007f3  CAN_IRQHandler                 
000009dd  Can_Init                       
00000b0d  Can_DeInit                     
00000b91  Can_Write                      
00000d41  Can_SetBaudrate                
00000e55  Can_Main_Function_Write        
00000f79  Can_GetControllerErrorState    
00001139  CANInit                        
000011b5  CANEnable                      
000011c9  CANDisable                     
000011dd  CANBitTimingGet                
00001245  CANBitRateSet                  
00001311  CANBitTimingSet                
0000139f  CANIntRegister                 
000013bd  CANIntUnregister               
000013d7  CANIntEnable                   
000013ed  CANIntDisable                  
00001403  CANIntStatus                   
0000144d  CANIntClear                    
00001487  CANRetrySet                    
000014b9  CANRetryGet                    
000014d5  CANStatusGet                   
0000155b  CANErrCntrGet                  
00001591  CANMessageSet                  
00001823  CANMessageGet                  
00001a2d  CANMessageClear                
00001a5d  GPIOPadConfigSet               
00001b91  SysCtlClockGet                 
00001ca1  main                           
00001cdb  Can_Mcu_Init                   
00001cf1  Can_GPIO_Init                  
00001d09  InitConsole                    
00001d39  SimpleDelay                    
00001d75  __aeabi_memcpy                 
00001d75  __aeabi_memcpy4                
00001d75  __aeabi_memcpy8                
00001d75  memcpy                         
00001e11  __aeabi_memclr                 
00001e11  __aeabi_memclr4                
00001e11  __aeabi_memclr8                
00001e13  __aeabi_memset                 
00001e13  __aeabi_memset4                
00001e13  __aeabi_memset8                
00001e19  memset                         
00001e8d  IntDisable                     
00001ef5  IntEnable                      
00001f5d  __TI_decompress_lzss           
00001fc5  GPIOPinConfigure               
0000200d  __TI_auto_init_nobinit_nopinit 
00002051  IntRegister                    
00002085  SysCtlPeripheralEnable         
000020b9  _c_int00_noargs                
000020ed  GPIODirModeSet                 
00002117  Can0_InterruptHandler          
00002121  Can1_InterruptHandler          
0000212d  IntUnregister                  
00002141  GPIOPinTypeCAN                 
00002153  GPIOPinTypeUART                
00002165  __TI_zero_init_nomemset        
00002177  __TI_decompress_none           
00002185  ResetISR                       
00002191  Mcu_GetSysCloock               
00002199  SysCtlDelay                    
0000219f  UARTClockSourceSet             
000021a5  _system_pre_init               
000021a9  C$$EXIT                        
000021a9  abort                          
000023a8  __TI_Handler_Table_Base        
000023b4  __TI_Handler_Table_Limit       
000023c8  __TI_CINIT_Base                
000023e0  __TI_CINIT_Limit               
20000000  g_pfnRAMVectors                
2000026c  CanHardwareObject              
2000044c  CanControllerBaudrateConfig    
20000494  CanController                  
200004b8  __stack                        
200006b8  Can_MailBoxLookUpTables        
200006b8  __STACK_END                    
200006b8  __STACK_TOP                    
ffffffff  __TI_pprof_out_hndl            
ffffffff  __TI_prof_data_size            
ffffffff  __TI_prof_data_start           
ffffffff  __binit__                      
ffffffff  __c_args__                     
ffffffff  binit                          
UNDEFED   __mpu_init                     
UNDEFED   _system_post_cinit             

[96 symbols]
