******************************************************************************
                  TI ARM Linker PC v18.12.1                    
******************************************************************************
>> Linked Tue Jun 16 15:44:37 2020

OUTPUT FILE NAME:   <Freertos_CAN.out>
ENTRY POINT SYMBOL: "_c_int00_noargs"  address: 00001785


MEMORY CONFIGURATION

         name            origin    length      used     unused   attr    fill
----------------------  --------  ---------  --------  --------  ----  --------
  FLASH                 00000000   00040000  00001c9c  0003e364  R  X
  SRAM                  20000000   00008000  00000932  000076ce  RW X


SEGMENT ALLOCATION MAP

run origin  load origin   length   init length attrs members
----------  ----------- ---------- ----------- ----- -------
00000000    00000000    00001ca0   00001ca0    r-x
  00000000    00000000    0000026c   0000026c    r-- .intvecs
  0000026c    0000026c    000017c0   000017c0    r-x .text
  00001a2c    00001a2c    00000208   00000208    r-- .const
  00001c38    00001c38    00000068   00000068    r-- .cinit
20000000    20000000    00000938   00000000    rw-
  20000000    20000000    0000026c   00000000    rw- .vtable
  2000026c    2000026c    000002b2   00000000    rw- .data
  20000520    20000520    00000214   00000000    rw- .bss
  20000738    20000738    00000200   00000000    rw- .stack


SECTION ALLOCATION MAP

 output                                  attributes/
section   page    origin      length       input sections
--------  ----  ----------  ----------   ----------------
.intvecs   0    00000000    0000026c     
                  00000000    0000026c     startup_ccs.obj (.intvecs)

.text      0    0000026c    000017c0     
                  0000026c    00000218     CanAUTO.obj (.text:Can_SetControllerMode)
                  00000484    000001ea     uartstdio.obj (.text:UARTvprintf)
                  0000066e    00000132     driverlib.lib : gpio.obj (.text:GPIOPadConfigSet)
                  000007a0    00000130     can.obj (.text:CANMessageSet)
                  000008d0    00000116     can.obj (.text:CANMessageGet)
                  000009e6    00000002     startup_ccs.obj (.text:FaultISR)
                  000009e8    00000110     driverlib.lib : sysctl.obj (.text:SysCtlClockGet)
                  00000af8    00000104     tasks.obj (.text:xTaskIncrementTick)
                  00000bfc    000000f4     driverlib.lib : sysctl.obj (.text:SysCtlClockSet)
                  00000cf0    000000d4     CanAUTO.obj (.text:Can_ConfigureHardwareObject)
                  00000dc4    000000d2     portasm.obj (.text)
                  00000e96    00000002     startup_ccs.obj (.text:IntDefaultHandler)
                  00000e98    000000c8     CanAUTO.obj (.text:Can_Init)
                  00000f60    000000ac     CanAUTO.obj (.text:CAN_IRQHandler)
                  0000100c    0000009c     rtsv7M4_T_le_v4SPD16_eabi.lib : memcpy_t2.asm.obj (.text)
                  000010a8    00000090     CanAUTO.obj (.text:Can_SetBaudrate)
                  00001138    0000008c     tasks.obj (.text:vTaskSwitchContext)
                  000011c4    00000084     main.obj (.text:main)
                  00001248    0000007a     rtsv7M4_T_le_v4SPD16_eabi.lib : memset_t2.asm.obj (.text)
                  000012c2    00000002     startup_ccs.obj (.text:NmiSR)
                  000012c4    00000068     driverlib.lib : interrupt.obj (.text:IntEnable)
                  0000132c    00000068     rtsv7M4_T_le_v4SPD16_eabi.lib : copy_decompress_lzss.c.obj (.text:decompress:lzss:__TI_decompress_lzss)
                  00001394    00000060     uartstdio.obj (.text:UARTStdioConfig)
                  000013f4    0000005c     can.obj (.text:_CANIntNumberGet)
                  00001450    00000052     can.obj (.text:CANBitTimingSet)
                  000014a2    00000002     rtsv7M4_T_le_v4SPD16_eabi.lib : div0.asm.obj (.text)
                  000014a4    00000050     main.obj (.text:Can_Mcu_Init)
                  000014f4    00000050     main.obj (.text:InitConsole)
                  00001544    00000050     driverlib.lib : sysctl.obj (.text:SysCtlPeripheralReset)
                  00001594    00000048                   : gpio.obj (.text:GPIOPinConfigure)
                  000015dc    00000048     uartstdio.obj (.text:UARTwrite)
                  00001624    00000044     rtsv7M4_T_le_v4SPD16_eabi.lib : autoinit.c.obj (.text:__TI_auto_init_nobinit_nopinit:__TI_auto_init_nobinit_nopinit)
                  00001668    00000040                                   : u_divt2.asm.obj (.text)
                  000016a8    0000003a     can.obj (.text:CANInit)
                  000016e2    00000002     freertos_demo.obj (.text:vApplicationStackOverflowHook)
                  000016e4    00000038     driverlib.lib : sysctl.obj (.text:SysCtlPeripheralReady)
                  0000171c    00000034                   : interrupt.obj (.text:IntRegister)
                  00001750    00000034                   : sysctl.obj (.text:SysCtlPeripheralEnable)
                  00001784    00000034     rtsv7M4_T_le_v4SPD16_eabi.lib : boot_cortex_m.c.obj (.text:_c_int00_noargs:_c_int00_noargs)
                  000017b8    0000002c     main.obj (.text:LED_ON)
                  000017e4    0000002c     port.obj (.text:xPortSysTickHandler)
                  00001810    0000002a     driverlib.lib : gpio.obj (.text:GPIODirModeSet)
                  0000183a    0000002a     can.obj (.text:_CANDataRegRead)
                  00001864    00000028     main.obj (.text:LED_Init)
                  0000188c    00000028     tasks.obj (.text:prvResetNextTaskUnblockTime)
                  000018b4    00000024     can.obj (.text:_CANDataRegWrite)
                  000018d8    00000022     can.obj (.text:CANIntClear)
                  000018fa    00000020     can.obj (.text:CANIntStatus)
                  0000191a    00000020     list.obj (.text:uxListRemove)
                  0000193a    0000001a     uartstdio.obj (.text:UARTprintf)
                  00001954    00000018     can.obj (.text:CANIntRegister)
                  0000196c    00000018     driverlib.lib : gpio.obj (.text:GPIOPinTypeGPIOOutput)
                  00001984    00000018     list.obj (.text:vListInsertEnd)
                  0000199c    00000012     driverlib.lib : gpio.obj (.text:GPIOPinTypeCAN)
                  000019ae    00000012                   : gpio.obj (.text:GPIOPinTypeUART)
                  000019c0    0000000e     rtsv7M4_T_le_v4SPD16_eabi.lib : copy_decompress_none.c.obj (.text:decompress:none:__TI_decompress_none)
                  000019ce    0000000c                                   : copy_zero_init.c.obj (.text:decompress:ZI:__TI_zero_init)
                  000019da    0000000a     can.obj (.text:CANDisable)
                  000019e4    0000000a     can.obj (.text:CANEnable)
                  000019ee    0000000a     can.obj (.text:CANIntDisable)
                  000019f8    00000008     can.obj (.text:CANIntEnable)
                  00001a00    00000006     Can_interrupt.obj (.text:Can0_InterruptHandler)
                  00001a06    00000006     Can_interrupt.obj (.text:Can1_InterruptHandler)
                  00001a0c    00000006     driverlib.lib : gpio.obj (.text:GPIOPinWrite)
                  00001a12    00000006     startup_ccs.obj (.text:ResetISR)
                  00001a18    00000006     driverlib.lib : sysctl.obj (.text:SysCtlDelay)
                  00001a1e    00000006                   : uart.obj (.text:UARTClockSourceSet)
                  00001a24    00000004     rtsv7M4_T_le_v4SPD16_eabi.lib : pre_init.c.obj (.text:_system_pre_init)
                  00001a28    00000004                                   : exit.c.obj (.text:abort:abort)

.const     0    00001a2c    00000208     
                  00001a2c    00000090     driverlib.lib : gpio.obj (.const:g_pui32GPIOBaseAddrs)
                  00001abc    00000070                   : interrupt.obj (.const)
                  00001b2c    0000006c                   : sysctl.obj (.const:g_pui32Xtals)
                  00001b98    00000048     Can_lcfg.obj (.const:CanControllerBaudrateConfig)
                  00001be0    00000030     main.obj (.const:$P$T1$2)
                  00001c10    0000000c     uartstdio.obj (.const:g_ui32UARTBase)
                  00001c1c    0000000c     uartstdio.obj (.const:g_ui32UARTPeriph)
                  00001c28    00000008     main.obj (.const:.string:$P$T0$1)
                  00001c30    00000004     port.obj (.const)

.cinit     0    00001c38    00000068     
                  00001c38    0000002e     (.cinit..data.load) [load image, compression = lzss]
                  00001c66    00000002     --HOLE-- [fill = 0]
                  00001c68    0000000c     (__TI_handler_table)
                  00001c74    00000004     --HOLE-- [fill = 0]
                  00001c78    00000008     (.cinit..bss.load) [load image, compression = zero_init]
                  00001c80    00000008     (.cinit..vtable.load) [load image, compression = zero_init]
                  00001c88    00000018     (__TI_cinit_table)

.init_array 
*          0    00000000    00000000     UNINITIALIZED

.vtable    0    20000000    0000026c     UNINITIALIZED
                  20000000    0000026c     driverlib.lib : interrupt.obj (.vtable)

.data      0    2000026c    000002b2     UNINITIALIZED
                  2000026c    00000258     Can_lcfg.obj (.data:CanHardwareObject)
                  200004c4    00000030     tasks.obj (.data)
                  200004f4    00000020     Can_lcfg.obj (.data:CanController)
                  20000514    00000005     uartstdio.obj (.data)
                  20000519    00000002     CanAUTO.obj (.data)
                  2000051b    00000002     CanAUTO.obj (.data:state_transition_flag)
                  2000051d    00000001     main.obj (.data)

.bss       0    20000520    00000214     UNINITIALIZED
                  20000520    00000140     tasks.obj (.bss:pxReadyTasksLists)
                  20000660    000000c0     CanAUTO.obj (.bss:Can_MailBoxLookUpTables)
                  20000720    00000008     tasks.obj (.bss)
                  20000728    00000004     CanAUTO.obj (.bss:Can_ControllerMode)
                  2000072c    00000004     CanAUTO.obj (.bss:IntDisableCount)
                  20000730    00000004     CanAUTO.obj (.bss:InterruptStatus)

.stack     0    20000738    00000200     UNINITIALIZED
                  20000738    00000004     rtsv7M4_T_le_v4SPD16_eabi.lib : boot_cortex_m.c.obj (.stack)
                  2000073c    000001fc     --HOLE--

MODULE SUMMARY

       Module                       code   ro data   rw data
       ------                       ----   -------   -------
    .\
       CanAUTO.obj                  1264   0         208    
       can.obj                      1020   0         0      
       Can_lcfg.obj                 0      72        632    
       startup_ccs.obj              12     620       0      
       main.obj                     376    56        1      
       Can_interrupt.obj            12     0         0      
       freertos_demo.obj            2      0         0      
    +--+----------------------------+------+---------+---------+
       Total:                       2686   748       841    
                                                            
    .\third_party\FreeRTOS\Source\
       tasks.obj                    440    0         376    
       list.obj                     56     0         0      
    +--+----------------------------+------+---------+---------+
       Total:                       496    0         376    
                                                            
    .\third_party\FreeRTOS\Source\portable\CCS\ARM_CM4F\
       portasm.obj                  210    0         0      
       port.obj                     44     4         0      
    +--+----------------------------+------+---------+---------+
       Total:                       254    4         0      
                                                            
    .\utils\
       uartstdio.obj                684    24        5      
    +--+----------------------------+------+---------+---------+
       Total:                       684    24        5      
                                                            
    C:\ti\ccs901\ccs\tools\compiler\ti-cgt-arm_18.12.1.LTS\lib\rtsv7M4_T_le_v4SPD16_eabi.lib
       memcpy_t2.asm.obj            156    0         0      
       memset_t2.asm.obj            122    0         0      
       copy_decompress_lzss.c.obj   104    0         0      
       autoinit.c.obj               68     0         0      
       u_divt2.asm.obj              64     0         0      
       boot_cortex_m.c.obj          52     0         0      
       copy_decompress_none.c.obj   14     0         0      
       copy_zero_init.c.obj         12     0         0      
       exit.c.obj                   4      0         0      
       pre_init.c.obj               4      0         0      
       div0.asm.obj                 2      0         0      
    +--+----------------------------+------+---------+---------+
       Total:                       602    0         0      
                                                            
    D:/ITI/AUTO SAR/Code Composer/TivaWare_C_Series-2.1.4.178/driverlib/ccs/Debug/driverlib.lib
       interrupt.obj                156    112       620    
       sysctl.obj                   710    108       0      
       gpio.obj                     486    144       0      
       uart.obj                     6      0         0      
    +--+----------------------------+------+---------+---------+
       Total:                       1358   364       620    
                                                            
       Stack:                       0      0         512    
       Linker Generated:            0      98        0      
    +--+----------------------------+------+---------+---------+
       Grand Total:                 6080   1238      2354   


LINKER GENERATED COPY TABLES

__TI_cinit_table @ 00001c88 records: 3, size/record: 8, table size: 24
	.data: load addr=00001c38, load size=0000002e bytes, run addr=2000026c, run size=000002b2 bytes, compression=lzss
	.bss: load addr=00001c78, load size=00000008 bytes, run addr=20000520, run size=00000214 bytes, compression=zero_init
	.vtable: load addr=00001c80, load size=00000008 bytes, run addr=20000000, run size=0000026c bytes, compression=zero_init


LINKER GENERATED HANDLER TABLE

__TI_handler_table @ 00001c68 records: 3, size/record: 4, table size: 12
	index: 0, handler: __TI_zero_init
	index: 1, handler: __TI_decompress_lzss
	index: 2, handler: __TI_decompress_none


GLOBAL SYMBOLS: SORTED ALPHABETICALLY BY Name 

address   name                          
-------   ----                          
00001a29  C$$EXIT                       
00001451  CANBitTimingSet               
000019db  CANDisable                    
000019e5  CANEnable                     
000016a9  CANInit                       
000018d9  CANIntClear                   
000019ef  CANIntDisable                 
000019f9  CANIntEnable                  
00001955  CANIntRegister                
000018fb  CANIntStatus                  
000008d1  CANMessageGet                 
000007a1  CANMessageSet                 
00000f61  CAN_IRQHandler                
00001a01  Can0_InterruptHandler         
00001a07  Can1_InterruptHandler         
200004f4  CanController                 
00001b98  CanControllerBaudrateConfig   
2000026c  CanHardwareObject             
00000e99  Can_Init                      
000014a5  Can_Mcu_Init                  
000010a9  Can_SetBaudrate               
0000026d  Can_SetControllerMode         
00001811  GPIODirModeSet                
0000066f  GPIOPadConfigSet              
00001595  GPIOPinConfigure              
0000199d  GPIOPinTypeCAN                
0000196d  GPIOPinTypeGPIOOutput         
000019af  GPIOPinTypeUART               
00001a0d  GPIOPinWrite                  
000014f5  InitConsole                   
000012c5  IntEnable                     
0000171d  IntRegister                   
00001865  LED_Init                      
000017b9  LED_ON                        
000009e9  Mcu_GetSysCloock              
00001a13  ResetISR                      
000009e9  SysCtlClockGet                
00000bfd  SysCtlClockSet                
00001a19  SysCtlDelay                   
00001751  SysCtlPeripheralEnable        
000016e5  SysCtlPeripheralReady         
00001545  SysCtlPeripheralReset         
00001a1f  UARTClockSourceSet            
00001395  UARTStdioConfig               
0000193b  UARTprintf                    
00000485  UARTvprintf                   
000015dd  UARTwrite                     
20000938  __STACK_END                   
00000200  __STACK_SIZE                  
20000938  __STACK_TOP                   
00001c88  __TI_CINIT_Base               
00001ca0  __TI_CINIT_Limit              
00001c68  __TI_Handler_Table_Base       
00001c74  __TI_Handler_Table_Limit      
00001625  __TI_auto_init_nobinit_nopinit
0000132d  __TI_decompress_lzss          
000019c1  __TI_decompress_none          
ffffffff  __TI_pprof_out_hndl           
ffffffff  __TI_prof_data_size           
ffffffff  __TI_prof_data_start          
00000000  __TI_static_base__            
000019cf  __TI_zero_init                
000014a3  __aeabi_idiv0                 
000014a3  __aeabi_ldiv0                 
00001249  __aeabi_memclr                
00001249  __aeabi_memclr4               
00001249  __aeabi_memclr8               
0000100d  __aeabi_memcpy                
0000100d  __aeabi_memcpy4               
0000100d  __aeabi_memcpy8               
0000124b  __aeabi_memset                
0000124b  __aeabi_memset4               
0000124b  __aeabi_memset8               
00001669  __aeabi_uidiv                 
00001669  __aeabi_uidivmod              
ffffffff  __binit__                     
ffffffff  __c_args__                    
UNDEFED   __mpu_init                    
20000738  __stack                       
00001785  _c_int00_noargs               
UNDEFED   _system_post_cinit            
00001a25  _system_pre_init              
00001a29  abort                         
ffffffff  binit                         
20000000  g_pfnRAMVectors               
00000000  g_pfnVectors                  
000011c5  main                          
0000100d  memcpy                        
00001251  memset                        
200004c4  pxCurrentTCB                  
00001c30  ulMaxSyscallInterruptPriority 
00000dd5  ulPortGetIPSR                 
0000191b  uxListRemove                  
000016e3  vApplicationStackOverflowHook 
00001985  vListInsertEnd                
00000e89  vPortEnableVFP                
00000e4d  vPortSVCHandler               
00000e6d  vPortStartFirstTask           
00001139  vTaskSwitchContext            
00000ded  xPortPendSVHandler            
000017e5  xPortSysTickHandler           
00000af9  xTaskIncrementTick            


GLOBAL SYMBOLS: SORTED BY Symbol Address 

address   name                          
-------   ----                          
00000000  __TI_static_base__            
00000000  g_pfnVectors                  
00000200  __STACK_SIZE                  
0000026d  Can_SetControllerMode         
00000485  UARTvprintf                   
0000066f  GPIOPadConfigSet              
000007a1  CANMessageSet                 
000008d1  CANMessageGet                 
000009e9  Mcu_GetSysCloock              
000009e9  SysCtlClockGet                
00000af9  xTaskIncrementTick            
00000bfd  SysCtlClockSet                
00000dd5  ulPortGetIPSR                 
00000ded  xPortPendSVHandler            
00000e4d  vPortSVCHandler               
00000e6d  vPortStartFirstTask           
00000e89  vPortEnableVFP                
00000e99  Can_Init                      
00000f61  CAN_IRQHandler                
0000100d  __aeabi_memcpy                
0000100d  __aeabi_memcpy4               
0000100d  __aeabi_memcpy8               
0000100d  memcpy                        
000010a9  Can_SetBaudrate               
00001139  vTaskSwitchContext            
000011c5  main                          
00001249  __aeabi_memclr                
00001249  __aeabi_memclr4               
00001249  __aeabi_memclr8               
0000124b  __aeabi_memset                
0000124b  __aeabi_memset4               
0000124b  __aeabi_memset8               
00001251  memset                        
000012c5  IntEnable                     
0000132d  __TI_decompress_lzss          
00001395  UARTStdioConfig               
00001451  CANBitTimingSet               
000014a3  __aeabi_idiv0                 
000014a3  __aeabi_ldiv0                 
000014a5  Can_Mcu_Init                  
000014f5  InitConsole                   
00001545  SysCtlPeripheralReset         
00001595  GPIOPinConfigure              
000015dd  UARTwrite                     
00001625  __TI_auto_init_nobinit_nopinit
00001669  __aeabi_uidiv                 
00001669  __aeabi_uidivmod              
000016a9  CANInit                       
000016e3  vApplicationStackOverflowHook 
000016e5  SysCtlPeripheralReady         
0000171d  IntRegister                   
00001751  SysCtlPeripheralEnable        
00001785  _c_int00_noargs               
000017b9  LED_ON                        
000017e5  xPortSysTickHandler           
00001811  GPIODirModeSet                
00001865  LED_Init                      
000018d9  CANIntClear                   
000018fb  CANIntStatus                  
0000191b  uxListRemove                  
0000193b  UARTprintf                    
00001955  CANIntRegister                
0000196d  GPIOPinTypeGPIOOutput         
00001985  vListInsertEnd                
0000199d  GPIOPinTypeCAN                
000019af  GPIOPinTypeUART               
000019c1  __TI_decompress_none          
000019cf  __TI_zero_init                
000019db  CANDisable                    
000019e5  CANEnable                     
000019ef  CANIntDisable                 
000019f9  CANIntEnable                  
00001a01  Can0_InterruptHandler         
00001a07  Can1_InterruptHandler         
00001a0d  GPIOPinWrite                  
00001a13  ResetISR                      
00001a19  SysCtlDelay                   
00001a1f  UARTClockSourceSet            
00001a25  _system_pre_init              
00001a29  C$$EXIT                       
00001a29  abort                         
00001b98  CanControllerBaudrateConfig   
00001c30  ulMaxSyscallInterruptPriority 
00001c68  __TI_Handler_Table_Base       
00001c74  __TI_Handler_Table_Limit      
00001c88  __TI_CINIT_Base               
00001ca0  __TI_CINIT_Limit              
20000000  g_pfnRAMVectors               
2000026c  CanHardwareObject             
200004c4  pxCurrentTCB                  
200004f4  CanController                 
20000738  __stack                       
20000938  __STACK_END                   
20000938  __STACK_TOP                   
ffffffff  __TI_pprof_out_hndl           
ffffffff  __TI_prof_data_size           
ffffffff  __TI_prof_data_start          
ffffffff  __binit__                     
ffffffff  __c_args__                    
ffffffff  binit                         
UNDEFED   __mpu_init                    
UNDEFED   _system_post_cinit            

[102 symbols]
