******************************************************************************
                  TI ARM Linker PC v18.12.1                    
******************************************************************************
>> Linked Mon Jun 22 00:48:19 2020

OUTPUT FILE NAME:   <Freertos_CAN.out>
ENTRY POINT SYMBOL: "_c_int00_noargs"  address: 00001b8d


MEMORY CONFIGURATION

         name            origin    length      used     unused   attr    fill
----------------------  --------  ---------  --------  --------  ----  --------
  FLASH                 00000000   00040000  00002188  0003de78  R  X
  SRAM                  20000000   00008000  00000a7e  00007582  RW X


SEGMENT ALLOCATION MAP

run origin  load origin   length   init length attrs members
----------  ----------- ---------- ----------- ----- -------
00000000    00000000    00002188   00002188    r-x
  00000000    00000000    0000026c   0000026c    r-- .intvecs
  0000026c    0000026c    00001c48   00001c48    r-x .text
  00001eb4    00001eb4    000001dc   000001dc    r-- .const
  00002090    00002090    000000f8   000000f8    r-- .cinit
20000000    20000000    00000a80   00000000    rw-
  20000000    20000000    0000026c   00000000    rw- .vtable
  2000026c    2000026c    000003e6   00000000    rw- .data
  20000654    20000654    0000022c   00000000    rw- .bss
  20000880    20000880    00000200   00000000    rw- .stack


SECTION ALLOCATION MAP

 output                                  attributes/
section   page    origin      length       input sections
--------  ----  ----------  ----------   ----------------
.intvecs   0    00000000    0000026c     
                  00000000    0000026c     startup_ccs.obj (.intvecs)

.text      0    0000026c    00001c48     
                  0000026c    0000022c     Can.obj (.text:Can_SetControllerMode)
                  00000498    000001ea     uartstdio.obj (.text:UARTvprintf)
                  00000682    00000132     driverlib.lib : gpio.obj (.text:GPIOPadConfigSet)
                  000007b4    00000130     TI_can.obj (.text:CANMessageSet)
                  000008e4    00000116     TI_can.obj (.text:CANMessageGet)
                  000009fa    00000002     startup_ccs.obj (.text:FaultISR)
                  000009fc    00000110     CanIf.obj (.text:CanIf_RxIndication)
                  00000b0c    00000110     Can.obj (.text:Can_ConfigureHardwareObject)
                  00000c1c    00000110     driverlib.lib : sysctl.obj (.text:SysCtlClockGet)
                  00000d2c    00000104     Can.obj (.text:Can_Write)
                  00000e30    00000104     tasks.obj (.text:xTaskIncrementTick)
                  00000f34    000000f4     driverlib.lib : sysctl.obj (.text:SysCtlClockSet)
                  00001028    000000e0     Can.obj (.text:Can_Init)
                  00001108    000000d2     portasm.obj (.text)
                  000011da    00000002     startup_ccs.obj (.text:IntDefaultHandler)
                  000011dc    000000ac     freertos_demo.obj (.text:main)
                  00001288    000000a8     CanIf.obj (.text:CanIf_Transmit)
                  00001330    000000a0     Can.obj (.text:CAN_IRQHandler)
                  000013d0    0000009c     rtsv7M4_T_le_v4SPD16_eabi.lib : memcpy_t2.asm.obj (.text)
                  0000146c    0000008c     tasks.obj (.text:vTaskSwitchContext)
                  000014f8    0000007c     Can.obj (.text:Can_GetControllerErrorState)
                  00001574    0000007a     rtsv7M4_T_le_v4SPD16_eabi.lib : memset_t2.asm.obj (.text)
                  000015ee    00000002     startup_ccs.obj (.text:NmiSR)
                  000015f0    00000068     driverlib.lib : interrupt.obj (.text:IntEnable)
                  00001658    00000068     rtsv7M4_T_le_v4SPD16_eabi.lib : copy_decompress_lzss.c.obj (.text:decompress:lzss:__TI_decompress_lzss)
                  000016c0    00000060     uartstdio.obj (.text:UARTStdioConfig)
                  00001720    0000005c     CanIf.obj (.text:CanIf_SetPduMode)
                  0000177c    0000005c     TI_can.obj (.text:_CANIntNumberGet)
                  000017d8    00000052     TI_can.obj (.text:CANBitTimingSet)
                  0000182a    00000002     rtsv7M4_T_le_v4SPD16_eabi.lib : div0.asm.obj (.text)
                  0000182c    00000050     freertos_demo.obj (.text:Can_Mcu_Init)
                  0000187c    00000050     freertos_demo.obj (.text:InitConsole)
                  000018cc    00000050     driverlib.lib : sysctl.obj (.text:SysCtlPeripheralReset)
                  0000191c    00000048                   : gpio.obj (.text:GPIOPinConfigure)
                  00001964    00000048     uartstdio.obj (.text:UARTwrite)
                  000019ac    00000044     rtsv7M4_T_le_v4SPD16_eabi.lib : autoinit.c.obj (.text:__TI_auto_init_nobinit_nopinit:__TI_auto_init_nobinit_nopinit)
                  000019f0    00000040     TI_can.obj (.text:CANStatusGet)
                  00001a30    00000040     Can.obj (.text:Can_GetControllerMode)
                  00001a70    00000040     rtsv7M4_T_le_v4SPD16_eabi.lib : u_divt2.asm.obj (.text)
                  00001ab0    0000003a     TI_can.obj (.text:CANInit)
                  00001aea    00000002     freertos_demo.obj (.text:vApplicationStackOverflowHook)
                  00001aec    00000038     driverlib.lib : sysctl.obj (.text:SysCtlPeripheralReady)
                  00001b24    00000034                   : interrupt.obj (.text:IntRegister)
                  00001b58    00000034                   : sysctl.obj (.text:SysCtlPeripheralEnable)
                  00001b8c    00000034     rtsv7M4_T_le_v4SPD16_eabi.lib : boot_cortex_m.c.obj (.text:_c_int00_noargs:_c_int00_noargs)
                  00001bc0    0000002c     port.obj (.text:xPortSysTickHandler)
                  00001bec    0000002a     driverlib.lib : gpio.obj (.text:GPIODirModeSet)
                  00001c16    0000002a     TI_can.obj (.text:_CANDataRegRead)
                  00001c40    00000028     Det.obj (.text:Det_ReportError)
                  00001c68    00000028     freertos_demo.obj (.text:LED_Init)
                  00001c90    00000028     tasks.obj (.text:prvResetNextTaskUnblockTime)
                  00001cb8    00000024     Can_interrupt.obj (.text:Can0_InterruptHandler)
                  00001cdc    00000024     Can_interrupt.obj (.text:Can1_InterruptHandler)
                  00001d00    00000024     TI_can.obj (.text:_CANDataRegWrite)
                  00001d24    00000022     TI_can.obj (.text:CANIntClear)
                  00001d46    00000020     TI_can.obj (.text:CANIntStatus)
                  00001d66    00000002     --HOLE-- [fill = 0]
                  00001d68    00000020     CanIf.obj (.text:CanIf_Init)
                  00001d88    00000020     CanIf.obj (.text:CanIf_TxConfirmation)
                  00001da8    00000020     list.obj (.text:uxListRemove)
                  00001dc8    0000001a     uartstdio.obj (.text:UARTprintf)
                  00001de2    00000018     TI_can.obj (.text:CANIntRegister)
                  00001dfa    00000018     driverlib.lib : gpio.obj (.text:GPIOPinTypeGPIOOutput)
                  00001e12    00000018     list.obj (.text:vListInsertEnd)
                  00001e2a    00000012     driverlib.lib : gpio.obj (.text:GPIOPinTypeCAN)
                  00001e3c    00000012                   : gpio.obj (.text:GPIOPinTypeUART)
                  00001e4e    0000000e     rtsv7M4_T_le_v4SPD16_eabi.lib : copy_decompress_none.c.obj (.text:decompress:none:__TI_decompress_none)
                  00001e5c    0000000c     freertos_demo.obj (.text:SimpleDelay)
                  00001e68    0000000c     rtsv7M4_T_le_v4SPD16_eabi.lib : copy_zero_init.c.obj (.text:decompress:ZI:__TI_zero_init)
                  00001e74    0000000a     TI_can.obj (.text:CANDisable)
                  00001e7e    0000000a     TI_can.obj (.text:CANEnable)
                  00001e88    0000000a     TI_can.obj (.text:CANIntDisable)
                  00001e92    00000008     TI_can.obj (.text:CANIntEnable)
                  00001e9a    00000006     startup_ccs.obj (.text:ResetISR)
                  00001ea0    00000006     driverlib.lib : sysctl.obj (.text:SysCtlDelay)
                  00001ea6    00000006                   : uart.obj (.text:UARTClockSourceSet)
                  00001eac    00000004     rtsv7M4_T_le_v4SPD16_eabi.lib : pre_init.c.obj (.text:_system_pre_init)
                  00001eb0    00000004                                   : exit.c.obj (.text:abort:abort)

.const     0    00001eb4    000001dc     
                  00001eb4    00000090     driverlib.lib : gpio.obj (.const:g_pui32GPIOBaseAddrs)
                  00001f44    00000070                   : interrupt.obj (.const)
                  00001fb4    0000006c                   : sysctl.obj (.const:g_pui32Xtals)
                  00002020    00000048     Can_lcfg.obj (.const:CanControllerBaudrateConfig)
                  00002068    0000000c     CanIf.obj (.const:$P$T0$1)
                  00002074    0000000c     uartstdio.obj (.const:g_ui32UARTBase)
                  00002080    0000000c     uartstdio.obj (.const:g_ui32UARTPeriph)
                  0000208c    00000004     port.obj (.const)

.cinit     0    00002090    000000f8     
                  00002090    000000c0     (.cinit..data.load) [load image, compression = lzss]
                  00002150    0000000c     (__TI_handler_table)
                  0000215c    00000004     --HOLE-- [fill = 0]
                  00002160    00000008     (.cinit..bss.load) [load image, compression = zero_init]
                  00002168    00000008     (.cinit..vtable.load) [load image, compression = zero_init]
                  00002170    00000018     (__TI_cinit_table)

.init_array 
*          0    00000000    00000000     UNINITIALIZED

.vtable    0    20000000    0000026c     UNINITIALIZED
                  20000000    0000026c     driverlib.lib : interrupt.obj (.vtable)

.data      0    2000026c    000003e6     UNINITIALIZED
                  2000026c    00000258     Can_lcfg.obj (.data:CanHardwareObject)
                  200004c4    00000078     CanIf_lCfg.obj (.data:CanIfRxPduCfg)
                  2000053c    00000040     CanIf_lCfg.obj (.data:CanIfTxPduCfg)
                  2000057c    00000030     freertos_demo.obj (.data:PduInfoPtr)
                  200005ac    00000030     tasks.obj (.data)
                  200005dc    00000020     Can_lcfg.obj (.data:CanController)
                  200005fc    00000014     Can_lcfg.obj (.data:CanHwFilterCfg)
                  20000610    00000014     CanIf_lCfg.obj (.data:CanIfCtrlCfg)
                  20000624    00000012     freertos_demo.obj (.data:Data)
                  20000636    0000000a     CanIf_lCfg.obj (.data:CanIfHthCfg)
                  20000640    00000008     CanIf_lCfg.obj (.data:CanIfHrhCfg)
                  20000648    00000005     uartstdio.obj (.data)
                  2000064d    00000002     Can.obj (.data:CanControllerModeStatus)
                  2000064f    00000002     Can.obj (.data:CurrentMailBox)
                  20000651    00000001     Can.obj (.data)

.bss       0    20000654    0000022c     UNINITIALIZED
                  20000654    00000140     tasks.obj (.bss:pxReadyTasksLists)
                  20000794    000000c0     Can.obj (.bss:Can_MailBoxLookUpTables)
                  20000854    00000015     CanIf.obj (.bss:CanIf_Global)
                  20000869    00000003     --HOLE--
                  2000086c    00000008     tasks.obj (.bss)
                  20000874    00000004     Can.obj (.bss:CanControllerCurrentMode)
                  20000878    00000004     Can.obj (.bss:CanControllerInterruptDisable)
                  2000087c    00000004     Can.obj (.bss:CanControllerInterruptStatus)

.stack     0    20000880    00000200     UNINITIALIZED
                  20000880    00000004     rtsv7M4_T_le_v4SPD16_eabi.lib : boot_cortex_m.c.obj (.stack)
                  20000884    000001fc     --HOLE--

MODULE SUMMARY

       Module                       code   ro data   rw data
       ------                       ----   -------   -------
    .\
       Can.obj                      1660   0         209    
       TI_can.obj                   1084   0         0      
       Can_lcfg.obj                 0      72        652    
       startup_ccs.obj              12     620       0      
       CanIf.obj                    596    12        21     
       freertos_demo.obj            386    0         66     
       CanIf_lCfg.obj               0      0         222    
       Can_interrupt.obj            72     0         0      
       Det.obj                      40     0         0      
    +--+----------------------------+------+---------+---------+
       Total:                       3850   704       1170   
                                                            
    .\third_party\FreeRTOS\Source\
       tasks.obj                    440    0         376    
       list.obj                     56     0         0      
    +--+----------------------------+------+---------+---------+
       Total:                       496    0         376    
                                                            
    .\third_party\FreeRTOS\Source\portable\CCS\ARM_CM4F\
       portasm.obj                  210    0         0      
       port.obj                     44     4         0      
    +--+----------------------------+------+---------+---------+
       Total:                       254    4         0      
                                                            
    .\utils\
       uartstdio.obj                684    24        5      
    +--+----------------------------+------+---------+---------+
       Total:                       684    24        5      
                                                            
    C:\ti\ccs901\ccs\tools\compiler\ti-cgt-arm_18.12.1.LTS\lib\rtsv7M4_T_le_v4SPD16_eabi.lib
       memcpy_t2.asm.obj            156    0         0      
       memset_t2.asm.obj            122    0         0      
       copy_decompress_lzss.c.obj   104    0         0      
       autoinit.c.obj               68     0         0      
       u_divt2.asm.obj              64     0         0      
       boot_cortex_m.c.obj          52     0         0      
       copy_decompress_none.c.obj   14     0         0      
       copy_zero_init.c.obj         12     0         0      
       exit.c.obj                   4      0         0      
       pre_init.c.obj               4      0         0      
       div0.asm.obj                 2      0         0      
    +--+----------------------------+------+---------+---------+
       Total:                       602    0         0      
                                                            
    D:/ITI/AUTO SAR/Code Composer/TivaWare_C_Series-2.1.4.178/driverlib/ccs/Debug/driverlib.lib
       interrupt.obj                156    112       620    
       sysctl.obj                   710    108       0      
       gpio.obj                     480    144       0      
       uart.obj                     6      0         0      
    +--+----------------------------+------+---------+---------+
       Total:                       1352   364       620    
                                                            
       Stack:                       0      0         512    
       Linker Generated:            0      244       0      
    +--+----------------------------+------+---------+---------+
       Grand Total:                 7238   1340      2683   


LINKER GENERATED COPY TABLES

__TI_cinit_table @ 00002170 records: 3, size/record: 8, table size: 24
	.data: load addr=00002090, load size=000000c0 bytes, run addr=2000026c, run size=000003e6 bytes, compression=lzss
	.bss: load addr=00002160, load size=00000008 bytes, run addr=20000654, run size=0000022c bytes, compression=zero_init
	.vtable: load addr=00002168, load size=00000008 bytes, run addr=20000000, run size=0000026c bytes, compression=zero_init


LINKER GENERATED HANDLER TABLE

__TI_handler_table @ 00002150 records: 3, size/record: 4, table size: 12
	index: 0, handler: __TI_zero_init
	index: 1, handler: __TI_decompress_lzss
	index: 2, handler: __TI_decompress_none


GLOBAL SYMBOLS: SORTED ALPHABETICALLY BY Name 

address   name                          
-------   ----                          
00001eb1  C$$EXIT                       
000017d9  CANBitTimingSet               
00001e75  CANDisable                    
00001e7f  CANEnable                     
00001ab1  CANInit                       
00001d25  CANIntClear                   
00001e89  CANIntDisable                 
00001e93  CANIntEnable                  
00001de3  CANIntRegister                
00001d47  CANIntStatus                  
000008e5  CANMessageGet                 
000007b5  CANMessageSet                 
000019f1  CANStatusGet                  
00001331  CAN_IRQHandler                
00001cb9  Can0_InterruptHandler         
00001cdd  Can1_InterruptHandler         
200005dc  CanController                 
00002020  CanControllerBaudrateConfig   
2000026c  CanHardwareObject             
200005fc  CanHwFilterCfg                
20000610  CanIfCtrlCfg                  
20000640  CanIfHrhCfg                   
20000636  CanIfHthCfg                   
200004c4  CanIfRxPduCfg                 
2000053c  CanIfTxPduCfg                 
00001d69  CanIf_Init                    
000009fd  CanIf_RxIndication            
00001721  CanIf_SetPduMode              
00001289  CanIf_Transmit                
00001d89  CanIf_TxConfirmation          
000014f9  Can_GetControllerErrorState   
00001a31  Can_GetControllerMode         
00001029  Can_Init                      
0000182d  Can_Mcu_Init                  
0000026d  Can_SetControllerMode         
00000d2d  Can_Write                     
20000624  Data                          
00001c41  Det_ReportError               
00001bed  GPIODirModeSet                
00000683  GPIOPadConfigSet              
0000191d  GPIOPinConfigure              
00001e2b  GPIOPinTypeCAN                
00001dfb  GPIOPinTypeGPIOOutput         
00001e3d  GPIOPinTypeUART               
0000187d  InitConsole                   
000015f1  IntEnable                     
00001b25  IntRegister                   
00001c69  LED_Init                      
00000c1d  Mcu_GetSysCloock              
2000057c  PduInfoPtr                    
00001e9b  ResetISR                      
00001e5d  SimpleDelay                   
00000c1d  SysCtlClockGet                
00000f35  SysCtlClockSet                
00001ea1  SysCtlDelay                   
00001b59  SysCtlPeripheralEnable        
00001aed  SysCtlPeripheralReady         
000018cd  SysCtlPeripheralReset         
00001ea7  UARTClockSourceSet            
000016c1  UARTStdioConfig               
00001dc9  UARTprintf                    
00000499  UARTvprintf                   
00001965  UARTwrite                     
20000a80  __STACK_END                   
00000200  __STACK_SIZE                  
20000a80  __STACK_TOP                   
00002170  __TI_CINIT_Base               
00002188  __TI_CINIT_Limit              
00002150  __TI_Handler_Table_Base       
0000215c  __TI_Handler_Table_Limit      
000019ad  __TI_auto_init_nobinit_nopinit
00001659  __TI_decompress_lzss          
00001e4f  __TI_decompress_none          
ffffffff  __TI_pprof_out_hndl           
ffffffff  __TI_prof_data_size           
ffffffff  __TI_prof_data_start          
00000000  __TI_static_base__            
00001e69  __TI_zero_init                
0000182b  __aeabi_idiv0                 
0000182b  __aeabi_ldiv0                 
00001575  __aeabi_memclr                
00001575  __aeabi_memclr4               
00001575  __aeabi_memclr8               
000013d1  __aeabi_memcpy                
000013d1  __aeabi_memcpy4               
000013d1  __aeabi_memcpy8               
00001577  __aeabi_memset                
00001577  __aeabi_memset4               
00001577  __aeabi_memset8               
00001a71  __aeabi_uidiv                 
00001a71  __aeabi_uidivmod              
ffffffff  __binit__                     
ffffffff  __c_args__                    
UNDEFED   __mpu_init                    
20000880  __stack                       
00001b8d  _c_int00_noargs               
UNDEFED   _system_post_cinit            
00001ead  _system_pre_init              
00001eb1  abort                         
ffffffff  binit                         
20000000  g_pfnRAMVectors               
00000000  g_pfnVectors                  
000011dd  main                          
000013d1  memcpy                        
0000157d  memset                        
200005ac  pxCurrentTCB                  
0000208c  ulMaxSyscallInterruptPriority 
00001119  ulPortGetIPSR                 
00001da9  uxListRemove                  
00001aeb  vApplicationStackOverflowHook 
00001e13  vListInsertEnd                
000011cd  vPortEnableVFP                
00001191  vPortSVCHandler               
000011b1  vPortStartFirstTask           
0000146d  vTaskSwitchContext            
00001131  xPortPendSVHandler            
00001bc1  xPortSysTickHandler           
00000e31  xTaskIncrementTick            


GLOBAL SYMBOLS: SORTED BY Symbol Address 

address   name                          
-------   ----                          
00000000  __TI_static_base__            
00000000  g_pfnVectors                  
00000200  __STACK_SIZE                  
0000026d  Can_SetControllerMode         
00000499  UARTvprintf                   
00000683  GPIOPadConfigSet              
000007b5  CANMessageSet                 
000008e5  CANMessageGet                 
000009fd  CanIf_RxIndication            
00000c1d  Mcu_GetSysCloock              
00000c1d  SysCtlClockGet                
00000d2d  Can_Write                     
00000e31  xTaskIncrementTick            
00000f35  SysCtlClockSet                
00001029  Can_Init                      
00001119  ulPortGetIPSR                 
00001131  xPortPendSVHandler            
00001191  vPortSVCHandler               
000011b1  vPortStartFirstTask           
000011cd  vPortEnableVFP                
000011dd  main                          
00001289  CanIf_Transmit                
00001331  CAN_IRQHandler                
000013d1  __aeabi_memcpy                
000013d1  __aeabi_memcpy4               
000013d1  __aeabi_memcpy8               
000013d1  memcpy                        
0000146d  vTaskSwitchContext            
000014f9  Can_GetControllerErrorState   
00001575  __aeabi_memclr                
00001575  __aeabi_memclr4               
00001575  __aeabi_memclr8               
00001577  __aeabi_memset                
00001577  __aeabi_memset4               
00001577  __aeabi_memset8               
0000157d  memset                        
000015f1  IntEnable                     
00001659  __TI_decompress_lzss          
000016c1  UARTStdioConfig               
00001721  CanIf_SetPduMode              
000017d9  CANBitTimingSet               
0000182b  __aeabi_idiv0                 
0000182b  __aeabi_ldiv0                 
0000182d  Can_Mcu_Init                  
0000187d  InitConsole                   
000018cd  SysCtlPeripheralReset         
0000191d  GPIOPinConfigure              
00001965  UARTwrite                     
000019ad  __TI_auto_init_nobinit_nopinit
000019f1  CANStatusGet                  
00001a31  Can_GetControllerMode         
00001a71  __aeabi_uidiv                 
00001a71  __aeabi_uidivmod              
00001ab1  CANInit                       
00001aeb  vApplicationStackOverflowHook 
00001aed  SysCtlPeripheralReady         
00001b25  IntRegister                   
00001b59  SysCtlPeripheralEnable        
00001b8d  _c_int00_noargs               
00001bc1  xPortSysTickHandler           
00001bed  GPIODirModeSet                
00001c41  Det_ReportError               
00001c69  LED_Init                      
00001cb9  Can0_InterruptHandler         
00001cdd  Can1_InterruptHandler         
00001d25  CANIntClear                   
00001d47  CANIntStatus                  
00001d69  CanIf_Init                    
00001d89  CanIf_TxConfirmation          
00001da9  uxListRemove                  
00001dc9  UARTprintf                    
00001de3  CANIntRegister                
00001dfb  GPIOPinTypeGPIOOutput         
00001e13  vListInsertEnd                
00001e2b  GPIOPinTypeCAN                
00001e3d  GPIOPinTypeUART               
00001e4f  __TI_decompress_none          
00001e5d  SimpleDelay                   
00001e69  __TI_zero_init                
00001e75  CANDisable                    
00001e7f  CANEnable                     
00001e89  CANIntDisable                 
00001e93  CANIntEnable                  
00001e9b  ResetISR                      
00001ea1  SysCtlDelay                   
00001ea7  UARTClockSourceSet            
00001ead  _system_pre_init              
00001eb1  C$$EXIT                       
00001eb1  abort                         
00002020  CanControllerBaudrateConfig   
0000208c  ulMaxSyscallInterruptPriority 
00002150  __TI_Handler_Table_Base       
0000215c  __TI_Handler_Table_Limit      
00002170  __TI_CINIT_Base               
00002188  __TI_CINIT_Limit              
20000000  g_pfnRAMVectors               
2000026c  CanHardwareObject             
200004c4  CanIfRxPduCfg                 
2000053c  CanIfTxPduCfg                 
2000057c  PduInfoPtr                    
200005ac  pxCurrentTCB                  
200005dc  CanController                 
200005fc  CanHwFilterCfg                
20000610  CanIfCtrlCfg                  
20000624  Data                          
20000636  CanIfHthCfg                   
20000640  CanIfHrhCfg                   
20000880  __stack                       
20000a80  __STACK_END                   
20000a80  __STACK_TOP                   
ffffffff  __TI_pprof_out_hndl           
ffffffff  __TI_prof_data_size           
ffffffff  __TI_prof_data_start          
ffffffff  __binit__                     
ffffffff  __c_args__                    
ffffffff  binit                         
UNDEFED   __mpu_init                    
UNDEFED   _system_post_cinit            

[118 symbols]
