******************************************************************************
                  TI ARM Linker PC v18.12.1                    
******************************************************************************
>> Linked Sat Jun 20 23:33:05 2020

OUTPUT FILE NAME:   <Freertos_CAN.out>
ENTRY POINT SYMBOL: "_c_int00_noargs"  address: 00001e39


MEMORY CONFIGURATION

         name            origin    length      used     unused   attr    fill
----------------------  --------  ---------  --------  --------  ----  --------
  FLASH                 00000000   00040000  00002430  0003dbd0  R  X
  SRAM                  20000000   00008000  00007f7b  00000085  RW X


SEGMENT ALLOCATION MAP

run origin  load origin   length   init length attrs members
----------  ----------- ---------- ----------- ----- -------
00000000    00000000    00002430   00002430    r-x
  00000000    00000000    0000026c   0000026c    r-- .intvecs
  0000026c    0000026c    00001f4c   00001f4c    r-x .text
  000021b8    000021b8    000001d0   000001d0    r-- .const
  00002388    00002388    000000a8   000000a8    r-- .cinit
20000000    20000000    00007f80   00000000    rw-
  20000000    20000000    0000026c   00000000    rw- .vtable
  2000026c    2000026c    000077bd   00000000    rw- .bss
  20007a2c    20007a2c    00000352   00000000    rw- .data
  20007d80    20007d80    00000200   00000000    rw- .stack


SECTION ALLOCATION MAP

 output                                  attributes/
section   page    origin      length       input sections
--------  ----  ----------  ----------   ----------------
.intvecs   0    00000000    0000026c     
                  00000000    0000026c     startup_ccs.obj (.intvecs)

.text      0    0000026c    00001f4c     
                  0000026c    000001f0     Can.obj (.text:Can_SetControllerMode)
                  0000045c    000001ea     uartstdio.obj (.text:UARTvprintf)
                  00000646    00000132     driverlib.lib : gpio.obj (.text:GPIOPadConfigSet)
                  00000778    00000130     TI_can.obj (.text:CANMessageSet)
                  000008a8    00000116     TI_can.obj (.text:CANMessageGet)
                  000009be    00000002     Can.obj (.text:CAN_IRQHandler)
                  000009c0    00000110     driverlib.lib : sysctl.obj (.text:SysCtlClockGet)
                  00000ad0    00000108     Can.obj (.text:Can_ConfigureHardwareObject)
                  00000bd8    00000104     tasks.obj (.text:xTaskIncrementTick)
                  00000cdc    00000100     tasks.obj (.text:xTaskGenericCreate)
                  00000ddc    000000f4     driverlib.lib : sysctl.obj (.text:SysCtlClockSet)
                  00000ed0    000000ec     CanIf.obj (.text:CanIf_RxIndication)
                  00000fbc    000000e4     tasks.obj (.text:xTaskResumeAll)
                  000010a0    000000d4     Can.obj (.text:Can_Init)
                  00001174    000000d2     portasm.obj (.text)
                  00001246    00000002     Can.obj (.text:Can_DisableControllerInterrupts)
                  00001248    000000c8     Can.obj (.text:Can_MainFunction_Read)
                  00001310    000000ac     heap_2.obj (.text:pvPortMalloc)
                  000013bc    0000009c     rtsv7M4_T_le_v4SPD16_eabi.lib : memcpy_t2.asm.obj (.text)
                  00001458    0000008c     tasks.obj (.text:vTaskSwitchContext)
                  000014e4    0000007a     rtsv7M4_T_le_v4SPD16_eabi.lib : memset_t2.asm.obj (.text)
                  0000155e    00000002     startup_ccs.obj (.text:FaultISR)
                  00001560    00000074     freertos_demo.obj (.text:main)
                  000015d4    00000068     driverlib.lib : interrupt.obj (.text:IntEnable)
                  0000163c    00000068     rtsv7M4_T_le_v4SPD16_eabi.lib : copy_decompress_lzss.c.obj (.text:decompress:lzss:__TI_decompress_lzss)
                  000016a4    00000060     uartstdio.obj (.text:UARTStdioConfig)
                  00001704    00000060     tasks.obj (.text:prvInitialiseTaskLists)
                  00001764    00000060     tasks.obj (.text:vTaskStartScheduler)
                  000017c4    0000005c     CanIf.obj (.text:CanIf_SetPduMode)
                  00001820    0000005c     TI_can.obj (.text:_CANIntNumberGet)
                  0000187c    0000005c     tasks.obj (.text:vTaskDelay)
                  000018d8    00000058     tasks.obj (.text:prvCheckTasksWaitingTermination)
                  00001930    00000056     tasks.obj (.text:prvInitialiseTCBVariables)
                  00001986    00000052     TI_can.obj (.text:CANBitTimingSet)
                  000019d8    00000050     freertos_demo.obj (.text:Can_Mcu_Init)
                  00001a28    00000050     freertos_demo.obj (.text:InitConsole)
                  00001a78    00000050     driverlib.lib : sysctl.obj (.text:SysCtlPeripheralReset)
                  00001ac8    0000004c     tasks.obj (.text:prvAddCurrentTaskToDelayedList)
                  00001b14    00000048     driverlib.lib : gpio.obj (.text:GPIOPinConfigure)
                  00001b5c    00000048     uartstdio.obj (.text:UARTwrite)
                  00001ba4    00000044     rtsv7M4_T_le_v4SPD16_eabi.lib : autoinit.c.obj (.text:__TI_auto_init_nobinit_nopinit:__TI_auto_init_nobinit_nopinit)
                  00001be8    00000044     heap_2.obj (.text:vPortFree)
                  00001c2c    00000040     Can.obj (.text:Can_GetControllerMode)
                  00001c6c    00000040     rtsv7M4_T_le_v4SPD16_eabi.lib : u_divt2.asm.obj (.text)
                  00001cac    00000040     port.obj (.text:xPortStartScheduler)
                  00001cec    0000003a     TI_can.obj (.text:CANInit)
                  00001d26    0000003a     tasks.obj (.text:prvAllocateTCBAndStack)
                  00001d60    00000038     driverlib.lib : sysctl.obj (.text:SysCtlPeripheralReady)
                  00001d98    00000038     list.obj (.text:vListInsert)
                  00001dd0    00000034     driverlib.lib : interrupt.obj (.text:IntRegister)
                  00001e04    00000034                   : sysctl.obj (.text:SysCtlPeripheralEnable)
                  00001e38    00000034     rtsv7M4_T_le_v4SPD16_eabi.lib : boot_cortex_m.c.obj (.text:_c_int00_noargs:_c_int00_noargs)
                  00001e6c    00000030     heap_2.obj (.text:prvHeapInit)
                  00001e9c    0000002c     port.obj (.text:xPortSysTickHandler)
                  00001ec8    0000002a     driverlib.lib : gpio.obj (.text:GPIODirModeSet)
                  00001ef2    0000002a     TI_can.obj (.text:_CANDataRegRead)
                  00001f1c    00000028     Det.obj (.text:Det_ReportError)
                  00001f44    00000028     freertos_demo.obj (.text:LED_Init)
                  00001f6c    00000028     tasks.obj (.text:prvResetNextTaskUnblockTime)
                  00001f94    00000028     port.obj (.text:pxPortInitialiseStack)
                  00001fbc    00000024     TI_can.obj (.text:_CANDataRegWrite)
                  00001fe0    00000020     CanIf.obj (.text:CanIf_Init)
                  00002000    00000020     list.obj (.text:uxListRemove)
                  00002020    0000001c     port.obj (.text:vPortEnterCritical)
                  0000203c    0000001a     uartstdio.obj (.text:UARTprintf)
                  00002056    00000018     TI_can.obj (.text:CANIntRegister)
                  0000206e    00000018     driverlib.lib : gpio.obj (.text:GPIOPinTypeGPIOOutput)
                  00002086    00000018     list.obj (.text:vListInsertEnd)
                  0000209e    00000002     startup_ccs.obj (.text:IntDefaultHandler)
                  000020a0    00000018     port.obj (.text:vPortExitCritical)
                  000020b8    00000016     list.obj (.text:vListInitialise)
                  000020ce    00000002     startup_ccs.obj (.text:NmiSR)
                  000020d0    00000014     port.obj (.text:vPortSetupTimerInterrupt)
                  000020e4    00000012     driverlib.lib : gpio.obj (.text:GPIOPinTypeCAN)
                  000020f6    00000012                   : gpio.obj (.text:GPIOPinTypeUART)
                  00002108    00000012     tasks.obj (.text:prvDeleteTCB)
                  0000211a    00000010     port.obj (.text:prvTaskExitError)
                  0000212a    00000002     rtsv7M4_T_le_v4SPD16_eabi.lib : div0.asm.obj (.text)
                  0000212c    00000010     tasks.obj (.text:vTaskSuspendAll)
                  0000213c    0000000e     freertos_demo.obj (.text:Read_Task)
                  0000214a    0000000e     rtsv7M4_T_le_v4SPD16_eabi.lib : copy_decompress_none.c.obj (.text:decompress:none:__TI_decompress_none)
                  00002158    0000000c                                   : copy_zero_init.c.obj (.text:decompress:ZI:__TI_zero_init)
                  00002164    0000000a     TI_can.obj (.text:CANDisable)
                  0000216e    0000000a     TI_can.obj (.text:CANEnable)
                  00002178    0000000a     TI_can.obj (.text:CANIntDisable)
                  00002182    00000008     tasks.obj (.text:prvIdleTask)
                  0000218a    00000006     Can_interrupt.obj (.text:Can0_InterruptHandler)
                  00002190    00000006     Can_interrupt.obj (.text:Can1_InterruptHandler)
                  00002196    00000006     startup_ccs.obj (.text:ResetISR)
                  0000219c    00000006     driverlib.lib : sysctl.obj (.text:SysCtlDelay)
                  000021a2    00000006                   : uart.obj (.text:UARTClockSourceSet)
                  000021a8    00000006     list.obj (.text:vListInitialiseItem)
                  000021ae    00000004     rtsv7M4_T_le_v4SPD16_eabi.lib : pre_init.c.obj (.text:_system_pre_init)
                  000021b2    00000004                                   : exit.c.obj (.text:abort:abort)
                  000021b6    00000002     freertos_demo.obj (.text:vApplicationStackOverflowHook)

.const     0    000021b8    000001d0     
                  000021b8    00000090     driverlib.lib : gpio.obj (.const:g_pui32GPIOBaseAddrs)
                  00002248    00000070                   : interrupt.obj (.const)
                  000022b8    0000006c                   : sysctl.obj (.const:g_pui32Xtals)
                  00002324    00000048     Can_lcfg.obj (.const:CanControllerBaudrateConfig)
                  0000236c    0000000c     uartstdio.obj (.const:g_ui32UARTBase)
                  00002378    0000000c     uartstdio.obj (.const:g_ui32UARTPeriph)
                  00002384    00000004     port.obj (.const)

.cinit     0    00002388    000000a8     
                  00002388    0000006f     (.cinit..data.load) [load image, compression = lzss]
                  000023f7    00000001     --HOLE-- [fill = 0]
                  000023f8    0000000c     (__TI_handler_table)
                  00002404    00000004     --HOLE-- [fill = 0]
                  00002408    00000008     (.cinit..bss.load) [load image, compression = zero_init]
                  00002410    00000008     (.cinit..vtable.load) [load image, compression = zero_init]
                  00002418    00000018     (__TI_cinit_table)

.init_array 
*          0    00000000    00000000     UNINITIALIZED

.vtable    0    20000000    0000026c     UNINITIALIZED
                  20000000    0000026c     driverlib.lib : interrupt.obj (.vtable)

.bss       0    2000026c    000077bd     UNINITIALIZED
                  2000026c    00007530     heap_2.obj (.bss:ucHeap)
                  2000779c    00000140     tasks.obj (.bss:pxReadyTasksLists)
                  200078dc    000000c0     Can.obj (.bss:Can_MailBoxLookUpTables)
                  2000799c    00000014     tasks.obj (.bss:xDelayedTaskList1)
                  200079b0    00000014     tasks.obj (.bss:xDelayedTaskList2)
                  200079c4    00000014     tasks.obj (.bss:xPendingReadyList)
                  200079d8    00000014     tasks.obj (.bss:xSuspendedTaskList)
                  200079ec    00000014     tasks.obj (.bss:xTasksWaitingTermination)
                  20007a00    00000008     tasks.obj (.bss)
                  20007a08    00000008     heap_2.obj (.bss:xEnd)
                  20007a10    00000008     heap_2.obj (.bss:xStart)
                  20007a18    00000005     CanIf.obj (.bss:CanIf_Global)
                  20007a1d    00000004     Can.obj (.bss:CanControllerCurrentMode)
                  20007a21    00000004     Can.obj (.bss:CanControllerInterruptDisable)
                  20007a25    00000004     Can.obj (.bss:CanControllerInterruptStatus)

.data      0    20007a2c    00000352     UNINITIALIZED
                  20007a2c    00000258     Can_lcfg.obj (.data:CanHardwareObject)
                  20007c84    00000078     CanIf_lCfg.obj (.data:CanIfRxPduCfg)
                  20007cfc    00000030     tasks.obj (.data)
                  20007d2c    00000020     Can_lcfg.obj (.data:CanController)
                  20007d4c    00000014     Can_lcfg.obj (.data:CanHwFilterCfg)
                  20007d60    00000008     CanIf_lCfg.obj (.data:CanIfHrhCfg)
                  20007d68    00000008     heap_2.obj (.data)
                  20007d70    00000005     uartstdio.obj (.data)
                  20007d75    00000002     Can.obj (.data:CanControllerModeStatus)
                  20007d77    00000001     Can.obj (.data)
                  20007d78    00000004     port.obj (.data)
                  20007d7c    00000002     Can.obj (.data:CurrentMailBox)

.stack     0    20007d80    00000200     UNINITIALIZED
                  20007d80    00000004     rtsv7M4_T_le_v4SPD16_eabi.lib : boot_cortex_m.c.obj (.stack)
                  20007d84    000001fc     --HOLE--

MODULE SUMMARY

       Module                       code   ro data   rw data
       ------                       ----   -------   -------
    .\
       Can.obj                      1240   0         209    
       TI_can.obj                   946    0         0      
       Can_lcfg.obj                 0      72        652    
       startup_ccs.obj              12     620       0      
       CanIf.obj                    360    0         5      
       freertos_demo.obj            332    0         0      
       CanIf_lCfg.obj               0      0         128    
       Det.obj                      40     0         0      
       Can_interrupt.obj            12     0         0      
    +--+----------------------------+------+---------+---------+
       Total:                       2942   692       994    
                                                            
    .\third_party\FreeRTOS\Source\
       tasks.obj                    1558   0         476    
       list.obj                     140    0         0      
    +--+----------------------------+------+---------+---------+
       Total:                       1698   0         476    
                                                            
    .\third_party\FreeRTOS\Source\portable\CCS\ARM_CM4F\
       port.obj                     236    4         4      
       portasm.obj                  210    0         0      
    +--+----------------------------+------+---------+---------+
       Total:                       446    4         4      
                                                            
    .\third_party\FreeRTOS\Source\portable\MemMang\
       heap_2.obj                   288    0         30024  
    +--+----------------------------+------+---------+---------+
       Total:                       288    0         30024  
                                                            
    .\utils\
       uartstdio.obj                684    24        5      
    +--+----------------------------+------+---------+---------+
       Total:                       684    24        5      
                                                            
    C:\ti\ccs901\ccs\tools\compiler\ti-cgt-arm_18.12.1.LTS\lib\rtsv7M4_T_le_v4SPD16_eabi.lib
       memcpy_t2.asm.obj            156    0         0      
       memset_t2.asm.obj            122    0         0      
       copy_decompress_lzss.c.obj   104    0         0      
       autoinit.c.obj               68     0         0      
       u_divt2.asm.obj              64     0         0      
       boot_cortex_m.c.obj          52     0         0      
       copy_decompress_none.c.obj   14     0         0      
       copy_zero_init.c.obj         12     0         0      
       exit.c.obj                   4      0         0      
       pre_init.c.obj               4      0         0      
       div0.asm.obj                 2      0         0      
    +--+----------------------------+------+---------+---------+
       Total:                       602    0         0      
                                                            
    D:/ITI/AUTO SAR/Code Composer/TivaWare_C_Series-2.1.4.178/driverlib/ccs/Debug/driverlib.lib
       interrupt.obj                156    112       620    
       sysctl.obj                   710    108       0      
       gpio.obj                     480    144       0      
       uart.obj                     6      0         0      
    +--+----------------------------+------+---------+---------+
       Total:                       1352   364       620    
                                                            
       Stack:                       0      0         512    
       Linker Generated:            0      163       0      
    +--+----------------------------+------+---------+---------+
       Grand Total:                 8012   1247      32635  


LINKER GENERATED COPY TABLES

__TI_cinit_table @ 00002418 records: 3, size/record: 8, table size: 24
	.data: load addr=00002388, load size=0000006f bytes, run addr=20007a2c, run size=00000352 bytes, compression=lzss
	.bss: load addr=00002408, load size=00000008 bytes, run addr=2000026c, run size=000077bd bytes, compression=zero_init
	.vtable: load addr=00002410, load size=00000008 bytes, run addr=20000000, run size=0000026c bytes, compression=zero_init


LINKER GENERATED HANDLER TABLE

__TI_handler_table @ 000023f8 records: 3, size/record: 4, table size: 12
	index: 0, handler: __TI_zero_init
	index: 1, handler: __TI_decompress_lzss
	index: 2, handler: __TI_decompress_none


GLOBAL SYMBOLS: SORTED ALPHABETICALLY BY Name 

address   name                           
-------   ----                           
000021b3  C$$EXIT                        
00001987  CANBitTimingSet                
00002165  CANDisable                     
0000216f  CANEnable                      
00001ced  CANInit                        
00002179  CANIntDisable                  
00002057  CANIntRegister                 
000008a9  CANMessageGet                  
00000779  CANMessageSet                  
000009bf  CAN_IRQHandler                 
0000218b  Can0_InterruptHandler          
00002191  Can1_InterruptHandler          
20007d2c  CanController                  
00002324  CanControllerBaudrateConfig    
20007a2c  CanHardwareObject              
20007d4c  CanHwFilterCfg                 
20007d60  CanIfHrhCfg                    
20007c84  CanIfRxPduCfg                  
00001fe1  CanIf_Init                     
00000ed1  CanIf_RxIndication             
000017c5  CanIf_SetPduMode               
00001247  Can_DisableControllerInterrupts
00001c2d  Can_GetControllerMode          
000010a1  Can_Init                       
00001249  Can_MainFunction_Read          
000019d9  Can_Mcu_Init                   
0000026d  Can_SetControllerMode          
00001f1d  Det_ReportError                
00001ec9  GPIODirModeSet                 
00000647  GPIOPadConfigSet               
00001b15  GPIOPinConfigure               
000020e5  GPIOPinTypeCAN                 
0000206f  GPIOPinTypeGPIOOutput          
000020f7  GPIOPinTypeUART                
00001a29  InitConsole                    
000015d5  IntEnable                      
00001dd1  IntRegister                    
00001f45  LED_Init                       
000009c1  Mcu_GetSysCloock               
0000213d  Read_Task                      
00002197  ResetISR                       
000009c1  SysCtlClockGet                 
00000ddd  SysCtlClockSet                 
0000219d  SysCtlDelay                    
00001e05  SysCtlPeripheralEnable         
00001d61  SysCtlPeripheralReady          
00001a79  SysCtlPeripheralReset          
000021a3  UARTClockSourceSet             
000016a5  UARTStdioConfig                
0000203d  UARTprintf                     
0000045d  UARTvprintf                    
00001b5d  UARTwrite                      
20007f80  __STACK_END                    
00000200  __STACK_SIZE                   
20007f80  __STACK_TOP                    
00002418  __TI_CINIT_Base                
00002430  __TI_CINIT_Limit               
000023f8  __TI_Handler_Table_Base        
00002404  __TI_Handler_Table_Limit       
00001ba5  __TI_auto_init_nobinit_nopinit 
0000163d  __TI_decompress_lzss           
0000214b  __TI_decompress_none           
ffffffff  __TI_pprof_out_hndl            
ffffffff  __TI_prof_data_size            
ffffffff  __TI_prof_data_start           
00000000  __TI_static_base__             
00002159  __TI_zero_init                 
0000212b  __aeabi_idiv0                  
0000212b  __aeabi_ldiv0                  
000014e5  __aeabi_memclr                 
000014e5  __aeabi_memclr4                
000014e5  __aeabi_memclr8                
000013bd  __aeabi_memcpy                 
000013bd  __aeabi_memcpy4                
000013bd  __aeabi_memcpy8                
000014e7  __aeabi_memset                 
000014e7  __aeabi_memset4                
000014e7  __aeabi_memset8                
00001c6d  __aeabi_uidiv                  
00001c6d  __aeabi_uidivmod               
ffffffff  __binit__                      
ffffffff  __c_args__                     
UNDEFED   __mpu_init                     
20007d80  __stack                        
00001e39  _c_int00_noargs                
UNDEFED   _system_post_cinit             
000021af  _system_pre_init               
000021b3  abort                          
ffffffff  binit                          
20000000  g_pfnRAMVectors                
00000000  g_pfnVectors                   
00001561  main                           
000013bd  memcpy                         
000014ed  memset                         
00001311  pvPortMalloc                   
20007cfc  pxCurrentTCB                   
00001f95  pxPortInitialiseStack          
00002384  ulMaxSyscallInterruptPriority  
00001185  ulPortGetIPSR                  
00002001  uxListRemove                   
000021b7  vApplicationStackOverflowHook  
000020b9  vListInitialise                
000021a9  vListInitialiseItem            
00001d99  vListInsert                    
00002087  vListInsertEnd                 
00001239  vPortEnableVFP                 
00002021  vPortEnterCritical             
000020a1  vPortExitCritical              
00001be9  vPortFree                      
000011fd  vPortSVCHandler                
000020d1  vPortSetupTimerInterrupt       
0000121d  vPortStartFirstTask            
0000187d  vTaskDelay                     
00001765  vTaskStartScheduler            
0000212d  vTaskSuspendAll                
00001459  vTaskSwitchContext             
0000119d  xPortPendSVHandler             
00001cad  xPortStartScheduler            
00001e9d  xPortSysTickHandler            
00000cdd  xTaskGenericCreate             
00000bd9  xTaskIncrementTick             
00000fbd  xTaskResumeAll                 


GLOBAL SYMBOLS: SORTED BY Symbol Address 

address   name                           
-------   ----                           
00000000  __TI_static_base__             
00000000  g_pfnVectors                   
00000200  __STACK_SIZE                   
0000026d  Can_SetControllerMode          
0000045d  UARTvprintf                    
00000647  GPIOPadConfigSet               
00000779  CANMessageSet                  
000008a9  CANMessageGet                  
000009bf  CAN_IRQHandler                 
000009c1  Mcu_GetSysCloock               
000009c1  SysCtlClockGet                 
00000bd9  xTaskIncrementTick             
00000cdd  xTaskGenericCreate             
00000ddd  SysCtlClockSet                 
00000ed1  CanIf_RxIndication             
00000fbd  xTaskResumeAll                 
000010a1  Can_Init                       
00001185  ulPortGetIPSR                  
0000119d  xPortPendSVHandler             
000011fd  vPortSVCHandler                
0000121d  vPortStartFirstTask            
00001239  vPortEnableVFP                 
00001247  Can_DisableControllerInterrupts
00001249  Can_MainFunction_Read          
00001311  pvPortMalloc                   
000013bd  __aeabi_memcpy                 
000013bd  __aeabi_memcpy4                
000013bd  __aeabi_memcpy8                
000013bd  memcpy                         
00001459  vTaskSwitchContext             
000014e5  __aeabi_memclr                 
000014e5  __aeabi_memclr4                
000014e5  __aeabi_memclr8                
000014e7  __aeabi_memset                 
000014e7  __aeabi_memset4                
000014e7  __aeabi_memset8                
000014ed  memset                         
00001561  main                           
000015d5  IntEnable                      
0000163d  __TI_decompress_lzss           
000016a5  UARTStdioConfig                
00001765  vTaskStartScheduler            
000017c5  CanIf_SetPduMode               
0000187d  vTaskDelay                     
00001987  CANBitTimingSet                
000019d9  Can_Mcu_Init                   
00001a29  InitConsole                    
00001a79  SysCtlPeripheralReset          
00001b15  GPIOPinConfigure               
00001b5d  UARTwrite                      
00001ba5  __TI_auto_init_nobinit_nopinit 
00001be9  vPortFree                      
00001c2d  Can_GetControllerMode          
00001c6d  __aeabi_uidiv                  
00001c6d  __aeabi_uidivmod               
00001cad  xPortStartScheduler            
00001ced  CANInit                        
00001d61  SysCtlPeripheralReady          
00001d99  vListInsert                    
00001dd1  IntRegister                    
00001e05  SysCtlPeripheralEnable         
00001e39  _c_int00_noargs                
00001e9d  xPortSysTickHandler            
00001ec9  GPIODirModeSet                 
00001f1d  Det_ReportError                
00001f45  LED_Init                       
00001f95  pxPortInitialiseStack          
00001fe1  CanIf_Init                     
00002001  uxListRemove                   
00002021  vPortEnterCritical             
0000203d  UARTprintf                     
00002057  CANIntRegister                 
0000206f  GPIOPinTypeGPIOOutput          
00002087  vListInsertEnd                 
000020a1  vPortExitCritical              
000020b9  vListInitialise                
000020d1  vPortSetupTimerInterrupt       
000020e5  GPIOPinTypeCAN                 
000020f7  GPIOPinTypeUART                
0000212b  __aeabi_idiv0                  
0000212b  __aeabi_ldiv0                  
0000212d  vTaskSuspendAll                
0000213d  Read_Task                      
0000214b  __TI_decompress_none           
00002159  __TI_zero_init                 
00002165  CANDisable                     
0000216f  CANEnable                      
00002179  CANIntDisable                  
0000218b  Can0_InterruptHandler          
00002191  Can1_InterruptHandler          
00002197  ResetISR                       
0000219d  SysCtlDelay                    
000021a3  UARTClockSourceSet             
000021a9  vListInitialiseItem            
000021af  _system_pre_init               
000021b3  C$$EXIT                        
000021b3  abort                          
000021b7  vApplicationStackOverflowHook  
00002324  CanControllerBaudrateConfig    
00002384  ulMaxSyscallInterruptPriority  
000023f8  __TI_Handler_Table_Base        
00002404  __TI_Handler_Table_Limit       
00002418  __TI_CINIT_Base                
00002430  __TI_CINIT_Limit               
20000000  g_pfnRAMVectors                
20007a2c  CanHardwareObject              
20007c84  CanIfRxPduCfg                  
20007cfc  pxCurrentTCB                   
20007d2c  CanController                  
20007d4c  CanHwFilterCfg                 
20007d60  CanIfHrhCfg                    
20007d80  __stack                        
20007f80  __STACK_END                    
20007f80  __STACK_TOP                    
ffffffff  __TI_pprof_out_hndl            
ffffffff  __TI_prof_data_size            
ffffffff  __TI_prof_data_start           
ffffffff  __binit__                      
ffffffff  __c_args__                     
ffffffff  binit                          
UNDEFED   __mpu_init                     
UNDEFED   _system_post_cinit             

[122 symbols]
