******************************************************************************
                  TI ARM Linker PC v18.12.1                    
******************************************************************************
>> Linked Wed Jun 17 02:04:33 2020

OUTPUT FILE NAME:   <Freertos_CAN.out>
ENTRY POINT SYMBOL: "_c_int00_noargs"  address: 000019e9


MEMORY CONFIGURATION

         name            origin    length      used     unused   attr    fill
----------------------  --------  ---------  --------  --------  ----  --------
  FLASH                 00000000   00040000  00001fe0  0003e020  R  X
  SRAM                  20000000   00008000  000009d0  00007630  RW X


SEGMENT ALLOCATION MAP

run origin  load origin   length   init length attrs members
----------  ----------- ---------- ----------- ----- -------
00000000    00000000    00001fe0   00001fe0    r-x
  00000000    00000000    0000026c   0000026c    r-- .intvecs
  0000026c    0000026c    00001a78   00001a78    r-x .text
  00001ce4    00001ce4    00000244   00000244    r-- .const
  00001f28    00001f28    000000b8   000000b8    r-- .cinit
20000000    20000000    000009d8   00000000    rw-
  20000000    20000000    0000026c   00000000    rw- .vtable
  2000026c    2000026c    0000034b   00000000    rw- .data
  200005b8    200005b8    00000219   00000000    rw- .bss
  200007d8    200007d8    00000200   00000000    rw- .stack


SECTION ALLOCATION MAP

 output                                  attributes/
section   page    origin      length       input sections
--------  ----  ----------  ----------   ----------------
.intvecs   0    00000000    0000026c     
                  00000000    0000026c     startup_ccs.obj (.intvecs)

.text      0    0000026c    00001a78     
                  0000026c    00000218     CanAUTO.obj (.text:Can_SetControllerMode)
                  00000484    000001ea     uartstdio.obj (.text:UARTvprintf)
                  0000066e    00000132     driverlib.lib : gpio.obj (.text:GPIOPadConfigSet)
                  000007a0    00000130     can.obj (.text:CANMessageSet)
                  000008d0    00000116     can.obj (.text:CANMessageGet)
                  000009e6    00000002     startup_ccs.obj (.text:FaultISR)
                  000009e8    00000110     driverlib.lib : sysctl.obj (.text:SysCtlClockGet)
                  00000af8    00000104     CanAUTO.obj (.text:Can_Write)
                  00000bfc    00000104     tasks.obj (.text:xTaskIncrementTick)
                  00000d00    000000f4     driverlib.lib : sysctl.obj (.text:SysCtlClockSet)
                  00000df4    000000ec     CanIf.obj (.text:CanIf_Transmit)
                  00000ee0    000000d4     CanAUTO.obj (.text:Can_ConfigureHardwareObject)
                  00000fb4    000000d2     portasm.obj (.text)
                  00001086    00000002     startup_ccs.obj (.text:IntDefaultHandler)
                  00001088    000000c8     CanAUTO.obj (.text:Can_Init)
                  00001150    000000c8     main.obj (.text:main)
                  00001218    000000a0     CanAUTO.obj (.text:CAN_IRQHandler)
                  000012b8    0000009c     rtsv7M4_T_le_v4SPD16_eabi.lib : memcpy_t2.asm.obj (.text)
                  00001354    0000008c     CanIf.obj (.text:CanIf_RxIndication)
                  000013e0    0000008c     tasks.obj (.text:vTaskSwitchContext)
                  0000146c    0000007a     rtsv7M4_T_le_v4SPD16_eabi.lib : memset_t2.asm.obj (.text)
                  000014e6    00000002     startup_ccs.obj (.text:NmiSR)
                  000014e8    00000068     driverlib.lib : interrupt.obj (.text:IntEnable)
                  00001550    00000068     rtsv7M4_T_le_v4SPD16_eabi.lib : copy_decompress_lzss.c.obj (.text:decompress:lzss:__TI_decompress_lzss)
                  000015b8    00000060     uartstdio.obj (.text:UARTStdioConfig)
                  00001618    0000005c     can.obj (.text:_CANIntNumberGet)
                  00001674    00000052     can.obj (.text:CANBitTimingSet)
                  000016c6    00000002     rtsv7M4_T_le_v4SPD16_eabi.lib : div0.asm.obj (.text)
                  000016c8    00000050     main.obj (.text:Can_Mcu_Init)
                  00001718    00000050     main.obj (.text:InitConsole)
                  00001768    00000050     driverlib.lib : sysctl.obj (.text:SysCtlPeripheralReset)
                  000017b8    00000048                   : gpio.obj (.text:GPIOPinConfigure)
                  00001800    00000048     uartstdio.obj (.text:UARTwrite)
                  00001848    00000044     rtsv7M4_T_le_v4SPD16_eabi.lib : autoinit.c.obj (.text:__TI_auto_init_nobinit_nopinit:__TI_auto_init_nobinit_nopinit)
                  0000188c    00000040     CanIf.obj (.text:CanIf_SetPduMode)
                  000018cc    00000040     rtsv7M4_T_le_v4SPD16_eabi.lib : u_divt2.asm.obj (.text)
                  0000190c    0000003a     can.obj (.text:CANInit)
                  00001946    00000002     freertos_demo.obj (.text:vApplicationStackOverflowHook)
                  00001948    00000038     driverlib.lib : sysctl.obj (.text:SysCtlPeripheralReady)
                  00001980    00000034                   : interrupt.obj (.text:IntRegister)
                  000019b4    00000034                   : sysctl.obj (.text:SysCtlPeripheralEnable)
                  000019e8    00000034     rtsv7M4_T_le_v4SPD16_eabi.lib : boot_cortex_m.c.obj (.text:_c_int00_noargs:_c_int00_noargs)
                  00001a1c    0000002c     CanIf.obj (.text:CanIf_TxConfirmation)
                  00001a48    0000002c     CanAUTO.obj (.text:Can_GetControllerMode)
                  00001a74    0000002c     port.obj (.text:xPortSysTickHandler)
                  00001aa0    0000002a     driverlib.lib : gpio.obj (.text:GPIODirModeSet)
                  00001aca    0000002a     can.obj (.text:_CANDataRegRead)
                  00001af4    00000028     main.obj (.text:LED_Init)
                  00001b1c    00000028     tasks.obj (.text:prvResetNextTaskUnblockTime)
                  00001b44    00000024     can.obj (.text:_CANDataRegWrite)
                  00001b68    00000022     can.obj (.text:CANIntClear)
                  00001b8a    00000020     can.obj (.text:CANIntStatus)
                  00001baa    00000002     --HOLE-- [fill = 0]
                  00001bac    00000020     CanIf.obj (.text:CanIf_Init)
                  00001bcc    00000020     list.obj (.text:uxListRemove)
                  00001bec    0000001a     uartstdio.obj (.text:UARTprintf)
                  00001c06    00000018     can.obj (.text:CANIntRegister)
                  00001c1e    00000018     driverlib.lib : gpio.obj (.text:GPIOPinTypeGPIOOutput)
                  00001c36    00000018     list.obj (.text:vListInsertEnd)
                  00001c4e    00000012     driverlib.lib : gpio.obj (.text:GPIOPinTypeCAN)
                  00001c60    00000012                   : gpio.obj (.text:GPIOPinTypeUART)
                  00001c72    0000000e     rtsv7M4_T_le_v4SPD16_eabi.lib : copy_decompress_none.c.obj (.text:decompress:none:__TI_decompress_none)
                  00001c80    0000000c     main.obj (.text:SimpleDelay)
                  00001c8c    0000000c     rtsv7M4_T_le_v4SPD16_eabi.lib : copy_zero_init.c.obj (.text:decompress:ZI:__TI_zero_init)
                  00001c98    0000000a     can.obj (.text:CANDisable)
                  00001ca2    0000000a     can.obj (.text:CANEnable)
                  00001cac    0000000a     can.obj (.text:CANIntDisable)
                  00001cb6    00000008     can.obj (.text:CANIntEnable)
                  00001cbe    00000006     Can_interrupt.obj (.text:Can0_InterruptHandler)
                  00001cc4    00000006     Can_interrupt.obj (.text:Can1_InterruptHandler)
                  00001cca    00000006     startup_ccs.obj (.text:ResetISR)
                  00001cd0    00000006     driverlib.lib : sysctl.obj (.text:SysCtlDelay)
                  00001cd6    00000006                   : uart.obj (.text:UARTClockSourceSet)
                  00001cdc    00000004     rtsv7M4_T_le_v4SPD16_eabi.lib : pre_init.c.obj (.text:_system_pre_init)
                  00001ce0    00000004                                   : exit.c.obj (.text:abort:abort)

.const     0    00001ce4    00000244     
                  00001ce4    00000090     driverlib.lib : gpio.obj (.const:g_pui32GPIOBaseAddrs)
                  00001d74    00000070                   : interrupt.obj (.const)
                  00001de4    0000006c                   : sysctl.obj (.const:g_pui32Xtals)
                  00001e50    00000048     Can_lcfg.obj (.const:CanControllerBaudrateConfig)
                  00001e98    00000030     main.obj (.const:$P$T1$2)
                  00001ec8    00000030     main.obj (.const:$P$T2$3)
                  00001ef8    00000012     main.obj (.const:.string:$P$T0$1)
                  00001f0a    00000002     --HOLE-- [fill = 0]
                  00001f0c    0000000c     uartstdio.obj (.const:g_ui32UARTBase)
                  00001f18    0000000c     uartstdio.obj (.const:g_ui32UARTPeriph)
                  00001f24    00000004     port.obj (.const)

.cinit     0    00001f28    000000b8     
                  00001f28    00000083     (.cinit..data.load) [load image, compression = lzss]
                  00001fab    00000001     --HOLE-- [fill = 0]
                  00001fac    0000000c     (__TI_handler_table)
                  00001fb8    00000008     (.cinit..bss.load) [load image, compression = zero_init]
                  00001fc0    00000008     (.cinit..vtable.load) [load image, compression = zero_init]
                  00001fc8    00000018     (__TI_cinit_table)

.init_array 
*          0    00000000    00000000     UNINITIALIZED

.vtable    0    20000000    0000026c     UNINITIALIZED
                  20000000    0000026c     driverlib.lib : interrupt.obj (.vtable)

.data      0    2000026c    0000034b     UNINITIALIZED
                  2000026c    00000258     Can_lcfg.obj (.data:CanHardwareObject)
                  200004c4    00000040     CanIf_lCfg.obj (.data:CanIfTxPduCfg)
                  20000504    0000003c     CanIf_lCfg.obj (.data:CanIfRxPduCfg)
                  20000540    00000030     tasks.obj (.data)
                  20000570    00000020     Can_lcfg.obj (.data:CanController)
                  20000590    0000000c     CanIf_lCfg.obj (.data:CanIfHrhCfg)
                  2000059c    0000000a     CanIf_lCfg.obj (.data:CanIfHthCfg)
                  200005a6    00000002     CanAUTO.obj (.data)
                  200005a8    00000008     CanIf.obj (.data)
                  200005b0    00000005     uartstdio.obj (.data)
                  200005b5    00000002     CanAUTO.obj (.data:state_transition_flag)

.bss       0    200005b8    00000219     UNINITIALIZED
                  200005b8    00000140     tasks.obj (.bss:pxReadyTasksLists)
                  200006f8    000000c0     CanAUTO.obj (.bss:Can_MailBoxLookUpTables)
                  200007b8    00000008     tasks.obj (.bss)
                  200007c0    00000005     CanIf.obj (.bss:CanIf_Global)
                  200007c5    00000004     CanAUTO.obj (.bss:Can_ControllerMode)
                  200007c9    00000004     CanAUTO.obj (.bss:IntDisableCount)
                  200007cd    00000004     CanAUTO.obj (.bss:InterruptStatus)

.stack     0    200007d8    00000200     UNINITIALIZED
                  200007d8    00000004     rtsv7M4_T_le_v4SPD16_eabi.lib : boot_cortex_m.c.obj (.stack)
                  200007dc    000001fc     --HOLE--

MODULE SUMMARY

       Module                       code   ro data   rw data
       ------                       ----   -------   -------
    .\
       CanAUTO.obj                  1412   0         208    
       can.obj                      1020   0         0      
       Can_lcfg.obj                 0      72        632    
       startup_ccs.obj              12     620       0      
       CanIf.obj                    516    0         13     
       main.obj                     412    114       0      
       CanIf_lCfg.obj               0      0         146    
       Can_interrupt.obj            12     0         0      
       freertos_demo.obj            2      0         0      
    +--+----------------------------+------+---------+---------+
       Total:                       3386   806       999    
                                                            
    .\third_party\FreeRTOS\Source\
       tasks.obj                    440    0         376    
       list.obj                     56     0         0      
    +--+----------------------------+------+---------+---------+
       Total:                       496    0         376    
                                                            
    .\third_party\FreeRTOS\Source\portable\CCS\ARM_CM4F\
       portasm.obj                  210    0         0      
       port.obj                     44     4         0      
    +--+----------------------------+------+---------+---------+
       Total:                       254    4         0      
                                                            
    .\utils\
       uartstdio.obj                684    24        5      
    +--+----------------------------+------+---------+---------+
       Total:                       684    24        5      
                                                            
    C:\ti\ccs901\ccs\tools\compiler\ti-cgt-arm_18.12.1.LTS\lib\rtsv7M4_T_le_v4SPD16_eabi.lib
       memcpy_t2.asm.obj            156    0         0      
       memset_t2.asm.obj            122    0         0      
       copy_decompress_lzss.c.obj   104    0         0      
       autoinit.c.obj               68     0         0      
       u_divt2.asm.obj              64     0         0      
       boot_cortex_m.c.obj          52     0         0      
       copy_decompress_none.c.obj   14     0         0      
       copy_zero_init.c.obj         12     0         0      
       exit.c.obj                   4      0         0      
       pre_init.c.obj               4      0         0      
       div0.asm.obj                 2      0         0      
    +--+----------------------------+------+---------+---------+
       Total:                       602    0         0      
                                                            
    D:/ITI/AUTO SAR/Code Composer/TivaWare_C_Series-2.1.4.178/driverlib/ccs/Debug/driverlib.lib
       interrupt.obj                156    112       620    
       sysctl.obj                   710    108       0      
       gpio.obj                     480    144       0      
       uart.obj                     6      0         0      
    +--+----------------------------+------+---------+---------+
       Total:                       1352   364       620    
                                                            
       Stack:                       0      0         512    
       Linker Generated:            0      183       0      
    +--+----------------------------+------+---------+---------+
       Grand Total:                 6774   1381      2512   


LINKER GENERATED COPY TABLES

__TI_cinit_table @ 00001fc8 records: 3, size/record: 8, table size: 24
	.data: load addr=00001f28, load size=00000083 bytes, run addr=2000026c, run size=0000034b bytes, compression=lzss
	.bss: load addr=00001fb8, load size=00000008 bytes, run addr=200005b8, run size=00000219 bytes, compression=zero_init
	.vtable: load addr=00001fc0, load size=00000008 bytes, run addr=20000000, run size=0000026c bytes, compression=zero_init


LINKER GENERATED HANDLER TABLE

__TI_handler_table @ 00001fac records: 3, size/record: 4, table size: 12
	index: 0, handler: __TI_zero_init
	index: 1, handler: __TI_decompress_lzss
	index: 2, handler: __TI_decompress_none


GLOBAL SYMBOLS: SORTED ALPHABETICALLY BY Name 

address   name                          
-------   ----                          
00001ce1  C$$EXIT                       
00001675  CANBitTimingSet               
00001c99  CANDisable                    
00001ca3  CANEnable                     
0000190d  CANInit                       
00001b69  CANIntClear                   
00001cad  CANIntDisable                 
00001cb7  CANIntEnable                  
00001c07  CANIntRegister                
00001b8b  CANIntStatus                  
000008d1  CANMessageGet                 
000007a1  CANMessageSet                 
00001219  CAN_IRQHandler                
00001cbf  Can0_InterruptHandler         
00001cc5  Can1_InterruptHandler         
20000570  CanController                 
00001e50  CanControllerBaudrateConfig   
2000026c  CanHardwareObject             
20000590  CanIfHrhCfg                   
2000059c  CanIfHthCfg                   
20000504  CanIfRxPduCfg                 
200004c4  CanIfTxPduCfg                 
00001bad  CanIf_Init                    
00001355  CanIf_RxIndication            
0000188d  CanIf_SetPduMode              
00000df5  CanIf_Transmit                
00001a1d  CanIf_TxConfirmation          
00001a49  Can_GetControllerMode         
00001089  Can_Init                      
000016c9  Can_Mcu_Init                  
0000026d  Can_SetControllerMode         
00000af9  Can_Write                     
00001aa1  GPIODirModeSet                
0000066f  GPIOPadConfigSet              
000017b9  GPIOPinConfigure              
00001c4f  GPIOPinTypeCAN                
00001c1f  GPIOPinTypeGPIOOutput         
00001c61  GPIOPinTypeUART               
00001719  InitConsole                   
000014e9  IntEnable                     
00001981  IntRegister                   
00001af5  LED_Init                      
000009e9  Mcu_GetSysCloock              
00001ccb  ResetISR                      
00001c81  SimpleDelay                   
000009e9  SysCtlClockGet                
00000d01  SysCtlClockSet                
00001cd1  SysCtlDelay                   
000019b5  SysCtlPeripheralEnable        
00001949  SysCtlPeripheralReady         
00001769  SysCtlPeripheralReset         
00001cd7  UARTClockSourceSet            
000015b9  UARTStdioConfig               
00001bed  UARTprintf                    
00000485  UARTvprintf                   
00001801  UARTwrite                     
200009d8  __STACK_END                   
00000200  __STACK_SIZE                  
200009d8  __STACK_TOP                   
00001fc8  __TI_CINIT_Base               
00001fe0  __TI_CINIT_Limit              
00001fac  __TI_Handler_Table_Base       
00001fb8  __TI_Handler_Table_Limit      
00001849  __TI_auto_init_nobinit_nopinit
00001551  __TI_decompress_lzss          
00001c73  __TI_decompress_none          
ffffffff  __TI_pprof_out_hndl           
ffffffff  __TI_prof_data_size           
ffffffff  __TI_prof_data_start          
00000000  __TI_static_base__            
00001c8d  __TI_zero_init                
000016c7  __aeabi_idiv0                 
000016c7  __aeabi_ldiv0                 
0000146d  __aeabi_memclr                
0000146d  __aeabi_memclr4               
0000146d  __aeabi_memclr8               
000012b9  __aeabi_memcpy                
000012b9  __aeabi_memcpy4               
000012b9  __aeabi_memcpy8               
0000146f  __aeabi_memset                
0000146f  __aeabi_memset4               
0000146f  __aeabi_memset8               
000018cd  __aeabi_uidiv                 
000018cd  __aeabi_uidivmod              
ffffffff  __binit__                     
ffffffff  __c_args__                    
UNDEFED   __mpu_init                    
200007d8  __stack                       
000019e9  _c_int00_noargs               
UNDEFED   _system_post_cinit            
00001cdd  _system_pre_init              
00001ce1  abort                         
ffffffff  binit                         
20000000  g_pfnRAMVectors               
00000000  g_pfnVectors                  
00001151  main                          
000012b9  memcpy                        
00001475  memset                        
20000540  pxCurrentTCB                  
00001f24  ulMaxSyscallInterruptPriority 
00000fc5  ulPortGetIPSR                 
00001bcd  uxListRemove                  
00001947  vApplicationStackOverflowHook 
00001c37  vListInsertEnd                
00001079  vPortEnableVFP                
0000103d  vPortSVCHandler               
0000105d  vPortStartFirstTask           
000013e1  vTaskSwitchContext            
00000fdd  xPortPendSVHandler            
00001a75  xPortSysTickHandler           
00000bfd  xTaskIncrementTick            


GLOBAL SYMBOLS: SORTED BY Symbol Address 

address   name                          
-------   ----                          
00000000  __TI_static_base__            
00000000  g_pfnVectors                  
00000200  __STACK_SIZE                  
0000026d  Can_SetControllerMode         
00000485  UARTvprintf                   
0000066f  GPIOPadConfigSet              
000007a1  CANMessageSet                 
000008d1  CANMessageGet                 
000009e9  Mcu_GetSysCloock              
000009e9  SysCtlClockGet                
00000af9  Can_Write                     
00000bfd  xTaskIncrementTick            
00000d01  SysCtlClockSet                
00000df5  CanIf_Transmit                
00000fc5  ulPortGetIPSR                 
00000fdd  xPortPendSVHandler            
0000103d  vPortSVCHandler               
0000105d  vPortStartFirstTask           
00001079  vPortEnableVFP                
00001089  Can_Init                      
00001151  main                          
00001219  CAN_IRQHandler                
000012b9  __aeabi_memcpy                
000012b9  __aeabi_memcpy4               
000012b9  __aeabi_memcpy8               
000012b9  memcpy                        
00001355  CanIf_RxIndication            
000013e1  vTaskSwitchContext            
0000146d  __aeabi_memclr                
0000146d  __aeabi_memclr4               
0000146d  __aeabi_memclr8               
0000146f  __aeabi_memset                
0000146f  __aeabi_memset4               
0000146f  __aeabi_memset8               
00001475  memset                        
000014e9  IntEnable                     
00001551  __TI_decompress_lzss          
000015b9  UARTStdioConfig               
00001675  CANBitTimingSet               
000016c7  __aeabi_idiv0                 
000016c7  __aeabi_ldiv0                 
000016c9  Can_Mcu_Init                  
00001719  InitConsole                   
00001769  SysCtlPeripheralReset         
000017b9  GPIOPinConfigure              
00001801  UARTwrite                     
00001849  __TI_auto_init_nobinit_nopinit
0000188d  CanIf_SetPduMode              
000018cd  __aeabi_uidiv                 
000018cd  __aeabi_uidivmod              
0000190d  CANInit                       
00001947  vApplicationStackOverflowHook 
00001949  SysCtlPeripheralReady         
00001981  IntRegister                   
000019b5  SysCtlPeripheralEnable        
000019e9  _c_int00_noargs               
00001a1d  CanIf_TxConfirmation          
00001a49  Can_GetControllerMode         
00001a75  xPortSysTickHandler           
00001aa1  GPIODirModeSet                
00001af5  LED_Init                      
00001b69  CANIntClear                   
00001b8b  CANIntStatus                  
00001bad  CanIf_Init                    
00001bcd  uxListRemove                  
00001bed  UARTprintf                    
00001c07  CANIntRegister                
00001c1f  GPIOPinTypeGPIOOutput         
00001c37  vListInsertEnd                
00001c4f  GPIOPinTypeCAN                
00001c61  GPIOPinTypeUART               
00001c73  __TI_decompress_none          
00001c81  SimpleDelay                   
00001c8d  __TI_zero_init                
00001c99  CANDisable                    
00001ca3  CANEnable                     
00001cad  CANIntDisable                 
00001cb7  CANIntEnable                  
00001cbf  Can0_InterruptHandler         
00001cc5  Can1_InterruptHandler         
00001ccb  ResetISR                      
00001cd1  SysCtlDelay                   
00001cd7  UARTClockSourceSet            
00001cdd  _system_pre_init              
00001ce1  C$$EXIT                       
00001ce1  abort                         
00001e50  CanControllerBaudrateConfig   
00001f24  ulMaxSyscallInterruptPriority 
00001fac  __TI_Handler_Table_Base       
00001fb8  __TI_Handler_Table_Limit      
00001fc8  __TI_CINIT_Base               
00001fe0  __TI_CINIT_Limit              
20000000  g_pfnRAMVectors               
2000026c  CanHardwareObject             
200004c4  CanIfTxPduCfg                 
20000504  CanIfRxPduCfg                 
20000540  pxCurrentTCB                  
20000570  CanController                 
20000590  CanIfHrhCfg                   
2000059c  CanIfHthCfg                   
200007d8  __stack                       
200009d8  __STACK_END                   
200009d8  __STACK_TOP                   
ffffffff  __TI_pprof_out_hndl           
ffffffff  __TI_prof_data_size           
ffffffff  __TI_prof_data_start          
ffffffff  __binit__                     
ffffffff  __c_args__                    
ffffffff  binit                         
UNDEFED   __mpu_init                    
UNDEFED   _system_post_cinit            

[111 symbols]
